[05/10 05:09:19] start training!
[05/10 05:09:48] 
[05/10 05:09:48] epoch 1/1, iter 400:
[05/10 05:09:48] train_loss: 2.37437
[05/10 05:09:48] train_acc: 0.505
[05/10 05:09:48] train_auroc: 0.604
[05/10 05:09:54] Summary name val_6-way-5-shot_tpr@tnr95 is illegal; using val_6-way-5-shot_tpr_tnr95 instead.
[05/10 05:09:54] val_6-way-5-shot_acc: 43.394	0.716
[05/10 05:09:54] val_6-way-5-shot_auroc: 50.363	1.486
[05/10 05:09:54] val_6-way-5-shot_fscore: 33.860	0.604
[05/10 05:09:54] val_6-way-5-shot_tpr@tnr95: 3.967	0.802
[05/10 05:09:54] val_6-way-5-shot_osr: 49.761	0.401
[05/10 05:09:54] BEST ACC!
[05/10 05:09:54] BEST Auroc!
[05/10 05:09:54] BEST Fscore!
[05/10 05:09:54] BEST OSR Score!
[05/10 05:09:54] training finished!
[05/10 05:09:54] ------------------------
[05/10 05:09:54] the best epoch is 1/1
[05/10 05:09:54] the best 6-way 5-shot val acc is 43.394
[05/10 05:11:01] start training!
[05/10 05:11:30] 
[05/10 05:11:30] epoch 1/1, iter 400:
[05/10 05:11:30] train_loss: 2.37296
[05/10 05:11:30] train_acc: 0.511
[05/10 05:11:30] train_auroc: 0.603
[05/10 05:11:36] Summary name val_6-way-5-shot_tpr@tnr95 is illegal; using val_6-way-5-shot_tpr_tnr95 instead.
[05/10 05:11:36] val_6-way-5-shot_acc: 43.444	0.690
[05/10 05:11:36] val_6-way-5-shot_auroc: 48.601	1.177
[05/10 05:11:36] val_6-way-5-shot_fscore: 41.901	0.734
[05/10 05:11:36] val_6-way-5-shot_tpr@tnr95: 3.850	0.569
[05/10 05:11:36] val_6-way-5-shot_osr: 49.703	0.284
[05/10 05:11:36] BEST ACC!
[05/10 05:11:36] BEST Auroc!
[05/10 05:11:36] BEST Fscore!
[05/10 05:11:36] BEST OSR Score!
[05/10 05:11:36] training finished!
[05/10 05:11:36] ------------------------
[05/10 05:11:36] the best epoch is 1/1
[05/10 05:11:36] the best 6-way 5-shot val acc is 43.444
