[05/09 05:04:22] start training!
[05/09 05:04:49] 
[05/09 05:04:49] epoch 1/80, iter 400:
[05/09 05:04:49] train_loss: 2.25326
[05/09 05:04:49] train_acc: 0.596
[05/09 05:04:49] train_auroc: 0.639
[05/09 05:04:55] Summary name val_6-way-5-shot_tpr@tnr95 is illegal; using val_6-way-5-shot_tpr_tnr95 instead.
[05/09 05:04:55] val_6-way-5-shot_acc: 39.489	0.714
[05/09 05:04:55] val_6-way-5-shot_auroc: 51.267	0.896
[05/09 05:04:55] val_6-way-5-shot_fscore: 48.694	0.764
[05/09 05:04:55] val_6-way-5-shot_tpr@tnr95: 6.175	0.633
[05/09 05:04:55] val_6-way-5-shot_osr: 50.865	0.317
[05/09 05:04:55] BEST ACC!
[05/09 05:04:55] BEST Auroc!
[05/09 05:04:55] BEST Fscore!
[05/09 05:04:56] BEST OSR Score!
[05/09 05:05:22] 
[05/09 05:05:22] epoch 2/80, iter 800:
[05/09 05:05:22] train_loss: 1.67921
[05/09 05:05:22] train_acc: 0.779
[05/09 05:05:22] train_auroc: 0.739
[05/09 05:05:28] Summary name val_6-way-5-shot_tpr@tnr95 is illegal; using val_6-way-5-shot_tpr_tnr95 instead.
[05/09 05:05:28] val_6-way-5-shot_acc: 42.183	0.810
[05/09 05:05:28] val_6-way-5-shot_auroc: 47.289	0.945
[05/09 05:05:28] val_6-way-5-shot_fscore: 46.229	0.769
[05/09 05:05:28] val_6-way-5-shot_tpr@tnr95: 4.167	0.545
[05/09 05:05:28] val_6-way-5-shot_osr: 49.861	0.272
[05/09 05:05:28] BEST ACC!
[05/09 05:05:55] 
[05/09 05:05:55] epoch 3/80, iter 1200:
[05/09 05:05:55] train_loss: 1.34340
[05/09 05:05:55] train_acc: 0.913
[05/09 05:05:55] train_auroc: 0.846
[05/09 05:06:00] Summary name val_6-way-5-shot_tpr@tnr95 is illegal; using val_6-way-5-shot_tpr_tnr95 instead.
[05/09 05:06:00] val_6-way-5-shot_acc: 42.094	0.795
[05/09 05:06:00] val_6-way-5-shot_auroc: 45.924	0.965
[05/09 05:06:00] val_6-way-5-shot_fscore: 45.145	0.772
[05/09 05:06:00] val_6-way-5-shot_tpr@tnr95: 4.158	0.531
[05/09 05:06:00] val_6-way-5-shot_osr: 49.857	0.266
[05/09 05:06:27] 
[05/09 05:06:27] epoch 4/80, iter 1600:
[05/09 05:06:27] train_loss: 1.09711
[05/09 05:06:27] train_acc: 0.977
[05/09 05:06:27] train_auroc: 0.931
[05/09 05:06:32] Summary name val_6-way-5-shot_tpr@tnr95 is illegal; using val_6-way-5-shot_tpr_tnr95 instead.
[05/09 05:06:32] val_6-way-5-shot_acc: 41.500	0.802
[05/09 05:06:32] val_6-way-5-shot_auroc: 44.824	1.011
[05/09 05:06:32] val_6-way-5-shot_fscore: 44.404	0.776
[05/09 05:06:32] val_6-way-5-shot_tpr@tnr95: 4.442	0.539
[05/09 05:06:32] val_6-way-5-shot_osr: 49.999	0.269
[05/09 05:06:59] 
[05/09 05:06:59] epoch 5/80, iter 2000:
[05/09 05:06:59] train_loss: 0.94458
[05/09 05:06:59] train_acc: 0.994
[05/09 05:06:59] train_auroc: 0.973
[05/09 05:07:04] Summary name val_6-way-5-shot_tpr@tnr95 is illegal; using val_6-way-5-shot_tpr_tnr95 instead.
[05/09 05:07:04] val_6-way-5-shot_acc: 40.539	0.816
[05/09 05:07:04] val_6-way-5-shot_auroc: 43.803	1.010
[05/09 05:07:04] val_6-way-5-shot_fscore: 43.832	0.792
[05/09 05:07:04] val_6-way-5-shot_tpr@tnr95: 3.992	0.482
[05/09 05:07:04] val_6-way-5-shot_osr: 49.774	0.241
[05/09 05:07:31] 
[05/09 05:07:31] epoch 6/80, iter 2400:
[05/09 05:07:31] train_loss: 0.84794
[05/09 05:07:31] train_acc: 0.999
[05/09 05:07:31] train_auroc: 0.989
[05/09 05:07:36] Summary name val_6-way-5-shot_tpr@tnr95 is illegal; using val_6-way-5-shot_tpr_tnr95 instead.
[05/09 05:07:36] val_6-way-5-shot_acc: 39.739	0.810
[05/09 05:07:36] val_6-way-5-shot_auroc: 43.584	1.044
[05/09 05:07:36] val_6-way-5-shot_fscore: 43.751	0.788
[05/09 05:07:36] val_6-way-5-shot_tpr@tnr95: 4.108	0.486
[05/09 05:07:36] val_6-way-5-shot_osr: 49.832	0.243
[05/09 05:08:04] 
[05/09 05:08:04] epoch 7/80, iter 2800:
[05/09 05:08:04] train_loss: 0.77919
[05/09 05:08:04] train_acc: 1.000
[05/09 05:08:04] train_auroc: 0.995
[05/09 05:08:09] Summary name val_6-way-5-shot_tpr@tnr95 is illegal; using val_6-way-5-shot_tpr_tnr95 instead.
[05/09 05:08:09] val_6-way-5-shot_acc: 38.767	0.831
[05/09 05:08:09] val_6-way-5-shot_auroc: 43.566	1.109
[05/09 05:08:09] val_6-way-5-shot_fscore: 43.805	0.833
[05/09 05:08:09] val_6-way-5-shot_tpr@tnr95: 4.292	0.461
[05/09 05:08:09] val_6-way-5-shot_osr: 49.924	0.230
[05/09 05:08:36] 
[05/09 05:08:36] epoch 8/80, iter 3200:
[05/09 05:08:36] train_loss: 0.72500
[05/09 05:08:36] train_acc: 1.000
[05/09 05:08:36] train_auroc: 0.996
[05/09 05:08:41] Summary name val_6-way-5-shot_tpr@tnr95 is illegal; using val_6-way-5-shot_tpr_tnr95 instead.
[05/09 05:08:41] val_6-way-5-shot_acc: 38.722	0.821
[05/09 05:08:41] val_6-way-5-shot_auroc: 43.482	1.164
[05/09 05:08:41] val_6-way-5-shot_fscore: 43.899	0.849
[05/09 05:08:41] val_6-way-5-shot_tpr@tnr95: 4.292	0.454
[05/09 05:08:41] val_6-way-5-shot_osr: 49.924	0.227
[05/09 05:09:09] 
[05/09 05:09:09] epoch 9/80, iter 3600:
[05/09 05:09:09] train_loss: 0.67772
[05/09 05:09:09] train_acc: 1.000
[05/09 05:09:09] train_auroc: 0.996
[05/09 05:09:14] Summary name val_6-way-5-shot_tpr@tnr95 is illegal; using val_6-way-5-shot_tpr_tnr95 instead.
[05/09 05:09:14] val_6-way-5-shot_acc: 37.756	0.806
[05/09 05:09:14] val_6-way-5-shot_auroc: 43.687	1.244
[05/09 05:09:14] val_6-way-5-shot_fscore: 43.953	0.926
[05/09 05:09:14] val_6-way-5-shot_tpr@tnr95: 4.833	0.520
[05/09 05:09:14] val_6-way-5-shot_osr: 50.194	0.260
[05/09 05:09:41] 
[05/09 05:09:41] epoch 10/80, iter 4000:
[05/09 05:09:41] train_loss: 0.63305
[05/09 05:09:41] train_acc: 1.000
[05/09 05:09:41] train_auroc: 0.995
[05/09 05:09:46] Summary name val_6-way-5-shot_tpr@tnr95 is illegal; using val_6-way-5-shot_tpr_tnr95 instead.
[05/09 05:09:46] val_6-way-5-shot_acc: 37.072	0.838
[05/09 05:09:46] val_6-way-5-shot_auroc: 44.409	1.339
[05/09 05:09:46] val_6-way-5-shot_fscore: 44.418	0.998
[05/09 05:09:46] val_6-way-5-shot_tpr@tnr95: 4.817	0.518
[05/09 05:09:46] val_6-way-5-shot_osr: 50.186	0.259
[05/09 05:10:14] 
[05/09 05:10:14] epoch 11/80, iter 4400:
[05/09 05:10:14] train_loss: 0.60404
[05/09 05:10:14] train_acc: 1.000
[05/09 05:10:14] train_auroc: 0.995
[05/09 05:10:19] Summary name val_6-way-5-shot_tpr@tnr95 is illegal; using val_6-way-5-shot_tpr_tnr95 instead.
[05/09 05:10:19] val_6-way-5-shot_acc: 36.511	0.836
[05/09 05:10:19] val_6-way-5-shot_auroc: 44.989	1.372
[05/09 05:10:19] val_6-way-5-shot_fscore: 45.091	1.025
[05/09 05:10:19] val_6-way-5-shot_tpr@tnr95: 4.783	0.541
[05/09 05:10:19] val_6-way-5-shot_osr: 50.169	0.270
[05/09 05:10:46] 
[05/09 05:10:46] epoch 12/80, iter 4800:
[05/09 05:10:46] train_loss: 0.59874
[05/09 05:10:46] train_acc: 1.000
[05/09 05:10:46] train_auroc: 0.995
[05/09 05:10:52] Summary name val_6-way-5-shot_tpr@tnr95 is illegal; using val_6-way-5-shot_tpr_tnr95 instead.
[05/09 05:10:52] val_6-way-5-shot_acc: 36.294	0.844
[05/09 05:10:52] val_6-way-5-shot_auroc: 45.131	1.383
[05/09 05:10:52] val_6-way-5-shot_fscore: 45.246	1.018
[05/09 05:10:52] val_6-way-5-shot_tpr@tnr95: 4.883	0.547
[05/09 05:10:52] val_6-way-5-shot_osr: 50.219	0.273
[05/09 05:11:18] 
[05/09 05:11:18] epoch 13/80, iter 5200:
[05/09 05:11:18] train_loss: 0.59408
[05/09 05:11:18] train_acc: 1.000
[05/09 05:11:18] train_auroc: 0.994
[05/09 05:11:24] Summary name val_6-way-5-shot_tpr@tnr95 is illegal; using val_6-way-5-shot_tpr_tnr95 instead.
[05/09 05:11:24] val_6-way-5-shot_acc: 36.206	0.845
[05/09 05:11:24] val_6-way-5-shot_auroc: 45.176	1.390
[05/09 05:11:24] val_6-way-5-shot_fscore: 45.313	1.038
[05/09 05:11:24] val_6-way-5-shot_tpr@tnr95: 5.042	0.576
[05/09 05:11:24] val_6-way-5-shot_osr: 50.299	0.288
[05/09 05:11:50] 
[05/09 05:11:50] epoch 14/80, iter 5600:
[05/09 05:11:50] train_loss: 0.58964
[05/09 05:11:50] train_acc: 1.000
[05/09 05:11:50] train_auroc: 0.994
[05/09 05:11:56] Summary name val_6-way-5-shot_tpr@tnr95 is illegal; using val_6-way-5-shot_tpr_tnr95 instead.
[05/09 05:11:56] val_6-way-5-shot_acc: 36.056	0.848
[05/09 05:11:56] val_6-way-5-shot_auroc: 45.222	1.396
[05/09 05:11:56] val_6-way-5-shot_fscore: 45.306	1.047
[05/09 05:11:56] val_6-way-5-shot_tpr@tnr95: 5.042	0.570
[05/09 05:11:56] val_6-way-5-shot_osr: 50.299	0.285
[05/09 05:12:23] 
[05/09 05:12:23] epoch 15/80, iter 6000:
[05/09 05:12:23] train_loss: 0.58530
[05/09 05:12:23] train_acc: 1.000
[05/09 05:12:23] train_auroc: 0.994
[05/09 05:12:28] Summary name val_6-way-5-shot_tpr@tnr95 is illegal; using val_6-way-5-shot_tpr_tnr95 instead.
[05/09 05:12:28] val_6-way-5-shot_acc: 35.911	0.850
[05/09 05:12:28] val_6-way-5-shot_auroc: 45.236	1.403
[05/09 05:12:28] val_6-way-5-shot_fscore: 45.374	1.063
[05/09 05:12:28] val_6-way-5-shot_tpr@tnr95: 4.950	0.556
[05/09 05:12:28] val_6-way-5-shot_osr: 50.253	0.278
[05/09 05:12:55] 
[05/09 05:12:55] epoch 16/80, iter 6400:
[05/09 05:12:55] train_loss: 0.58105
[05/09 05:12:55] train_acc: 1.000
[05/09 05:12:55] train_auroc: 0.994
[05/09 05:13:00] Summary name val_6-way-5-shot_tpr@tnr95 is illegal; using val_6-way-5-shot_tpr_tnr95 instead.
[05/09 05:13:00] val_6-way-5-shot_acc: 35.856	0.841
[05/09 05:13:00] val_6-way-5-shot_auroc: 45.254	1.409
[05/09 05:13:00] val_6-way-5-shot_fscore: 45.407	1.070
[05/09 05:13:00] val_6-way-5-shot_tpr@tnr95: 4.975	0.558
[05/09 05:13:00] val_6-way-5-shot_osr: 50.265	0.279
[05/09 05:13:27] 
[05/09 05:13:27] epoch 17/80, iter 6800:
[05/09 05:13:27] train_loss: 0.57690
[05/09 05:13:27] train_acc: 1.000
[05/09 05:13:27] train_auroc: 0.994
[05/09 05:13:32] Summary name val_6-way-5-shot_tpr@tnr95 is illegal; using val_6-way-5-shot_tpr_tnr95 instead.
[05/09 05:13:32] val_6-way-5-shot_acc: 35.694	0.845
[05/09 05:13:32] val_6-way-5-shot_auroc: 45.294	1.417
[05/09 05:13:32] val_6-way-5-shot_fscore: 45.549	1.079
[05/09 05:13:32] val_6-way-5-shot_tpr@tnr95: 5.067	0.566
[05/09 05:13:32] val_6-way-5-shot_osr: 50.311	0.283
[05/09 05:13:59] 
[05/09 05:13:59] epoch 18/80, iter 7200:
[05/09 05:13:59] train_loss: 0.57285
[05/09 05:13:59] train_acc: 1.000
[05/09 05:13:59] train_auroc: 0.994
[05/09 05:14:05] Summary name val_6-way-5-shot_tpr@tnr95 is illegal; using val_6-way-5-shot_tpr_tnr95 instead.
[05/09 05:14:05] val_6-way-5-shot_acc: 35.717	0.843
[05/09 05:14:05] val_6-way-5-shot_auroc: 45.314	1.423
[05/09 05:14:05] val_6-way-5-shot_fscore: 45.535	1.079
[05/09 05:14:05] val_6-way-5-shot_tpr@tnr95: 5.150	0.588
[05/09 05:14:05] val_6-way-5-shot_osr: 50.353	0.294
[05/09 05:14:32] 
[05/09 05:14:32] epoch 19/80, iter 7600:
[05/09 05:14:32] train_loss: 0.57000
[05/09 05:14:32] train_acc: 1.000
[05/09 05:14:32] train_auroc: 0.994
[05/09 05:14:37] Summary name val_6-way-5-shot_tpr@tnr95 is illegal; using val_6-way-5-shot_tpr_tnr95 instead.
[05/09 05:14:37] val_6-way-5-shot_acc: 35.706	0.857
[05/09 05:14:37] val_6-way-5-shot_auroc: 45.366	1.418
[05/09 05:14:37] val_6-way-5-shot_fscore: 45.569	1.088
[05/09 05:14:37] val_6-way-5-shot_tpr@tnr95: 5.242	0.568
[05/09 05:14:37] val_6-way-5-shot_osr: 50.399	0.284
[05/09 05:15:04] 
[05/09 05:15:04] epoch 20/80, iter 8000:
[05/09 05:15:04] train_loss: 0.56952
[05/09 05:15:04] train_acc: 1.000
[05/09 05:15:04] train_auroc: 0.994
[05/09 05:15:10] Summary name val_6-way-5-shot_tpr@tnr95 is illegal; using val_6-way-5-shot_tpr_tnr95 instead.
[05/09 05:15:10] val_6-way-5-shot_acc: 35.717	0.857
[05/09 05:15:10] val_6-way-5-shot_auroc: 45.376	1.417
[05/09 05:15:10] val_6-way-5-shot_fscore: 45.636	1.082
[05/09 05:15:10] val_6-way-5-shot_tpr@tnr95: 5.225	0.571
[05/09 05:15:10] val_6-way-5-shot_osr: 50.390	0.286
[05/09 05:15:37] 
[05/09 05:15:37] epoch 21/80, iter 8400:
[05/09 05:15:37] train_loss: 0.56915
[05/09 05:15:37] train_acc: 1.000
[05/09 05:15:37] train_auroc: 0.994
[05/09 05:15:42] Summary name val_6-way-5-shot_tpr@tnr95 is illegal; using val_6-way-5-shot_tpr_tnr95 instead.
[05/09 05:15:42] val_6-way-5-shot_acc: 35.722	0.857
[05/09 05:15:42] val_6-way-5-shot_auroc: 45.376	1.417
[05/09 05:15:42] val_6-way-5-shot_fscore: 45.650	1.081
[05/09 05:15:42] val_6-way-5-shot_tpr@tnr95: 5.258	0.569
[05/09 05:15:42] val_6-way-5-shot_osr: 50.407	0.285
[05/09 05:16:09] 
[05/09 05:16:09] epoch 22/80, iter 8800:
[05/09 05:16:09] train_loss: 0.56870
[05/09 05:16:09] train_acc: 1.000
[05/09 05:16:09] train_auroc: 0.994
[05/09 05:16:14] Summary name val_6-way-5-shot_tpr@tnr95 is illegal; using val_6-way-5-shot_tpr_tnr95 instead.
[05/09 05:16:14] val_6-way-5-shot_acc: 35.722	0.857
[05/09 05:16:14] val_6-way-5-shot_auroc: 45.383	1.418
[05/09 05:16:14] val_6-way-5-shot_fscore: 45.677	1.081
[05/09 05:16:14] val_6-way-5-shot_tpr@tnr95: 5.308	0.579
[05/09 05:16:14] val_6-way-5-shot_osr: 50.432	0.290
[05/09 05:16:41] 
[05/09 05:16:41] epoch 23/80, iter 9200:
[05/09 05:16:41] train_loss: 0.56832
[05/09 05:16:41] train_acc: 1.000
[05/09 05:16:41] train_auroc: 0.994
[05/09 05:16:46] Summary name val_6-way-5-shot_tpr@tnr95 is illegal; using val_6-way-5-shot_tpr_tnr95 instead.
[05/09 05:16:46] val_6-way-5-shot_acc: 35.717	0.863
[05/09 05:16:46] val_6-way-5-shot_auroc: 45.389	1.418
[05/09 05:16:46] val_6-way-5-shot_fscore: 45.704	1.081
[05/09 05:16:46] val_6-way-5-shot_tpr@tnr95: 5.350	0.583
[05/09 05:16:46] val_6-way-5-shot_osr: 50.453	0.291
[05/09 05:17:13] 
[05/09 05:17:13] epoch 24/80, iter 9600:
[05/09 05:17:13] train_loss: 0.56795
[05/09 05:17:13] train_acc: 1.000
[05/09 05:17:13] train_auroc: 0.994
[05/09 05:17:18] Summary name val_6-way-5-shot_tpr@tnr95 is illegal; using val_6-way-5-shot_tpr_tnr95 instead.
[05/09 05:17:18] val_6-way-5-shot_acc: 35.700	0.857
[05/09 05:17:18] val_6-way-5-shot_auroc: 45.387	1.418
[05/09 05:17:18] val_6-way-5-shot_fscore: 45.744	1.083
[05/09 05:17:18] val_6-way-5-shot_tpr@tnr95: 5.325	0.580
[05/09 05:17:18] val_6-way-5-shot_osr: 50.440	0.290
[05/09 05:17:46] 
[05/09 05:17:46] epoch 25/80, iter 10000:
[05/09 05:17:46] train_loss: 0.56751
[05/09 05:17:46] train_acc: 1.000
[05/09 05:17:46] train_auroc: 0.994
[05/09 05:17:51] Summary name val_6-way-5-shot_tpr@tnr95 is illegal; using val_6-way-5-shot_tpr_tnr95 instead.
[05/09 05:17:51] val_6-way-5-shot_acc: 35.717	0.863
[05/09 05:17:51] val_6-way-5-shot_auroc: 45.394	1.419
[05/09 05:17:51] val_6-way-5-shot_fscore: 45.737	1.081
[05/09 05:17:51] val_6-way-5-shot_tpr@tnr95: 5.350	0.583
[05/09 05:17:51] val_6-way-5-shot_osr: 50.453	0.292
[05/09 05:18:18] 
[05/09 05:18:18] epoch 26/80, iter 10400:
[05/09 05:18:18] train_loss: 0.56715
[05/09 05:18:18] train_acc: 1.000
[05/09 05:18:18] train_auroc: 0.994
[05/09 05:18:23] Summary name val_6-way-5-shot_tpr@tnr95 is illegal; using val_6-way-5-shot_tpr_tnr95 instead.
[05/09 05:18:23] val_6-way-5-shot_acc: 35.722	0.858
[05/09 05:18:23] val_6-way-5-shot_auroc: 45.393	1.419
[05/09 05:18:23] val_6-way-5-shot_fscore: 45.737	1.084
[05/09 05:18:23] val_6-way-5-shot_tpr@tnr95: 5.350	0.584
[05/09 05:18:23] val_6-way-5-shot_osr: 50.453	0.292
[05/09 05:18:50] 
[05/09 05:18:50] epoch 27/80, iter 10800:
[05/09 05:18:50] train_loss: 0.56674
[05/09 05:18:50] train_acc: 1.000
[05/09 05:18:50] train_auroc: 0.994
[05/09 05:18:55] Summary name val_6-way-5-shot_tpr@tnr95 is illegal; using val_6-way-5-shot_tpr_tnr95 instead.
[05/09 05:18:55] val_6-way-5-shot_acc: 35.711	0.857
[05/09 05:18:55] val_6-way-5-shot_auroc: 45.403	1.419
[05/09 05:18:55] val_6-way-5-shot_fscore: 45.744	1.078
[05/09 05:18:55] val_6-way-5-shot_tpr@tnr95: 5.383	0.592
[05/09 05:18:55] val_6-way-5-shot_osr: 50.469	0.296
[05/09 05:19:22] 
[05/09 05:19:22] epoch 28/80, iter 11200:
[05/09 05:19:22] train_loss: 0.56635
[05/09 05:19:22] train_acc: 1.000
[05/09 05:19:22] train_auroc: 0.994
[05/09 05:19:27] Summary name val_6-way-5-shot_tpr@tnr95 is illegal; using val_6-way-5-shot_tpr_tnr95 instead.
[05/09 05:19:27] val_6-way-5-shot_acc: 35.706	0.854
[05/09 05:19:27] val_6-way-5-shot_auroc: 45.407	1.418
[05/09 05:19:27] val_6-way-5-shot_fscore: 45.710	1.081
[05/09 05:19:27] val_6-way-5-shot_tpr@tnr95: 5.358	0.590
[05/09 05:19:27] val_6-way-5-shot_osr: 50.457	0.295
[05/09 05:19:54] 
[05/09 05:19:54] epoch 29/80, iter 11600:
[05/09 05:19:54] train_loss: 0.56597
[05/09 05:19:54] train_acc: 1.000
[05/09 05:19:54] train_auroc: 0.994
[05/09 05:19:59] Summary name val_6-way-5-shot_tpr@tnr95 is illegal; using val_6-way-5-shot_tpr_tnr95 instead.
[05/09 05:19:59] val_6-way-5-shot_acc: 35.644	0.856
[05/09 05:19:59] val_6-way-5-shot_auroc: 45.415	1.419
[05/09 05:19:59] val_6-way-5-shot_fscore: 45.697	1.082
[05/09 05:19:59] val_6-way-5-shot_tpr@tnr95: 5.392	0.594
[05/09 05:19:59] val_6-way-5-shot_osr: 50.474	0.297
[05/09 05:20:27] 
[05/09 05:20:27] epoch 30/80, iter 12000:
[05/09 05:20:27] train_loss: 0.56559
[05/09 05:20:27] train_acc: 1.000
[05/09 05:20:27] train_auroc: 0.994
[05/09 05:20:32] Summary name val_6-way-5-shot_tpr@tnr95 is illegal; using val_6-way-5-shot_tpr_tnr95 instead.
[05/09 05:20:32] val_6-way-5-shot_acc: 35.661	0.858
[05/09 05:20:32] val_6-way-5-shot_auroc: 45.424	1.420
[05/09 05:20:32] val_6-way-5-shot_fscore: 45.663	1.076
[05/09 05:20:32] val_6-way-5-shot_tpr@tnr95: 5.400	0.598
[05/09 05:20:32] val_6-way-5-shot_osr: 50.478	0.299
[05/09 05:20:59] 
[05/09 05:20:59] epoch 31/80, iter 12400:
[05/09 05:20:59] train_loss: 0.56518
[05/09 05:20:59] train_acc: 1.000
[05/09 05:20:59] train_auroc: 0.994
[05/09 05:21:05] Summary name val_6-way-5-shot_tpr@tnr95 is illegal; using val_6-way-5-shot_tpr_tnr95 instead.
[05/09 05:21:05] val_6-way-5-shot_acc: 35.639	0.854
[05/09 05:21:05] val_6-way-5-shot_auroc: 45.424	1.421
[05/09 05:21:05] val_6-way-5-shot_fscore: 45.697	1.077
[05/09 05:21:05] val_6-way-5-shot_tpr@tnr95: 5.392	0.585
[05/09 05:21:05] val_6-way-5-shot_osr: 50.474	0.292
[05/09 05:21:32] 
[05/09 05:21:32] epoch 32/80, iter 12800:
[05/09 05:21:32] train_loss: 0.56484
[05/09 05:21:32] train_acc: 1.000
[05/09 05:21:32] train_auroc: 0.994
[05/09 05:21:37] Summary name val_6-way-5-shot_tpr@tnr95 is illegal; using val_6-way-5-shot_tpr_tnr95 instead.
[05/09 05:21:37] val_6-way-5-shot_acc: 35.644	0.858
[05/09 05:21:37] val_6-way-5-shot_auroc: 45.430	1.419
[05/09 05:21:37] val_6-way-5-shot_fscore: 45.657	1.078
[05/09 05:21:37] val_6-way-5-shot_tpr@tnr95: 5.367	0.590
[05/09 05:21:37] val_6-way-5-shot_osr: 50.461	0.295
[05/09 05:22:04] 
[05/09 05:22:04] epoch 33/80, iter 13200:
[05/09 05:22:04] train_loss: 0.56444
[05/09 05:22:04] train_acc: 1.000
[05/09 05:22:04] train_auroc: 0.994
[05/09 05:22:10] Summary name val_6-way-5-shot_tpr@tnr95 is illegal; using val_6-way-5-shot_tpr_tnr95 instead.
[05/09 05:22:10] val_6-way-5-shot_acc: 35.611	0.857
[05/09 05:22:10] val_6-way-5-shot_auroc: 45.420	1.420
[05/09 05:22:10] val_6-way-5-shot_fscore: 45.697	1.070
[05/09 05:22:10] val_6-way-5-shot_tpr@tnr95: 5.375	0.585
[05/09 05:22:10] val_6-way-5-shot_osr: 50.465	0.292
[05/09 05:22:38] 
[05/09 05:22:38] epoch 34/80, iter 13600:
[05/09 05:22:38] train_loss: 0.56403
[05/09 05:22:38] train_acc: 1.000
[05/09 05:22:38] train_auroc: 0.994
[05/09 05:22:43] Summary name val_6-way-5-shot_tpr@tnr95 is illegal; using val_6-way-5-shot_tpr_tnr95 instead.
[05/09 05:22:43] val_6-way-5-shot_acc: 35.606	0.860
[05/09 05:22:43] val_6-way-5-shot_auroc: 45.431	1.421
[05/09 05:22:43] val_6-way-5-shot_fscore: 45.663	1.078
[05/09 05:22:43] val_6-way-5-shot_tpr@tnr95: 5.425	0.590
[05/09 05:22:43] val_6-way-5-shot_osr: 50.490	0.295
[05/09 05:23:11] 
[05/09 05:23:11] epoch 35/80, iter 14000:
[05/09 05:23:11] train_loss: 0.56364
[05/09 05:23:11] train_acc: 1.000
[05/09 05:23:11] train_auroc: 0.994
[05/09 05:23:16] Summary name val_6-way-5-shot_tpr@tnr95 is illegal; using val_6-way-5-shot_tpr_tnr95 instead.
[05/09 05:23:16] val_6-way-5-shot_acc: 35.583	0.858
[05/09 05:23:16] val_6-way-5-shot_auroc: 45.429	1.422
[05/09 05:23:16] val_6-way-5-shot_fscore: 45.690	1.078
[05/09 05:23:16] val_6-way-5-shot_tpr@tnr95: 5.383	0.582
[05/09 05:23:16] val_6-way-5-shot_osr: 50.469	0.291
[05/09 05:23:42] 
[05/09 05:23:42] epoch 36/80, iter 14400:
[05/09 05:23:42] train_loss: 0.56325
[05/09 05:23:42] train_acc: 1.000
[05/09 05:23:42] train_auroc: 0.994
[05/09 05:23:48] Summary name val_6-way-5-shot_tpr@tnr95 is illegal; using val_6-way-5-shot_tpr_tnr95 instead.
[05/09 05:23:48] val_6-way-5-shot_acc: 35.600	0.855
[05/09 05:23:48] val_6-way-5-shot_auroc: 45.426	1.422
[05/09 05:23:48] val_6-way-5-shot_fscore: 45.710	1.078
[05/09 05:23:48] val_6-way-5-shot_tpr@tnr95: 5.417	0.582
[05/09 05:23:48] val_6-way-5-shot_osr: 50.486	0.291
[05/09 05:24:14] 
[05/09 05:24:14] epoch 37/80, iter 14800:
[05/09 05:24:14] train_loss: 0.56286
[05/09 05:24:14] train_acc: 1.000
[05/09 05:24:14] train_auroc: 0.994
[05/09 05:24:20] Summary name val_6-way-5-shot_tpr@tnr95 is illegal; using val_6-way-5-shot_tpr_tnr95 instead.
[05/09 05:24:20] val_6-way-5-shot_acc: 35.550	0.852
[05/09 05:24:20] val_6-way-5-shot_auroc: 45.435	1.423
[05/09 05:24:20] val_6-way-5-shot_fscore: 45.717	1.076
[05/09 05:24:20] val_6-way-5-shot_tpr@tnr95: 5.392	0.576
[05/09 05:24:20] val_6-way-5-shot_osr: 50.474	0.288
[05/09 05:24:47] 
[05/09 05:24:47] epoch 38/80, iter 15200:
[05/09 05:24:47] train_loss: 0.56247
[05/09 05:24:47] train_acc: 1.000
[05/09 05:24:47] train_auroc: 0.994
[05/09 05:24:53] Summary name val_6-way-5-shot_tpr@tnr95 is illegal; using val_6-way-5-shot_tpr_tnr95 instead.
[05/09 05:24:53] val_6-way-5-shot_acc: 35.572	0.851
[05/09 05:24:53] val_6-way-5-shot_auroc: 45.425	1.422
[05/09 05:24:53] val_6-way-5-shot_fscore: 45.697	1.075
[05/09 05:24:53] val_6-way-5-shot_tpr@tnr95: 5.392	0.579
[05/09 05:24:53] val_6-way-5-shot_osr: 50.474	0.290
[05/09 05:25:20] 
[05/09 05:25:20] epoch 39/80, iter 15600:
[05/09 05:25:20] train_loss: 0.56212
[05/09 05:25:20] train_acc: 1.000
[05/09 05:25:20] train_auroc: 0.994
[05/09 05:25:25] Summary name val_6-way-5-shot_tpr@tnr95 is illegal; using val_6-way-5-shot_tpr_tnr95 instead.
[05/09 05:25:25] val_6-way-5-shot_acc: 35.539	0.851
[05/09 05:25:25] val_6-way-5-shot_auroc: 45.434	1.423
[05/09 05:25:25] val_6-way-5-shot_fscore: 45.697	1.083
[05/09 05:25:25] val_6-way-5-shot_tpr@tnr95: 5.400	0.581
[05/09 05:25:25] val_6-way-5-shot_osr: 50.478	0.291
[05/09 05:25:53] 
[05/09 05:25:53] epoch 40/80, iter 16000:
[05/09 05:25:53] train_loss: 0.56173
[05/09 05:25:53] train_acc: 1.000
[05/09 05:25:53] train_auroc: 0.994
[05/09 05:25:58] Summary name val_6-way-5-shot_tpr@tnr95 is illegal; using val_6-way-5-shot_tpr_tnr95 instead.
[05/09 05:25:58] val_6-way-5-shot_acc: 35.533	0.843
[05/09 05:25:58] val_6-way-5-shot_auroc: 45.433	1.424
[05/09 05:25:58] val_6-way-5-shot_fscore: 45.690	1.080
[05/09 05:25:58] val_6-way-5-shot_tpr@tnr95: 5.383	0.581
[05/09 05:25:58] val_6-way-5-shot_osr: 50.469	0.291
[05/09 05:26:25] 
[05/09 05:26:25] epoch 41/80, iter 16400:
[05/09 05:26:25] train_loss: 0.56136
[05/09 05:26:25] train_acc: 1.000
[05/09 05:26:25] train_auroc: 0.994
[05/09 05:26:30] Summary name val_6-way-5-shot_tpr@tnr95 is illegal; using val_6-way-5-shot_tpr_tnr95 instead.
[05/09 05:26:30] val_6-way-5-shot_acc: 35.533	0.847
[05/09 05:26:30] val_6-way-5-shot_auroc: 45.432	1.424
[05/09 05:26:30] val_6-way-5-shot_fscore: 45.697	1.076
[05/09 05:26:30] val_6-way-5-shot_tpr@tnr95: 5.400	0.581
[05/09 05:26:30] val_6-way-5-shot_osr: 50.478	0.290
[05/09 05:26:57] 
[05/09 05:26:57] epoch 42/80, iter 16800:
[05/09 05:26:57] train_loss: 0.56098
[05/09 05:26:57] train_acc: 1.000
[05/09 05:26:57] train_auroc: 0.994
[05/09 05:27:02] Summary name val_6-way-5-shot_tpr@tnr95 is illegal; using val_6-way-5-shot_tpr_tnr95 instead.
[05/09 05:27:02] val_6-way-5-shot_acc: 35.506	0.842
[05/09 05:27:02] val_6-way-5-shot_auroc: 45.436	1.425
[05/09 05:27:02] val_6-way-5-shot_fscore: 45.717	1.079
[05/09 05:27:02] val_6-way-5-shot_tpr@tnr95: 5.375	0.579
[05/09 05:27:02] val_6-way-5-shot_osr: 50.465	0.289
[05/09 05:27:29] 
[05/09 05:27:29] epoch 43/80, iter 17200:
[05/09 05:27:29] train_loss: 0.56058
[05/09 05:27:29] train_acc: 1.000
[05/09 05:27:29] train_auroc: 0.994
[05/09 05:27:34] Summary name val_6-way-5-shot_tpr@tnr95 is illegal; using val_6-way-5-shot_tpr_tnr95 instead.
[05/09 05:27:34] val_6-way-5-shot_acc: 35.483	0.845
[05/09 05:27:34] val_6-way-5-shot_auroc: 45.438	1.425
[05/09 05:27:34] val_6-way-5-shot_fscore: 45.744	1.080
[05/09 05:27:34] val_6-way-5-shot_tpr@tnr95: 5.375	0.578
[05/09 05:27:34] val_6-way-5-shot_osr: 50.465	0.289
[05/09 05:28:01] 
[05/09 05:28:01] epoch 44/80, iter 17600:
[05/09 05:28:01] train_loss: 0.56021
[05/09 05:28:01] train_acc: 1.000
[05/09 05:28:01] train_auroc: 0.994
[05/09 05:28:06] Summary name val_6-way-5-shot_tpr@tnr95 is illegal; using val_6-way-5-shot_tpr_tnr95 instead.
[05/09 05:28:06] val_6-way-5-shot_acc: 35.472	0.843
[05/09 05:28:06] val_6-way-5-shot_auroc: 45.444	1.426
[05/09 05:28:06] val_6-way-5-shot_fscore: 45.778	1.079
[05/09 05:28:06] val_6-way-5-shot_tpr@tnr95: 5.325	0.580
[05/09 05:28:06] val_6-way-5-shot_osr: 50.440	0.290
[05/09 05:28:33] 
[05/09 05:28:33] epoch 45/80, iter 18000:
[05/09 05:28:33] train_loss: 0.55985
[05/09 05:28:33] train_acc: 1.000
[05/09 05:28:33] train_auroc: 0.994
[05/09 05:28:38] Summary name val_6-way-5-shot_tpr@tnr95 is illegal; using val_6-way-5-shot_tpr_tnr95 instead.
[05/09 05:28:38] val_6-way-5-shot_acc: 35.494	0.842
[05/09 05:28:38] val_6-way-5-shot_auroc: 45.443	1.427
[05/09 05:28:38] val_6-way-5-shot_fscore: 45.731	1.081
[05/09 05:28:38] val_6-way-5-shot_tpr@tnr95: 5.342	0.576
[05/09 05:28:38] val_6-way-5-shot_osr: 50.449	0.288
[05/09 05:29:05] 
[05/09 05:29:05] epoch 46/80, iter 18400:
[05/09 05:29:05] train_loss: 0.55945
[05/09 05:29:05] train_acc: 1.000
[05/09 05:29:05] train_auroc: 0.994
[05/09 05:29:11] Summary name val_6-way-5-shot_tpr@tnr95 is illegal; using val_6-way-5-shot_tpr_tnr95 instead.
[05/09 05:29:11] val_6-way-5-shot_acc: 35.456	0.840
[05/09 05:29:11] val_6-way-5-shot_auroc: 45.453	1.428
[05/09 05:29:11] val_6-way-5-shot_fscore: 45.731	1.083
[05/09 05:29:11] val_6-way-5-shot_tpr@tnr95: 5.375	0.584
[05/09 05:29:11] val_6-way-5-shot_osr: 50.465	0.292
[05/09 05:29:38] 
[05/09 05:29:38] epoch 47/80, iter 18800:
[05/09 05:29:38] train_loss: 0.55908
[05/09 05:29:38] train_acc: 1.000
[05/09 05:29:38] train_auroc: 0.994
[05/09 05:29:43] Summary name val_6-way-5-shot_tpr@tnr95 is illegal; using val_6-way-5-shot_tpr_tnr95 instead.
[05/09 05:29:43] val_6-way-5-shot_acc: 35.483	0.840
[05/09 05:29:43] val_6-way-5-shot_auroc: 45.453	1.427
[05/09 05:29:43] val_6-way-5-shot_fscore: 45.731	1.078
[05/09 05:29:43] val_6-way-5-shot_tpr@tnr95: 5.375	0.584
[05/09 05:29:43] val_6-way-5-shot_osr: 50.465	0.292
[05/09 05:30:10] 
[05/09 05:30:10] epoch 48/80, iter 19200:
[05/09 05:30:10] train_loss: 0.55875
[05/09 05:30:10] train_acc: 1.000
[05/09 05:30:10] train_auroc: 0.994
[05/09 05:30:16] Summary name val_6-way-5-shot_tpr@tnr95 is illegal; using val_6-way-5-shot_tpr_tnr95 instead.
[05/09 05:30:16] val_6-way-5-shot_acc: 35.511	0.837
[05/09 05:30:16] val_6-way-5-shot_auroc: 45.449	1.427
[05/09 05:30:16] val_6-way-5-shot_fscore: 45.744	1.080
[05/09 05:30:16] val_6-way-5-shot_tpr@tnr95: 5.383	0.584
[05/09 05:30:16] val_6-way-5-shot_osr: 50.469	0.292
[05/09 05:30:43] 
[05/09 05:30:43] epoch 49/80, iter 19600:
[05/09 05:30:43] train_loss: 0.55833
[05/09 05:30:43] train_acc: 1.000
[05/09 05:30:43] train_auroc: 0.994
[05/09 05:30:48] Summary name val_6-way-5-shot_tpr@tnr95 is illegal; using val_6-way-5-shot_tpr_tnr95 instead.
[05/09 05:30:48] val_6-way-5-shot_acc: 35.467	0.838
[05/09 05:30:48] val_6-way-5-shot_auroc: 45.448	1.427
[05/09 05:30:48] val_6-way-5-shot_fscore: 45.731	1.081
[05/09 05:30:48] val_6-way-5-shot_tpr@tnr95: 5.383	0.588
[05/09 05:30:48] val_6-way-5-shot_osr: 50.469	0.294
[05/09 05:31:15] 
[05/09 05:31:15] epoch 50/80, iter 20000:
[05/09 05:31:15] train_loss: 0.55798
[05/09 05:31:15] train_acc: 1.000
[05/09 05:31:15] train_auroc: 0.994
[05/09 05:31:20] Summary name val_6-way-5-shot_tpr@tnr95 is illegal; using val_6-way-5-shot_tpr_tnr95 instead.
[05/09 05:31:20] val_6-way-5-shot_acc: 35.433	0.840
[05/09 05:31:20] val_6-way-5-shot_auroc: 45.444	1.428
[05/09 05:31:20] val_6-way-5-shot_fscore: 45.710	1.085
[05/09 05:31:20] val_6-way-5-shot_tpr@tnr95: 5.325	0.587
[05/09 05:31:20] val_6-way-5-shot_osr: 50.440	0.294
[05/09 05:31:48] 
[05/09 05:31:48] epoch 51/80, iter 20400:
[05/09 05:31:48] train_loss: 0.55760
[05/09 05:31:48] train_acc: 1.000
[05/09 05:31:48] train_auroc: 0.994
[05/09 05:31:53] Summary name val_6-way-5-shot_tpr@tnr95 is illegal; using val_6-way-5-shot_tpr_tnr95 instead.
[05/09 05:31:53] val_6-way-5-shot_acc: 35.467	0.837
[05/09 05:31:53] val_6-way-5-shot_auroc: 45.447	1.427
[05/09 05:31:53] val_6-way-5-shot_fscore: 45.697	1.084
[05/09 05:31:53] val_6-way-5-shot_tpr@tnr95: 5.325	0.586
[05/09 05:31:53] val_6-way-5-shot_osr: 50.440	0.293
[05/09 05:32:20] 
[05/09 05:32:20] epoch 52/80, iter 20800:
[05/09 05:32:20] train_loss: 0.55723
[05/09 05:32:20] train_acc: 1.000
[05/09 05:32:20] train_auroc: 0.994
[05/09 05:32:26] Summary name val_6-way-5-shot_tpr@tnr95 is illegal; using val_6-way-5-shot_tpr_tnr95 instead.
[05/09 05:32:26] val_6-way-5-shot_acc: 35.450	0.838
[05/09 05:32:26] val_6-way-5-shot_auroc: 45.444	1.428
[05/09 05:32:26] val_6-way-5-shot_fscore: 45.677	1.083
[05/09 05:32:26] val_6-way-5-shot_tpr@tnr95: 5.308	0.591
[05/09 05:32:26] val_6-way-5-shot_osr: 50.432	0.296
[05/09 05:32:53] 
[05/09 05:32:53] epoch 53/80, iter 21200:
[05/09 05:32:53] train_loss: 0.55688
[05/09 05:32:53] train_acc: 1.000
[05/09 05:32:53] train_auroc: 0.994
[05/09 05:32:58] Summary name val_6-way-5-shot_tpr@tnr95 is illegal; using val_6-way-5-shot_tpr_tnr95 instead.
[05/09 05:32:58] val_6-way-5-shot_acc: 35.439	0.833
[05/09 05:32:58] val_6-way-5-shot_auroc: 45.445	1.429
[05/09 05:32:58] val_6-way-5-shot_fscore: 45.670	1.093
[05/09 05:32:58] val_6-way-5-shot_tpr@tnr95: 5.317	0.585
[05/09 05:32:58] val_6-way-5-shot_osr: 50.436	0.292
[05/09 05:33:25] 
[05/09 05:33:25] epoch 54/80, iter 21600:
[05/09 05:33:25] train_loss: 0.55648
[05/09 05:33:25] train_acc: 1.000
[05/09 05:33:25] train_auroc: 0.994
[05/09 05:33:31] Summary name val_6-way-5-shot_tpr@tnr95 is illegal; using val_6-way-5-shot_tpr_tnr95 instead.
[05/09 05:33:31] val_6-way-5-shot_acc: 35.428	0.835
[05/09 05:33:31] val_6-way-5-shot_auroc: 45.445	1.429
[05/09 05:33:31] val_6-way-5-shot_fscore: 45.704	1.085
[05/09 05:33:31] val_6-way-5-shot_tpr@tnr95: 5.350	0.594
[05/09 05:33:31] val_6-way-5-shot_osr: 50.453	0.297
[05/09 05:33:58] 
[05/09 05:33:58] epoch 55/80, iter 22000:
[05/09 05:33:58] train_loss: 0.55612
[05/09 05:33:58] train_acc: 1.000
[05/09 05:33:58] train_auroc: 0.994
[05/09 05:34:03] Summary name val_6-way-5-shot_tpr@tnr95 is illegal; using val_6-way-5-shot_tpr_tnr95 instead.
[05/09 05:34:03] val_6-way-5-shot_acc: 35.400	0.836
[05/09 05:34:03] val_6-way-5-shot_auroc: 45.448	1.430
[05/09 05:34:03] val_6-way-5-shot_fscore: 45.690	1.091
[05/09 05:34:03] val_6-way-5-shot_tpr@tnr95: 5.333	0.593
[05/09 05:34:03] val_6-way-5-shot_osr: 50.444	0.297
[05/09 05:34:31] 
[05/09 05:34:31] epoch 56/80, iter 22400:
[05/09 05:34:31] train_loss: 0.55573
[05/09 05:34:31] train_acc: 1.000
[05/09 05:34:31] train_auroc: 0.994
[05/09 05:34:36] Summary name val_6-way-5-shot_tpr@tnr95 is illegal; using val_6-way-5-shot_tpr_tnr95 instead.
[05/09 05:34:36] val_6-way-5-shot_acc: 35.417	0.838
[05/09 05:34:36] val_6-way-5-shot_auroc: 45.450	1.430
[05/09 05:34:36] val_6-way-5-shot_fscore: 45.697	1.092
[05/09 05:34:36] val_6-way-5-shot_tpr@tnr95: 5.308	0.599
[05/09 05:34:36] val_6-way-5-shot_osr: 50.432	0.300
[05/09 05:35:03] 
[05/09 05:35:03] epoch 57/80, iter 22800:
[05/09 05:35:03] train_loss: 0.55539
[05/09 05:35:03] train_acc: 1.000
[05/09 05:35:03] train_auroc: 0.994
[05/09 05:35:08] Summary name val_6-way-5-shot_tpr@tnr95 is illegal; using val_6-way-5-shot_tpr_tnr95 instead.
[05/09 05:35:08] val_6-way-5-shot_acc: 35.411	0.838
[05/09 05:35:08] val_6-way-5-shot_auroc: 45.452	1.430
[05/09 05:35:08] val_6-way-5-shot_fscore: 45.717	1.093
[05/09 05:35:08] val_6-way-5-shot_tpr@tnr95: 5.358	0.602
[05/09 05:35:08] val_6-way-5-shot_osr: 50.457	0.301
[05/09 05:35:35] 
[05/09 05:35:35] epoch 58/80, iter 23200:
[05/09 05:35:35] train_loss: 0.55501
[05/09 05:35:35] train_acc: 1.000
[05/09 05:35:35] train_auroc: 0.994
[05/09 05:35:41] Summary name val_6-way-5-shot_tpr@tnr95 is illegal; using val_6-way-5-shot_tpr_tnr95 instead.
[05/09 05:35:41] val_6-way-5-shot_acc: 35.372	0.839
[05/09 05:35:41] val_6-way-5-shot_auroc: 45.453	1.431
[05/09 05:35:41] val_6-way-5-shot_fscore: 45.697	1.093
[05/09 05:35:41] val_6-way-5-shot_tpr@tnr95: 5.350	0.600
[05/09 05:35:41] val_6-way-5-shot_osr: 50.453	0.300
[05/09 05:36:08] 
[05/09 05:36:08] epoch 59/80, iter 23600:
[05/09 05:36:08] train_loss: 0.55464
[05/09 05:36:08] train_acc: 1.000
[05/09 05:36:08] train_auroc: 0.994
[05/09 05:36:13] Summary name val_6-way-5-shot_tpr@tnr95 is illegal; using val_6-way-5-shot_tpr_tnr95 instead.
[05/09 05:36:13] val_6-way-5-shot_acc: 35.389	0.842
[05/09 05:36:13] val_6-way-5-shot_auroc: 45.455	1.430
[05/09 05:36:13] val_6-way-5-shot_fscore: 45.684	1.093
[05/09 05:36:13] val_6-way-5-shot_tpr@tnr95: 5.333	0.599
[05/09 05:36:13] val_6-way-5-shot_osr: 50.444	0.299
[05/09 05:36:40] 
[05/09 05:36:40] epoch 60/80, iter 24000:
[05/09 05:36:40] train_loss: 0.55428
[05/09 05:36:40] train_acc: 1.000
[05/09 05:36:40] train_auroc: 0.994
[05/09 05:36:46] Summary name val_6-way-5-shot_tpr@tnr95 is illegal; using val_6-way-5-shot_tpr_tnr95 instead.
[05/09 05:36:46] val_6-way-5-shot_acc: 35.372	0.840
[05/09 05:36:46] val_6-way-5-shot_auroc: 45.457	1.430
[05/09 05:36:46] val_6-way-5-shot_fscore: 45.737	1.092
[05/09 05:36:46] val_6-way-5-shot_tpr@tnr95: 5.325	0.594
[05/09 05:36:46] val_6-way-5-shot_osr: 50.440	0.297
[05/09 05:37:12] 
[05/09 05:37:12] epoch 61/80, iter 24400:
[05/09 05:37:12] train_loss: 0.55389
[05/09 05:37:12] train_acc: 1.000
[05/09 05:37:12] train_auroc: 0.994
[05/09 05:37:17] Summary name val_6-way-5-shot_tpr@tnr95 is illegal; using val_6-way-5-shot_tpr_tnr95 instead.
[05/09 05:37:17] val_6-way-5-shot_acc: 35.361	0.841
[05/09 05:37:17] val_6-way-5-shot_auroc: 45.461	1.431
[05/09 05:37:17] val_6-way-5-shot_fscore: 45.731	1.091
[05/09 05:37:17] val_6-way-5-shot_tpr@tnr95: 5.350	0.597
[05/09 05:37:17] val_6-way-5-shot_osr: 50.453	0.298
[05/09 05:37:44] 
[05/09 05:37:44] epoch 62/80, iter 24800:
[05/09 05:37:44] train_loss: 0.55356
[05/09 05:37:44] train_acc: 1.000
[05/09 05:37:44] train_auroc: 0.994
[05/09 05:37:49] Summary name val_6-way-5-shot_tpr@tnr95 is illegal; using val_6-way-5-shot_tpr_tnr95 instead.
[05/09 05:37:49] val_6-way-5-shot_acc: 35.367	0.844
[05/09 05:37:49] val_6-way-5-shot_auroc: 45.467	1.432
[05/09 05:37:49] val_6-way-5-shot_fscore: 45.724	1.096
[05/09 05:37:49] val_6-way-5-shot_tpr@tnr95: 5.400	0.599
[05/09 05:37:49] val_6-way-5-shot_osr: 50.478	0.299
[05/09 05:38:16] 
[05/09 05:38:16] epoch 63/80, iter 25200:
[05/09 05:38:16] train_loss: 0.55317
[05/09 05:38:16] train_acc: 1.000
[05/09 05:38:16] train_auroc: 0.994
[05/09 05:38:22] Summary name val_6-way-5-shot_tpr@tnr95 is illegal; using val_6-way-5-shot_tpr_tnr95 instead.
[05/09 05:38:22] val_6-way-5-shot_acc: 35.378	0.842
[05/09 05:38:22] val_6-way-5-shot_auroc: 45.470	1.433
[05/09 05:38:22] val_6-way-5-shot_fscore: 45.737	1.095
[05/09 05:38:22] val_6-way-5-shot_tpr@tnr95: 5.375	0.600
[05/09 05:38:22] val_6-way-5-shot_osr: 50.465	0.300
[05/09 05:38:49] 
[05/09 05:38:49] epoch 64/80, iter 25600:
[05/09 05:38:49] train_loss: 0.55280
[05/09 05:38:49] train_acc: 1.000
[05/09 05:38:49] train_auroc: 0.994
[05/09 05:38:54] Summary name val_6-way-5-shot_tpr@tnr95 is illegal; using val_6-way-5-shot_tpr_tnr95 instead.
[05/09 05:38:54] val_6-way-5-shot_acc: 35.389	0.843
[05/09 05:38:54] val_6-way-5-shot_auroc: 45.462	1.433
[05/09 05:38:54] val_6-way-5-shot_fscore: 45.758	1.096
[05/09 05:38:54] val_6-way-5-shot_tpr@tnr95: 5.358	0.593
[05/09 05:38:54] val_6-way-5-shot_osr: 50.457	0.296
[05/09 05:39:21] 
[05/09 05:39:21] epoch 65/80, iter 26000:
[05/09 05:39:21] train_loss: 0.55246
[05/09 05:39:21] train_acc: 1.000
[05/09 05:39:21] train_auroc: 0.994
[05/09 05:39:26] Summary name val_6-way-5-shot_tpr@tnr95 is illegal; using val_6-way-5-shot_tpr_tnr95 instead.
[05/09 05:39:26] val_6-way-5-shot_acc: 35.400	0.842
[05/09 05:39:26] val_6-way-5-shot_auroc: 45.467	1.433
[05/09 05:39:26] val_6-way-5-shot_fscore: 45.764	1.101
[05/09 05:39:26] val_6-way-5-shot_tpr@tnr95: 5.400	0.607
[05/09 05:39:26] val_6-way-5-shot_osr: 50.478	0.304
[05/09 05:39:54] 
[05/09 05:39:54] epoch 66/80, iter 26400:
[05/09 05:39:54] train_loss: 0.55209
[05/09 05:39:54] train_acc: 1.000
[05/09 05:39:54] train_auroc: 0.994
[05/09 05:39:59] Summary name val_6-way-5-shot_tpr@tnr95 is illegal; using val_6-way-5-shot_tpr_tnr95 instead.
[05/09 05:39:59] val_6-way-5-shot_acc: 35.428	0.847
[05/09 05:39:59] val_6-way-5-shot_auroc: 45.469	1.433
[05/09 05:39:59] val_6-way-5-shot_fscore: 45.751	1.102
[05/09 05:39:59] val_6-way-5-shot_tpr@tnr95: 5.400	0.612
[05/09 05:39:59] val_6-way-5-shot_osr: 50.478	0.306
[05/09 05:40:26] 
[05/09 05:40:26] epoch 67/80, iter 26800:
[05/09 05:40:26] train_loss: 0.55172
[05/09 05:40:26] train_acc: 1.000
[05/09 05:40:26] train_auroc: 0.994
[05/09 05:40:31] Summary name val_6-way-5-shot_tpr@tnr95 is illegal; using val_6-way-5-shot_tpr_tnr95 instead.
[05/09 05:40:31] val_6-way-5-shot_acc: 35.406	0.843
[05/09 05:40:31] val_6-way-5-shot_auroc: 45.460	1.432
[05/09 05:40:31] val_6-way-5-shot_fscore: 45.731	1.104
[05/09 05:40:31] val_6-way-5-shot_tpr@tnr95: 5.417	0.610
[05/09 05:40:31] val_6-way-5-shot_osr: 50.486	0.305
[05/09 05:40:59] 
[05/09 05:40:59] epoch 68/80, iter 27200:
[05/09 05:40:59] train_loss: 0.55136
[05/09 05:40:59] train_acc: 1.000
[05/09 05:40:59] train_auroc: 0.994
[05/09 05:41:04] Summary name val_6-way-5-shot_tpr@tnr95 is illegal; using val_6-way-5-shot_tpr_tnr95 instead.
[05/09 05:41:04] val_6-way-5-shot_acc: 35.422	0.849
[05/09 05:41:04] val_6-way-5-shot_auroc: 45.462	1.434
[05/09 05:41:04] val_6-way-5-shot_fscore: 45.717	1.104
[05/09 05:41:04] val_6-way-5-shot_tpr@tnr95: 5.450	0.610
[05/09 05:41:04] val_6-way-5-shot_osr: 50.503	0.305
[05/09 05:41:32] 
[05/09 05:41:32] epoch 69/80, iter 27600:
[05/09 05:41:32] train_loss: 0.55101
[05/09 05:41:32] train_acc: 1.000
[05/09 05:41:32] train_auroc: 0.994
[05/09 05:41:37] Summary name val_6-way-5-shot_tpr@tnr95 is illegal; using val_6-way-5-shot_tpr_tnr95 instead.
[05/09 05:41:37] val_6-way-5-shot_acc: 35.400	0.849
[05/09 05:41:37] val_6-way-5-shot_auroc: 45.469	1.434
[05/09 05:41:37] val_6-way-5-shot_fscore: 45.731	1.105
[05/09 05:41:37] val_6-way-5-shot_tpr@tnr95: 5.375	0.614
[05/09 05:41:37] val_6-way-5-shot_osr: 50.465	0.307
[05/09 05:42:05] 
[05/09 05:42:05] epoch 70/80, iter 28000:
[05/09 05:42:05] train_loss: 0.55065
[05/09 05:42:05] train_acc: 1.000
[05/09 05:42:05] train_auroc: 0.994
[05/09 05:42:10] Summary name val_6-way-5-shot_tpr@tnr95 is illegal; using val_6-way-5-shot_tpr_tnr95 instead.
[05/09 05:42:10] val_6-way-5-shot_acc: 35.383	0.849
[05/09 05:42:10] val_6-way-5-shot_auroc: 45.477	1.433
[05/09 05:42:10] val_6-way-5-shot_fscore: 45.731	1.103
[05/09 05:42:10] val_6-way-5-shot_tpr@tnr95: 5.400	0.613
[05/09 05:42:10] val_6-way-5-shot_osr: 50.478	0.306
[05/09 05:42:37] 
[05/09 05:42:37] epoch 71/80, iter 28400:
[05/09 05:42:37] train_loss: 0.55029
[05/09 05:42:37] train_acc: 1.000
[05/09 05:42:37] train_auroc: 0.994
[05/09 05:42:42] Summary name val_6-way-5-shot_tpr@tnr95 is illegal; using val_6-way-5-shot_tpr_tnr95 instead.
[05/09 05:42:42] val_6-way-5-shot_acc: 35.389	0.849
[05/09 05:42:42] val_6-way-5-shot_auroc: 45.473	1.433
[05/09 05:42:42] val_6-way-5-shot_fscore: 45.724	1.104
[05/09 05:42:42] val_6-way-5-shot_tpr@tnr95: 5.367	0.609
[05/09 05:42:42] val_6-way-5-shot_osr: 50.461	0.304
[05/09 05:43:10] 
[05/09 05:43:10] epoch 72/80, iter 28800:
[05/09 05:43:10] train_loss: 0.54991
[05/09 05:43:10] train_acc: 1.000
[05/09 05:43:10] train_auroc: 0.994
[05/09 05:43:15] Summary name val_6-way-5-shot_tpr@tnr95 is illegal; using val_6-way-5-shot_tpr_tnr95 instead.
[05/09 05:43:15] val_6-way-5-shot_acc: 35.372	0.849
[05/09 05:43:15] val_6-way-5-shot_auroc: 45.477	1.433
[05/09 05:43:15] val_6-way-5-shot_fscore: 45.737	1.105
[05/09 05:43:15] val_6-way-5-shot_tpr@tnr95: 5.367	0.609
[05/09 05:43:15] val_6-way-5-shot_osr: 50.461	0.305
[05/09 05:43:42] 
[05/09 05:43:42] epoch 73/80, iter 29200:
[05/09 05:43:42] train_loss: 0.54957
[05/09 05:43:42] train_acc: 1.000
[05/09 05:43:42] train_auroc: 0.994
[05/09 05:43:47] Summary name val_6-way-5-shot_tpr@tnr95 is illegal; using val_6-way-5-shot_tpr_tnr95 instead.
[05/09 05:43:47] val_6-way-5-shot_acc: 35.367	0.850
[05/09 05:43:47] val_6-way-5-shot_auroc: 45.475	1.433
[05/09 05:43:47] val_6-way-5-shot_fscore: 45.778	1.108
[05/09 05:43:47] val_6-way-5-shot_tpr@tnr95: 5.367	0.608
[05/09 05:43:47] val_6-way-5-shot_osr: 50.461	0.304
[05/09 05:44:15] 
[05/09 05:44:15] epoch 74/80, iter 29600:
[05/09 05:44:15] train_loss: 0.54923
[05/09 05:44:15] train_acc: 1.000
[05/09 05:44:15] train_auroc: 0.994
[05/09 05:44:20] Summary name val_6-way-5-shot_tpr@tnr95 is illegal; using val_6-way-5-shot_tpr_tnr95 instead.
[05/09 05:44:20] val_6-way-5-shot_acc: 35.333	0.846
[05/09 05:44:20] val_6-way-5-shot_auroc: 45.470	1.433
[05/09 05:44:20] val_6-way-5-shot_fscore: 45.771	1.106
[05/09 05:44:20] val_6-way-5-shot_tpr@tnr95: 5.383	0.616
[05/09 05:44:20] val_6-way-5-shot_osr: 50.469	0.308
[05/09 05:44:47] 
[05/09 05:44:47] epoch 75/80, iter 30000:
[05/09 05:44:47] train_loss: 0.54883
[05/09 05:44:47] train_acc: 1.000
[05/09 05:44:47] train_auroc: 0.994
[05/09 05:44:52] Summary name val_6-way-5-shot_tpr@tnr95 is illegal; using val_6-way-5-shot_tpr_tnr95 instead.
[05/09 05:44:52] val_6-way-5-shot_acc: 35.333	0.848
[05/09 05:44:52] val_6-way-5-shot_auroc: 45.475	1.433
[05/09 05:44:52] val_6-way-5-shot_fscore: 45.764	1.106
[05/09 05:44:52] val_6-way-5-shot_tpr@tnr95: 5.367	0.616
[05/09 05:44:52] val_6-way-5-shot_osr: 50.461	0.308
[05/09 05:45:20] 
[05/09 05:45:20] epoch 76/80, iter 30400:
[05/09 05:45:20] train_loss: 0.54849
[05/09 05:45:20] train_acc: 1.000
[05/09 05:45:20] train_auroc: 0.994
[05/09 05:45:25] Summary name val_6-way-5-shot_tpr@tnr95 is illegal; using val_6-way-5-shot_tpr_tnr95 instead.
[05/09 05:45:25] val_6-way-5-shot_acc: 35.306	0.848
[05/09 05:45:25] val_6-way-5-shot_auroc: 45.476	1.433
[05/09 05:45:25] val_6-way-5-shot_fscore: 45.764	1.102
[05/09 05:45:25] val_6-way-5-shot_tpr@tnr95: 5.342	0.605
[05/09 05:45:25] val_6-way-5-shot_osr: 50.449	0.302
[05/09 05:45:52] 
[05/09 05:45:52] epoch 77/80, iter 30800:
[05/09 05:45:52] train_loss: 0.54811
[05/09 05:45:52] train_acc: 1.000
[05/09 05:45:52] train_auroc: 0.994
[05/09 05:45:58] Summary name val_6-way-5-shot_tpr@tnr95 is illegal; using val_6-way-5-shot_tpr_tnr95 instead.
[05/09 05:45:58] val_6-way-5-shot_acc: 35.294	0.843
[05/09 05:45:58] val_6-way-5-shot_auroc: 45.478	1.433
[05/09 05:45:58] val_6-way-5-shot_fscore: 45.744	1.104
[05/09 05:45:58] val_6-way-5-shot_tpr@tnr95: 5.333	0.612
[05/09 05:45:58] val_6-way-5-shot_osr: 50.444	0.306
[05/09 05:46:25] 
[05/09 05:46:25] epoch 78/80, iter 31200:
[05/09 05:46:25] train_loss: 0.54780
[05/09 05:46:25] train_acc: 1.000
[05/09 05:46:25] train_auroc: 0.994
[05/09 05:46:30] Summary name val_6-way-5-shot_tpr@tnr95 is illegal; using val_6-way-5-shot_tpr_tnr95 instead.
[05/09 05:46:30] val_6-way-5-shot_acc: 35.300	0.848
[05/09 05:46:30] val_6-way-5-shot_auroc: 45.478	1.433
[05/09 05:46:30] val_6-way-5-shot_fscore: 45.758	1.103
[05/09 05:46:30] val_6-way-5-shot_tpr@tnr95: 5.367	0.616
[05/09 05:46:30] val_6-way-5-shot_osr: 50.461	0.308
[05/09 05:46:57] 
[05/09 05:46:57] epoch 79/80, iter 31600:
[05/09 05:46:57] train_loss: 0.54743
[05/09 05:46:57] train_acc: 1.000
[05/09 05:46:57] train_auroc: 0.994
[05/09 05:47:02] Summary name val_6-way-5-shot_tpr@tnr95 is illegal; using val_6-way-5-shot_tpr_tnr95 instead.
[05/09 05:47:02] val_6-way-5-shot_acc: 35.256	0.847
[05/09 05:47:02] val_6-way-5-shot_auroc: 45.487	1.433
[05/09 05:47:02] val_6-way-5-shot_fscore: 45.764	1.100
[05/09 05:47:02] val_6-way-5-shot_tpr@tnr95: 5.417	0.624
[05/09 05:47:02] val_6-way-5-shot_osr: 50.486	0.312
[05/09 05:47:29] 
[05/09 05:47:29] epoch 80/80, iter 32000:
[05/09 05:47:29] train_loss: 0.54709
[05/09 05:47:29] train_acc: 1.000
[05/09 05:47:29] train_auroc: 0.994
[05/09 05:47:34] Summary name val_6-way-5-shot_tpr@tnr95 is illegal; using val_6-way-5-shot_tpr_tnr95 instead.
[05/09 05:47:34] val_6-way-5-shot_acc: 35.272	0.847
[05/09 05:47:34] val_6-way-5-shot_auroc: 45.487	1.434
[05/09 05:47:34] val_6-way-5-shot_fscore: 45.744	1.100
[05/09 05:47:34] val_6-way-5-shot_tpr@tnr95: 5.450	0.628
[05/09 05:47:34] val_6-way-5-shot_osr: 50.503	0.314
[05/09 05:47:34] training finished!
[05/09 05:47:34] ------------------------
[05/09 05:47:34] the best epoch is 2/80
[05/09 05:47:34] the best 6-way 5-shot val acc is 42.183
