
Friedman-Nemenyi Test
  Methods: 6, Datasets: 2
  Alpha: 0.05

  Per-dataset ranks:
  Dataset          full_model     wo_CIAM      wo_PAM      wo_NPM    only_NPMbaseline_no_modules
  TAU22                   6.0         4.0         3.0         2.0         5.0         1.0
  TAU19                   4.0         3.0         1.0         5.0         6.0         2.0
  Average                5.00        3.50        2.00        3.50        5.50        1.50

  Friedman chi-square: 7.1429
  p-value: 0.210231
  Significant: NO

  Nemenyi Critical Difference (CD): 7.5394
  q_alpha(0.05, k=6): 4.03

  Pairwise rank differences (significant if > CD=7.5394):
    full_model           vs wo_CIAM             : |1.50| no
    full_model           vs wo_PAM              : |3.00| no
    full_model           vs wo_NPM              : |1.50| no
    full_model           vs only_NPM            : |0.50| no
    full_model           vs baseline_no_modules : |3.50| no
    wo_CIAM              vs wo_PAM              : |1.50| no
    wo_CIAM              vs wo_NPM              : |0.00| no
    wo_CIAM              vs only_NPM            : |2.00| no
    wo_CIAM              vs baseline_no_modules : |2.00| no
    wo_PAM               vs wo_NPM              : |1.50| no
    wo_PAM               vs only_NPM            : |3.50| no
    wo_PAM               vs baseline_no_modules : |0.50| no
    wo_NPM               vs only_NPM            : |2.00| no
    wo_NPM               vs baseline_no_modules : |2.00| no
    only_NPM             vs baseline_no_modules : |4.00| no

Statistical test results saved to foac_exp_statistical_results.json
CD diagram saved to foac_exp_cd_diagram.png
