[05/13 02:53:23] start training!
[05/13 02:53:57] 
[05/13 02:53:57] epoch 1/20, iter 400:
[05/13 02:53:57] train_loss: 2.11067
[05/13 02:53:57] train_acc: 0.913
[05/13 02:53:57] train_auroc: 0.822
[05/13 02:54:04] Summary name val_5-way-5-shot_tpr@tnr95 is illegal; using val_5-way-5-shot_tpr_tnr95 instead.
[05/13 02:54:04] val_5-way-5-shot_acc: 84.900	0.618
[05/13 02:54:04] val_5-way-5-shot_auroc: 77.468	0.760
[05/13 02:54:04] val_5-way-5-shot_fscore: 67.859	0.807
[05/13 02:54:04] val_5-way-5-shot_tpr@tnr95: 24.736	1.336
[05/13 02:54:04] val_5-way-5-shot_osr: 59.775	0.641
[05/13 02:54:04] BEST ACC!
[05/13 02:54:05] BEST Auroc!
[05/13 02:54:05] BEST Fscore!
[05/13 02:54:05] BEST OSR Score!
[05/13 02:54:37] 
[05/13 02:54:37] epoch 2/20, iter 800:
[05/13 02:54:37] train_loss: 1.86797
[05/13 02:54:37] train_acc: 0.932
[05/13 02:54:37] train_auroc: 0.868
[05/13 02:54:45] Summary name val_5-way-5-shot_tpr@tnr95 is illegal; using val_5-way-5-shot_tpr_tnr95 instead.
[05/13 02:54:45] val_5-way-5-shot_acc: 86.080	0.596
[05/13 02:54:45] val_5-way-5-shot_auroc: 80.060	0.702
[05/13 02:54:45] val_5-way-5-shot_fscore: 70.244	0.767
[05/13 02:54:45] val_5-way-5-shot_tpr@tnr95: 27.405	1.438
[05/13 02:54:45] val_5-way-5-shot_osr: 61.056	0.691
[05/13 02:54:45] BEST ACC!
[05/13 02:54:45] BEST Auroc!
[05/13 02:54:45] BEST Fscore!
[05/13 02:54:46] BEST OSR Score!
[05/13 02:55:25] 
[05/13 02:55:25] epoch 3/20, iter 1200:
[05/13 02:55:25] train_loss: 1.79423
[05/13 02:55:25] train_acc: 0.942
[05/13 02:55:25] train_auroc: 0.893
[05/13 02:55:32] Summary name val_5-way-5-shot_tpr@tnr95 is illegal; using val_5-way-5-shot_tpr_tnr95 instead.
[05/13 02:55:32] val_5-way-5-shot_acc: 86.720	0.572
[05/13 02:55:32] val_5-way-5-shot_auroc: 81.725	0.654
[05/13 02:55:32] val_5-way-5-shot_fscore: 71.763	0.726
[05/13 02:55:32] val_5-way-5-shot_tpr@tnr95: 29.268	1.500
[05/13 02:55:32] val_5-way-5-shot_osr: 61.960	0.724
[05/13 02:55:33] BEST ACC!
[05/13 02:55:33] BEST Auroc!
[05/13 02:55:33] BEST Fscore!
[05/13 02:55:33] BEST OSR Score!
[05/13 02:56:13] 
[05/13 02:56:13] epoch 4/20, iter 1600:
[05/13 02:56:13] train_loss: 1.73614
[05/13 02:56:13] train_acc: 0.948
[05/13 02:56:13] train_auroc: 0.908
[05/13 02:56:21] Summary name val_5-way-5-shot_tpr@tnr95 is illegal; using val_5-way-5-shot_tpr_tnr95 instead.
[05/13 02:56:21] val_5-way-5-shot_acc: 86.980	0.581
[05/13 02:56:21] val_5-way-5-shot_auroc: 82.688	0.613
[05/13 02:56:21] val_5-way-5-shot_fscore: 72.911	0.654
[05/13 02:56:21] val_5-way-5-shot_tpr@tnr95: 30.744	1.577
[05/13 02:56:21] val_5-way-5-shot_osr: 62.732	0.761
[05/13 02:56:21] BEST ACC!
[05/13 02:56:21] BEST Auroc!
[05/13 02:56:21] BEST Fscore!
[05/13 02:56:22] BEST OSR Score!
[05/13 02:57:01] 
[05/13 02:57:01] epoch 5/20, iter 2000:
[05/13 02:57:01] train_loss: 1.68332
[05/13 02:57:01] train_acc: 0.953
[05/13 02:57:01] train_auroc: 0.919
[05/13 02:57:10] Summary name val_5-way-5-shot_tpr@tnr95 is illegal; using val_5-way-5-shot_tpr_tnr95 instead.
[05/13 02:57:10] val_5-way-5-shot_acc: 87.000	0.585
[05/13 02:57:10] val_5-way-5-shot_auroc: 83.193	0.583
[05/13 02:57:10] val_5-way-5-shot_fscore: 73.356	0.632
[05/13 02:57:10] val_5-way-5-shot_tpr@tnr95: 31.847	1.627
[05/13 02:57:10] val_5-way-5-shot_osr: 63.296	0.783
[05/13 02:57:10] BEST ACC!
[05/13 02:57:10] BEST Auroc!
[05/13 02:57:10] BEST Fscore!
[05/13 02:57:11] BEST OSR Score!
[05/13 02:57:48] 
[05/13 02:57:48] epoch 6/20, iter 2400:
[05/13 02:57:48] train_loss: 1.63182
[05/13 02:57:48] train_acc: 0.958
[05/13 02:57:48] train_auroc: 0.928
[05/13 02:57:56] Summary name val_5-way-5-shot_tpr@tnr95 is illegal; using val_5-way-5-shot_tpr_tnr95 instead.
[05/13 02:57:56] val_5-way-5-shot_acc: 86.920	0.592
[05/13 02:57:56] val_5-way-5-shot_auroc: 83.601	0.554
[05/13 02:57:56] val_5-way-5-shot_fscore: 73.652	0.617
[05/13 02:57:56] val_5-way-5-shot_tpr@tnr95: 32.778	1.629
[05/13 02:57:56] val_5-way-5-shot_osr: 63.758	0.786
[05/13 02:57:57] BEST Auroc!
[05/13 02:57:57] BEST Fscore!
[05/13 02:57:57] BEST OSR Score!
[05/13 02:58:37] 
[05/13 02:58:37] epoch 7/20, iter 2800:
[05/13 02:58:37] train_loss: 1.57956
[05/13 02:58:37] train_acc: 0.963
[05/13 02:58:37] train_auroc: 0.934
[05/13 02:58:43] Summary name val_5-way-5-shot_tpr@tnr95 is illegal; using val_5-way-5-shot_tpr_tnr95 instead.
[05/13 02:58:43] val_5-way-5-shot_acc: 86.813	0.599
[05/13 02:58:43] val_5-way-5-shot_auroc: 83.770	0.528
[05/13 02:58:43] val_5-way-5-shot_fscore: 73.630	0.593
[05/13 02:58:43] val_5-way-5-shot_tpr@tnr95: 33.337	1.598
[05/13 02:58:43] val_5-way-5-shot_osr: 64.028	0.767
[05/13 02:58:43] BEST Auroc!
[05/13 02:58:43] BEST OSR Score!
[05/13 02:59:24] 
[05/13 02:59:24] epoch 8/20, iter 3200:
[05/13 02:59:24] train_loss: 1.52604
[05/13 02:59:24] train_acc: 0.968
[05/13 02:59:24] train_auroc: 0.940
[05/13 02:59:32] Summary name val_5-way-5-shot_tpr@tnr95 is illegal; using val_5-way-5-shot_tpr_tnr95 instead.
[05/13 02:59:32] val_5-way-5-shot_acc: 86.647	0.585
[05/13 02:59:32] val_5-way-5-shot_auroc: 83.715	0.516
[05/13 02:59:32] val_5-way-5-shot_fscore: 73.437	0.582
[05/13 02:59:32] val_5-way-5-shot_tpr@tnr95: 33.680	1.579
[05/13 02:59:32] val_5-way-5-shot_osr: 64.193	0.759
[05/13 02:59:32] BEST OSR Score!
[05/13 03:00:17] 
[05/13 03:00:17] epoch 9/20, iter 3600:
[05/13 03:00:17] train_loss: 1.47060
[05/13 03:00:17] train_acc: 0.971
[05/13 03:00:17] train_auroc: 0.946
[05/13 03:00:26] Summary name val_5-way-5-shot_tpr@tnr95 is illegal; using val_5-way-5-shot_tpr_tnr95 instead.
[05/13 03:00:26] val_5-way-5-shot_acc: 86.520	0.572
[05/13 03:00:26] val_5-way-5-shot_auroc: 83.732	0.504
[05/13 03:00:26] val_5-way-5-shot_fscore: 73.281	0.572
[05/13 03:00:26] val_5-way-5-shot_tpr@tnr95: 34.038	1.587
[05/13 03:00:26] val_5-way-5-shot_osr: 64.379	0.769
[05/13 03:00:26] BEST OSR Score!
[05/13 03:01:10] 
[05/13 03:01:10] epoch 10/20, iter 4000:
[05/13 03:01:10] train_loss: 1.41329
[05/13 03:01:10] train_acc: 0.974
[05/13 03:01:10] train_auroc: 0.951
[05/13 03:01:19] Summary name val_5-way-5-shot_tpr@tnr95 is illegal; using val_5-way-5-shot_tpr_tnr95 instead.
[05/13 03:01:19] val_5-way-5-shot_acc: 86.393	0.553
[05/13 03:01:19] val_5-way-5-shot_auroc: 83.684	0.497
[05/13 03:01:19] val_5-way-5-shot_fscore: 73.289	0.560
[05/13 03:01:19] val_5-way-5-shot_tpr@tnr95: 34.428	1.596
[05/13 03:01:19] val_5-way-5-shot_osr: 64.564	0.773
[05/13 03:01:19] BEST OSR Score!
[05/13 03:02:01] 
[05/13 03:02:01] epoch 11/20, iter 4400:
[05/13 03:02:01] train_loss: 1.36782
[05/13 03:02:01] train_acc: 0.978
[05/13 03:02:01] train_auroc: 0.955
[05/13 03:02:09] Summary name val_5-way-5-shot_tpr@tnr95 is illegal; using val_5-way-5-shot_tpr_tnr95 instead.
[05/13 03:02:09] val_5-way-5-shot_acc: 86.433	0.567
[05/13 03:02:09] val_5-way-5-shot_auroc: 82.830	0.514
[05/13 03:02:09] val_5-way-5-shot_fscore: 72.570	0.570
[05/13 03:02:09] val_5-way-5-shot_tpr@tnr95: 32.598	1.561
[05/13 03:02:09] val_5-way-5-shot_osr: 63.668	0.750
[05/13 03:02:53] 
[05/13 03:02:53] epoch 12/20, iter 4800:
[05/13 03:02:53] train_loss: 1.35640
[05/13 03:02:53] train_acc: 0.978
[05/13 03:02:53] train_auroc: 0.956
[05/13 03:03:01] Summary name val_5-way-5-shot_tpr@tnr95 is illegal; using val_5-way-5-shot_tpr_tnr95 instead.
[05/13 03:03:01] val_5-way-5-shot_acc: 86.453	0.576
[05/13 03:03:01] val_5-way-5-shot_auroc: 82.722	0.515
[05/13 03:03:01] val_5-way-5-shot_fscore: 72.459	0.581
[05/13 03:03:01] val_5-way-5-shot_tpr@tnr95: 32.424	1.558
[05/13 03:03:01] val_5-way-5-shot_osr: 63.579	0.747
[05/13 03:03:34] 
[05/13 03:03:34] epoch 13/20, iter 5200:
[05/13 03:03:34] train_loss: 1.34849
[05/13 03:03:34] train_acc: 0.978
[05/13 03:03:34] train_auroc: 0.957
[05/13 03:03:41] Summary name val_5-way-5-shot_tpr@tnr95 is illegal; using val_5-way-5-shot_tpr_tnr95 instead.
[05/13 03:03:41] val_5-way-5-shot_acc: 86.440	0.575
[05/13 03:03:41] val_5-way-5-shot_auroc: 82.668	0.514
[05/13 03:03:41] val_5-way-5-shot_fscore: 72.378	0.577
[05/13 03:03:41] val_5-way-5-shot_tpr@tnr95: 32.418	1.561
[05/13 03:03:41] val_5-way-5-shot_osr: 63.572	0.749
[05/13 03:04:13] 
[05/13 03:04:13] epoch 14/20, iter 5600:
[05/13 03:04:13] train_loss: 1.34111
[05/13 03:04:13] train_acc: 0.979
[05/13 03:04:13] train_auroc: 0.957
[05/13 03:04:19] Summary name val_5-way-5-shot_tpr@tnr95 is illegal; using val_5-way-5-shot_tpr_tnr95 instead.
[05/13 03:04:19] val_5-way-5-shot_acc: 86.427	0.568
[05/13 03:04:19] val_5-way-5-shot_auroc: 82.625	0.515
[05/13 03:04:19] val_5-way-5-shot_fscore: 72.341	0.579
[05/13 03:04:19] val_5-way-5-shot_tpr@tnr95: 32.372	1.566
[05/13 03:04:19] val_5-way-5-shot_osr: 63.550	0.753
[05/13 03:04:51] 
[05/13 03:04:51] epoch 15/20, iter 6000:
[05/13 03:04:51] train_loss: 1.33392
[05/13 03:04:51] train_acc: 0.979
[05/13 03:04:51] train_auroc: 0.958
[05/13 03:04:57] Summary name val_5-way-5-shot_tpr@tnr95 is illegal; using val_5-way-5-shot_tpr_tnr95 instead.
[05/13 03:04:57] val_5-way-5-shot_acc: 86.380	0.574
[05/13 03:04:57] val_5-way-5-shot_auroc: 82.611	0.514
[05/13 03:04:57] val_5-way-5-shot_fscore: 72.333	0.582
[05/13 03:04:57] val_5-way-5-shot_tpr@tnr95: 32.373	1.563
[05/13 03:04:57] val_5-way-5-shot_osr: 63.556	0.751
[05/13 03:05:30] 
[05/13 03:05:30] epoch 16/20, iter 6400:
[05/13 03:05:30] train_loss: 1.32685
[05/13 03:05:30] train_acc: 0.980
[05/13 03:05:30] train_auroc: 0.959
[05/13 03:05:36] Summary name val_5-way-5-shot_tpr@tnr95 is illegal; using val_5-way-5-shot_tpr_tnr95 instead.
[05/13 03:05:36] val_5-way-5-shot_acc: 86.333	0.577
[05/13 03:05:36] val_5-way-5-shot_auroc: 82.586	0.513
[05/13 03:05:36] val_5-way-5-shot_fscore: 72.326	0.581
[05/13 03:05:36] val_5-way-5-shot_tpr@tnr95: 32.330	1.562
[05/13 03:05:36] val_5-way-5-shot_osr: 63.543	0.751
[05/13 03:06:08] 
[05/13 03:06:08] epoch 17/20, iter 6800:
[05/13 03:06:08] train_loss: 1.31986
[05/13 03:06:08] train_acc: 0.980
[05/13 03:06:08] train_auroc: 0.959
[05/13 03:06:15] Summary name val_5-way-5-shot_tpr@tnr95 is illegal; using val_5-way-5-shot_tpr_tnr95 instead.
[05/13 03:06:15] val_5-way-5-shot_acc: 86.340	0.579
[05/13 03:06:15] val_5-way-5-shot_auroc: 82.568	0.511
[05/13 03:06:15] val_5-way-5-shot_fscore: 72.304	0.576
[05/13 03:06:15] val_5-way-5-shot_tpr@tnr95: 32.360	1.560
[05/13 03:06:15] val_5-way-5-shot_osr: 63.563	0.750
[05/13 03:06:46] 
[05/13 03:06:46] epoch 18/20, iter 7200:
[05/13 03:06:46] train_loss: 1.31294
[05/13 03:06:46] train_acc: 0.980
[05/13 03:06:46] train_auroc: 0.960
[05/13 03:06:52] Summary name val_5-way-5-shot_tpr@tnr95 is illegal; using val_5-way-5-shot_tpr_tnr95 instead.
[05/13 03:06:52] val_5-way-5-shot_acc: 86.360	0.576
[05/13 03:06:52] val_5-way-5-shot_auroc: 82.553	0.511
[05/13 03:06:52] val_5-way-5-shot_fscore: 72.326	0.576
[05/13 03:06:52] val_5-way-5-shot_tpr@tnr95: 32.332	1.562
[05/13 03:06:52] val_5-way-5-shot_osr: 63.541	0.751
[05/13 03:07:24] 
[05/13 03:07:24] epoch 19/20, iter 7600:
[05/13 03:07:24] train_loss: 1.31263
[05/13 03:07:24] train_acc: 0.980
[05/13 03:07:24] train_auroc: 0.960
[05/13 03:07:30] Summary name val_5-way-5-shot_tpr@tnr95 is illegal; using val_5-way-5-shot_tpr_tnr95 instead.
[05/13 03:07:30] val_5-way-5-shot_acc: 86.360	0.569
[05/13 03:07:30] val_5-way-5-shot_auroc: 82.528	0.509
[05/13 03:07:30] val_5-way-5-shot_fscore: 72.304	0.562
[05/13 03:07:30] val_5-way-5-shot_tpr@tnr95: 32.358	1.540
[05/13 03:07:30] val_5-way-5-shot_osr: 63.573	0.744
[05/13 03:08:02] 
[05/13 03:08:02] epoch 20/20, iter 8000:
[05/13 03:08:02] train_loss: 1.31002
[05/13 03:08:02] train_acc: 0.981
[05/13 03:08:02] train_auroc: 0.960
[05/13 03:08:09] Summary name val_5-way-5-shot_tpr@tnr95 is illegal; using val_5-way-5-shot_tpr_tnr95 instead.
[05/13 03:08:09] val_5-way-5-shot_acc: 86.373	0.564
[05/13 03:08:09] val_5-way-5-shot_auroc: 82.517	0.509
[05/13 03:08:09] val_5-way-5-shot_fscore: 72.333	0.570
[05/13 03:08:09] val_5-way-5-shot_tpr@tnr95: 32.262	1.537
[05/13 03:08:09] val_5-way-5-shot_osr: 63.526	0.741
[05/13 03:08:09] training finished!
[05/13 03:08:09] ------------------------
[05/13 03:08:09] the best epoch is 10/20
[05/13 03:08:09] the best 5-way 5-shot val acc is 87.000
[05/13 03:09:17] start training!
[05/13 03:09:50] 
[05/13 03:09:50] epoch 1/20, iter 400:
[05/13 03:09:50] train_loss: 1.97183
[05/13 03:09:50] train_acc: 0.913
[05/13 03:09:50] train_auroc: 0.824
[05/13 03:09:57] Summary name val_5-way-5-shot_tpr@tnr95 is illegal; using val_5-way-5-shot_tpr_tnr95 instead.
[05/13 03:09:57] val_5-way-5-shot_acc: 84.853	0.629
[05/13 03:09:57] val_5-way-5-shot_auroc: 77.313	0.763
[05/13 03:09:57] val_5-way-5-shot_fscore: 67.696	0.806
[05/13 03:09:57] val_5-way-5-shot_tpr@tnr95: 24.788	1.337
[05/13 03:09:57] val_5-way-5-shot_osr: 59.813	0.639
[05/13 03:09:58] BEST ACC!
[05/13 03:09:58] BEST Auroc!
[05/13 03:09:58] BEST Fscore!
[05/13 03:09:58] BEST OSR Score!
[05/13 03:10:29] 
[05/13 03:10:29] epoch 2/20, iter 800:
[05/13 03:10:29] train_loss: 1.85020
[05/13 03:10:29] train_acc: 0.933
[05/13 03:10:29] train_auroc: 0.869
[05/13 03:10:35] Summary name val_5-way-5-shot_tpr@tnr95 is illegal; using val_5-way-5-shot_tpr_tnr95 instead.
[05/13 03:10:35] val_5-way-5-shot_acc: 86.087	0.597
[05/13 03:10:35] val_5-way-5-shot_auroc: 79.874	0.705
[05/13 03:10:35] val_5-way-5-shot_fscore: 69.963	0.772
[05/13 03:10:35] val_5-way-5-shot_tpr@tnr95: 27.018	1.431
[05/13 03:10:35] val_5-way-5-shot_osr: 60.853	0.686
[05/13 03:10:35] BEST ACC!
[05/13 03:10:36] BEST Auroc!
[05/13 03:10:36] BEST Fscore!
[05/13 03:10:36] BEST OSR Score!
[05/13 03:11:07] 
[05/13 03:11:07] epoch 3/20, iter 1200:
[05/13 03:11:07] train_loss: 1.78583
[05/13 03:11:07] train_acc: 0.942
[05/13 03:11:07] train_auroc: 0.893
[05/13 03:11:13] Summary name val_5-way-5-shot_tpr@tnr95 is illegal; using val_5-way-5-shot_tpr_tnr95 instead.
[05/13 03:11:13] val_5-way-5-shot_acc: 86.667	0.596
[05/13 03:11:13] val_5-way-5-shot_auroc: 81.231	0.657
[05/13 03:11:13] val_5-way-5-shot_fscore: 71.489	0.691
[05/13 03:11:13] val_5-way-5-shot_tpr@tnr95: 28.364	1.484
[05/13 03:11:13] val_5-way-5-shot_osr: 61.549	0.716
[05/13 03:11:13] BEST ACC!
[05/13 03:11:13] BEST Auroc!
[05/13 03:11:13] BEST Fscore!
[05/13 03:11:14] BEST OSR Score!
[05/13 03:11:45] 
[05/13 03:11:45] epoch 4/20, iter 1600:
[05/13 03:11:45] train_loss: 1.73113
[05/13 03:11:45] train_acc: 0.949
[05/13 03:11:45] train_auroc: 0.908
[05/13 03:11:51] Summary name val_5-way-5-shot_tpr@tnr95 is illegal; using val_5-way-5-shot_tpr_tnr95 instead.
[05/13 03:11:51] val_5-way-5-shot_acc: 86.793	0.578
[05/13 03:11:51] val_5-way-5-shot_auroc: 82.065	0.617
[05/13 03:11:51] val_5-way-5-shot_fscore: 72.400	0.684
[05/13 03:11:51] val_5-way-5-shot_tpr@tnr95: 29.406	1.504
[05/13 03:11:51] val_5-way-5-shot_osr: 62.050	0.726
[05/13 03:11:51] BEST ACC!
[05/13 03:11:51] BEST Auroc!
[05/13 03:11:52] BEST Fscore!
[05/13 03:11:52] BEST OSR Score!
[05/13 03:12:23] 
[05/13 03:12:23] epoch 5/20, iter 2000:
[05/13 03:12:23] train_loss: 1.67935
[05/13 03:12:23] train_acc: 0.953
[05/13 03:12:23] train_auroc: 0.919
[05/13 03:12:29] Summary name val_5-way-5-shot_tpr@tnr95 is illegal; using val_5-way-5-shot_tpr_tnr95 instead.
[05/13 03:12:29] val_5-way-5-shot_acc: 86.907	0.575
[05/13 03:12:29] val_5-way-5-shot_auroc: 82.609	0.583
[05/13 03:12:29] val_5-way-5-shot_fscore: 72.837	0.639
[05/13 03:12:29] val_5-way-5-shot_tpr@tnr95: 30.288	1.526
[05/13 03:12:29] val_5-way-5-shot_osr: 62.519	0.740
[05/13 03:12:29] BEST ACC!
[05/13 03:12:30] BEST Auroc!
[05/13 03:12:30] BEST Fscore!
[05/13 03:12:30] BEST OSR Score!
[05/13 03:13:02] 
[05/13 03:13:02] epoch 6/20, iter 2400:
[05/13 03:13:02] train_loss: 1.62775
[05/13 03:13:02] train_acc: 0.958
[05/13 03:13:02] train_auroc: 0.928
[05/13 03:13:08] Summary name val_5-way-5-shot_tpr@tnr95 is illegal; using val_5-way-5-shot_tpr_tnr95 instead.
[05/13 03:13:08] val_5-way-5-shot_acc: 86.813	0.587
[05/13 03:13:08] val_5-way-5-shot_auroc: 82.759	0.556
[05/13 03:13:08] val_5-way-5-shot_fscore: 72.948	0.592
[05/13 03:13:08] val_5-way-5-shot_tpr@tnr95: 30.632	1.508
[05/13 03:13:08] val_5-way-5-shot_osr: 62.697	0.732
[05/13 03:13:08] BEST Auroc!
[05/13 03:13:08] BEST Fscore!
[05/13 03:13:08] BEST OSR Score!
[05/13 03:13:40] 
[05/13 03:13:40] epoch 7/20, iter 2800:
[05/13 03:13:40] train_loss: 1.57514
[05/13 03:13:40] train_acc: 0.963
[05/13 03:13:40] train_auroc: 0.935
[05/13 03:13:47] Summary name val_5-way-5-shot_tpr@tnr95 is illegal; using val_5-way-5-shot_tpr_tnr95 instead.
[05/13 03:13:47] val_5-way-5-shot_acc: 86.713	0.597
[05/13 03:13:47] val_5-way-5-shot_auroc: 82.781	0.539
[05/13 03:13:47] val_5-way-5-shot_fscore: 72.770	0.590
[05/13 03:13:47] val_5-way-5-shot_tpr@tnr95: 31.090	1.508
[05/13 03:13:47] val_5-way-5-shot_osr: 62.941	0.733
[05/13 03:13:47] BEST Auroc!
[05/13 03:13:47] BEST OSR Score!
[05/13 03:14:18] 
[05/13 03:14:18] epoch 8/20, iter 3200:
[05/13 03:14:18] train_loss: 1.52093
[05/13 03:14:18] train_acc: 0.967
[05/13 03:14:18] train_auroc: 0.941
[05/13 03:14:24] Summary name val_5-way-5-shot_tpr@tnr95 is illegal; using val_5-way-5-shot_tpr_tnr95 instead.
[05/13 03:14:24] val_5-way-5-shot_acc: 86.667	0.587
[05/13 03:14:24] val_5-way-5-shot_auroc: 82.754	0.525
[05/13 03:14:24] val_5-way-5-shot_fscore: 72.681	0.593
[05/13 03:14:24] val_5-way-5-shot_tpr@tnr95: 31.596	1.494
[05/13 03:14:24] val_5-way-5-shot_osr: 63.191	0.722
[05/13 03:14:24] BEST OSR Score!
[05/13 03:14:56] 
[05/13 03:14:56] epoch 9/20, iter 3600:
[05/13 03:14:56] train_loss: 1.46480
[05/13 03:14:56] train_acc: 0.972
[05/13 03:14:56] train_auroc: 0.947
[05/13 03:15:02] Summary name val_5-way-5-shot_tpr@tnr95 is illegal; using val_5-way-5-shot_tpr_tnr95 instead.
[05/13 03:15:02] val_5-way-5-shot_acc: 86.513	0.592
[05/13 03:15:02] val_5-way-5-shot_auroc: 82.647	0.515
[05/13 03:15:02] val_5-way-5-shot_fscore: 72.400	0.578
[05/13 03:15:02] val_5-way-5-shot_tpr@tnr95: 31.878	1.512
[05/13 03:15:02] val_5-way-5-shot_osr: 63.336	0.727
[05/13 03:15:03] BEST OSR Score!
[05/13 03:15:34] 
[05/13 03:15:34] epoch 10/20, iter 4000:
[05/13 03:15:34] train_loss: 1.40688
[05/13 03:15:34] train_acc: 0.974
[05/13 03:15:34] train_auroc: 0.952
[05/13 03:15:40] Summary name val_5-way-5-shot_tpr@tnr95 is illegal; using val_5-way-5-shot_tpr_tnr95 instead.
[05/13 03:15:40] val_5-way-5-shot_acc: 86.393	0.566
[05/13 03:15:40] val_5-way-5-shot_auroc: 82.570	0.508
[05/13 03:15:40] val_5-way-5-shot_fscore: 72.259	0.567
[05/13 03:15:40] val_5-way-5-shot_tpr@tnr95: 32.124	1.499
[05/13 03:15:40] val_5-way-5-shot_osr: 63.436	0.716
[05/13 03:15:40] BEST OSR Score!
[05/13 03:16:11] 
[05/13 03:16:11] epoch 11/20, iter 4400:
[05/13 03:16:11] train_loss: 1.35963
[05/13 03:16:11] train_acc: 0.978
[05/13 03:16:11] train_auroc: 0.956
[05/13 03:16:17] Summary name val_5-way-5-shot_tpr@tnr95 is illegal; using val_5-way-5-shot_tpr_tnr95 instead.
[05/13 03:16:17] val_5-way-5-shot_acc: 86.567	0.571
[05/13 03:16:17] val_5-way-5-shot_auroc: 82.035	0.515
[05/13 03:16:17] val_5-way-5-shot_fscore: 71.889	0.584
[05/13 03:16:17] val_5-way-5-shot_tpr@tnr95: 31.127	1.469
[05/13 03:16:17] val_5-way-5-shot_osr: 62.954	0.706
[05/13 03:16:49] 
[05/13 03:16:49] epoch 12/20, iter 4800:
[05/13 03:16:49] train_loss: 1.34849
[05/13 03:16:49] train_acc: 0.979
[05/13 03:16:49] train_auroc: 0.957
[05/13 03:16:55] Summary name val_5-way-5-shot_tpr@tnr95 is illegal; using val_5-way-5-shot_tpr_tnr95 instead.
[05/13 03:16:55] val_5-way-5-shot_acc: 86.553	0.583
[05/13 03:16:55] val_5-way-5-shot_auroc: 81.977	0.517
[05/13 03:16:55] val_5-way-5-shot_fscore: 71.770	0.577
[05/13 03:16:55] val_5-way-5-shot_tpr@tnr95: 31.092	1.479
[05/13 03:16:55] val_5-way-5-shot_osr: 62.949	0.712
[05/13 03:17:27] 
[05/13 03:17:27] epoch 13/20, iter 5200:
[05/13 03:17:27] train_loss: 1.34053
[05/13 03:17:27] train_acc: 0.979
[05/13 03:17:27] train_auroc: 0.958
[05/13 03:17:33] Summary name val_5-way-5-shot_tpr@tnr95 is illegal; using val_5-way-5-shot_tpr_tnr95 instead.
[05/13 03:17:33] val_5-way-5-shot_acc: 86.547	0.573
[05/13 03:17:33] val_5-way-5-shot_auroc: 81.959	0.518
[05/13 03:17:33] val_5-way-5-shot_fscore: 71.778	0.584
[05/13 03:17:33] val_5-way-5-shot_tpr@tnr95: 31.088	1.484
[05/13 03:17:33] val_5-way-5-shot_osr: 62.945	0.715
[05/13 03:18:04] 
[05/13 03:18:04] epoch 14/20, iter 5600:
[05/13 03:18:04] train_loss: 1.33311
[05/13 03:18:04] train_acc: 0.980
[05/13 03:18:04] train_auroc: 0.959
[05/13 03:18:10] Summary name val_5-way-5-shot_tpr@tnr95 is illegal; using val_5-way-5-shot_tpr_tnr95 instead.
[05/13 03:18:10] val_5-way-5-shot_acc: 86.540	0.569
[05/13 03:18:10] val_5-way-5-shot_auroc: 81.958	0.517
[05/13 03:18:10] val_5-way-5-shot_fscore: 71.770	0.583
[05/13 03:18:10] val_5-way-5-shot_tpr@tnr95: 31.081	1.484
[05/13 03:18:10] val_5-way-5-shot_osr: 62.933	0.714
[05/13 03:18:41] 
[05/13 03:18:41] epoch 15/20, iter 6000:
[05/13 03:18:41] train_loss: 1.32586
[05/13 03:18:41] train_acc: 0.980
[05/13 03:18:41] train_auroc: 0.959
[05/13 03:18:47] Summary name val_5-way-5-shot_tpr@tnr95 is illegal; using val_5-way-5-shot_tpr_tnr95 instead.
[05/13 03:18:47] val_5-way-5-shot_acc: 86.533	0.571
[05/13 03:18:47] val_5-way-5-shot_auroc: 81.955	0.516
[05/13 03:18:47] val_5-way-5-shot_fscore: 71.741	0.580
[05/13 03:18:47] val_5-way-5-shot_tpr@tnr95: 31.152	1.490
[05/13 03:18:47] val_5-way-5-shot_osr: 62.973	0.715
[05/13 03:19:18] 
[05/13 03:19:18] epoch 16/20, iter 6400:
[05/13 03:19:18] train_loss: 1.31872
[05/13 03:19:18] train_acc: 0.981
[05/13 03:19:18] train_auroc: 0.960
[05/13 03:19:25] Summary name val_5-way-5-shot_tpr@tnr95 is illegal; using val_5-way-5-shot_tpr_tnr95 instead.
[05/13 03:19:25] val_5-way-5-shot_acc: 86.540	0.574
[05/13 03:19:25] val_5-way-5-shot_auroc: 81.942	0.516
[05/13 03:19:25] val_5-way-5-shot_fscore: 71.704	0.577
[05/13 03:19:25] val_5-way-5-shot_tpr@tnr95: 31.209	1.486
[05/13 03:19:25] val_5-way-5-shot_osr: 62.997	0.712
[05/13 03:19:56] 
[05/13 03:19:56] epoch 17/20, iter 6800:
[05/13 03:19:56] train_loss: 1.31166
[05/13 03:19:56] train_acc: 0.981
[05/13 03:19:56] train_auroc: 0.960
[05/13 03:20:02] Summary name val_5-way-5-shot_tpr@tnr95 is illegal; using val_5-way-5-shot_tpr_tnr95 instead.
[05/13 03:20:02] val_5-way-5-shot_acc: 86.507	0.579
[05/13 03:20:02] val_5-way-5-shot_auroc: 81.934	0.516
[05/13 03:20:02] val_5-way-5-shot_fscore: 71.719	0.576
[05/13 03:20:02] val_5-way-5-shot_tpr@tnr95: 31.188	1.490
[05/13 03:20:02] val_5-way-5-shot_osr: 62.981	0.713
[05/13 03:20:34] 
[05/13 03:20:34] epoch 18/20, iter 7200:
[05/13 03:20:34] train_loss: 1.30463
[05/13 03:20:34] train_acc: 0.981
[05/13 03:20:34] train_auroc: 0.961
[05/13 03:20:40] Summary name val_5-way-5-shot_tpr@tnr95 is illegal; using val_5-way-5-shot_tpr_tnr95 instead.
[05/13 03:20:40] val_5-way-5-shot_acc: 86.493	0.576
[05/13 03:20:40] val_5-way-5-shot_auroc: 81.914	0.517
[05/13 03:20:40] val_5-way-5-shot_fscore: 71.674	0.579
[05/13 03:20:40] val_5-way-5-shot_tpr@tnr95: 31.218	1.485
[05/13 03:20:40] val_5-way-5-shot_osr: 62.998	0.711
[05/13 03:21:11] 
[05/13 03:21:11] epoch 19/20, iter 7600:
[05/13 03:21:11] train_loss: 1.30255
[05/13 03:21:11] train_acc: 0.982
[05/13 03:21:11] train_auroc: 0.961
[05/13 03:21:18] Summary name val_5-way-5-shot_tpr@tnr95 is illegal; using val_5-way-5-shot_tpr_tnr95 instead.
[05/13 03:21:18] val_5-way-5-shot_acc: 86.547	0.574
[05/13 03:21:18] val_5-way-5-shot_auroc: 81.899	0.515
[05/13 03:21:18] val_5-way-5-shot_fscore: 71.681	0.572
[05/13 03:21:18] val_5-way-5-shot_tpr@tnr95: 31.218	1.505
[05/13 03:21:18] val_5-way-5-shot_osr: 63.007	0.724
[05/13 03:21:49] 
[05/13 03:21:49] epoch 20/20, iter 8000:
[05/13 03:21:49] train_loss: 1.30046
[05/13 03:21:49] train_acc: 0.982
[05/13 03:21:49] train_auroc: 0.961
[05/13 03:21:56] Summary name val_5-way-5-shot_tpr@tnr95 is illegal; using val_5-way-5-shot_tpr_tnr95 instead.
[05/13 03:21:56] val_5-way-5-shot_acc: 86.540	0.571
[05/13 03:21:56] val_5-way-5-shot_auroc: 81.889	0.515
[05/13 03:21:56] val_5-way-5-shot_fscore: 71.689	0.573
[05/13 03:21:56] val_5-way-5-shot_tpr@tnr95: 31.207	1.507
[05/13 03:21:56] val_5-way-5-shot_osr: 63.000	0.722
[05/13 03:21:56] training finished!
[05/13 03:21:56] ------------------------
[05/13 03:21:56] the best epoch is 10/20
[05/13 03:21:56] the best 5-way 5-shot val acc is 86.907
[05/13 03:23:04] start training!
[05/13 03:23:35] 
[05/13 03:23:35] epoch 1/20, iter 400:
[05/13 03:23:35] train_loss: 2.13076
[05/13 03:23:35] train_acc: 0.912
[05/13 03:23:35] train_auroc: 0.823
[05/13 03:23:42] Summary name val_5-way-5-shot_tpr@tnr95 is illegal; using val_5-way-5-shot_tpr_tnr95 instead.
[05/13 03:23:42] val_5-way-5-shot_acc: 84.807	0.611
[05/13 03:23:42] val_5-way-5-shot_auroc: 77.201	0.756
[05/13 03:23:42] val_5-way-5-shot_fscore: 67.637	0.785
[05/13 03:23:42] val_5-way-5-shot_tpr@tnr95: 24.574	1.350
[05/13 03:23:42] val_5-way-5-shot_osr: 59.718	0.643
[05/13 03:23:42] BEST ACC!
[05/13 03:23:43] BEST Auroc!
[05/13 03:23:43] BEST Fscore!
[05/13 03:23:43] BEST OSR Score!
[05/13 03:24:13] 
[05/13 03:24:13] epoch 2/20, iter 800:
[05/13 03:24:13] train_loss: 1.87044
[05/13 03:24:13] train_acc: 0.932
[05/13 03:24:13] train_auroc: 0.868
[05/13 03:24:19] Summary name val_5-way-5-shot_tpr@tnr95 is illegal; using val_5-way-5-shot_tpr_tnr95 instead.
[05/13 03:24:19] val_5-way-5-shot_acc: 86.060	0.597
[05/13 03:24:19] val_5-way-5-shot_auroc: 79.557	0.699
[05/13 03:24:19] val_5-way-5-shot_fscore: 69.674	0.757
[05/13 03:24:19] val_5-way-5-shot_tpr@tnr95: 26.858	1.373
[05/13 03:24:19] val_5-way-5-shot_osr: 60.783	0.660
[05/13 03:24:19] BEST ACC!
[05/13 03:24:20] BEST Auroc!
[05/13 03:24:20] BEST Fscore!
[05/13 03:24:20] BEST OSR Score!
[05/13 03:24:50] 
[05/13 03:24:50] epoch 3/20, iter 1200:
[05/13 03:24:50] train_loss: 1.79638
[05/13 03:24:50] train_acc: 0.941
[05/13 03:24:50] train_auroc: 0.893
[05/13 03:24:56] Summary name val_5-way-5-shot_tpr@tnr95 is illegal; using val_5-way-5-shot_tpr_tnr95 instead.
[05/13 03:24:56] val_5-way-5-shot_acc: 86.587	0.570
[05/13 03:24:56] val_5-way-5-shot_auroc: 81.080	0.662
[05/13 03:24:56] val_5-way-5-shot_fscore: 71.215	0.726
[05/13 03:24:56] val_5-way-5-shot_tpr@tnr95: 28.563	1.448
[05/13 03:24:56] val_5-way-5-shot_osr: 61.590	0.701
[05/13 03:24:56] BEST ACC!
[05/13 03:24:56] BEST Auroc!
[05/13 03:24:56] BEST Fscore!
[05/13 03:24:56] BEST OSR Score!
[05/13 03:25:27] 
[05/13 03:25:27] epoch 4/20, iter 1600:
[05/13 03:25:27] train_loss: 1.73865
[05/13 03:25:27] train_acc: 0.949
[05/13 03:25:27] train_auroc: 0.908
[05/13 03:25:33] Summary name val_5-way-5-shot_tpr@tnr95 is illegal; using val_5-way-5-shot_tpr_tnr95 instead.
[05/13 03:25:33] val_5-way-5-shot_acc: 86.913	0.573
[05/13 03:25:33] val_5-way-5-shot_auroc: 82.107	0.621
[05/13 03:25:33] val_5-way-5-shot_fscore: 72.281	0.652
[05/13 03:25:33] val_5-way-5-shot_tpr@tnr95: 30.075	1.521
[05/13 03:25:33] val_5-way-5-shot_osr: 62.347	0.732
[05/13 03:25:33] BEST ACC!
[05/13 03:25:34] BEST Auroc!
[05/13 03:25:34] BEST Fscore!
[05/13 03:25:34] BEST OSR Score!
[05/13 03:26:04] 
[05/13 03:26:04] epoch 5/20, iter 2000:
[05/13 03:26:04] train_loss: 1.68636
[05/13 03:26:04] train_acc: 0.953
[05/13 03:26:04] train_auroc: 0.919
[05/13 03:26:10] Summary name val_5-way-5-shot_tpr@tnr95 is illegal; using val_5-way-5-shot_tpr_tnr95 instead.
[05/13 03:26:10] val_5-way-5-shot_acc: 87.040	0.581
[05/13 03:26:10] val_5-way-5-shot_auroc: 82.597	0.588
[05/13 03:26:10] val_5-way-5-shot_fscore: 72.644	0.624
[05/13 03:26:10] val_5-way-5-shot_tpr@tnr95: 30.855	1.542
[05/13 03:26:10] val_5-way-5-shot_osr: 62.736	0.747
[05/13 03:26:11] BEST ACC!
[05/13 03:26:11] BEST Auroc!
[05/13 03:26:11] BEST Fscore!
[05/13 03:26:11] BEST OSR Score!
[05/13 03:26:42] 
[05/13 03:26:42] epoch 6/20, iter 2400:
[05/13 03:26:42] train_loss: 1.63556
[05/13 03:26:42] train_acc: 0.958
[05/13 03:26:42] train_auroc: 0.928
[05/13 03:26:48] Summary name val_5-way-5-shot_tpr@tnr95 is illegal; using val_5-way-5-shot_tpr_tnr95 instead.
[05/13 03:26:48] val_5-way-5-shot_acc: 86.887	0.592
[05/13 03:26:48] val_5-way-5-shot_auroc: 82.990	0.559
[05/13 03:26:48] val_5-way-5-shot_fscore: 72.948	0.575
[05/13 03:26:48] val_5-way-5-shot_tpr@tnr95: 31.719	1.554
[05/13 03:26:48] val_5-way-5-shot_osr: 63.176	0.756
[05/13 03:26:48] BEST Auroc!
[05/13 03:26:48] BEST Fscore!
[05/13 03:26:48] BEST OSR Score!
[05/13 03:27:19] 
[05/13 03:27:19] epoch 7/20, iter 2800:
[05/13 03:27:19] train_loss: 1.58430
[05/13 03:27:19] train_acc: 0.963
[05/13 03:27:19] train_auroc: 0.935
[05/13 03:27:25] Summary name val_5-way-5-shot_tpr@tnr95 is illegal; using val_5-way-5-shot_tpr_tnr95 instead.
[05/13 03:27:25] val_5-way-5-shot_acc: 86.860	0.588
[05/13 03:27:25] val_5-way-5-shot_auroc: 83.468	0.533
[05/13 03:27:25] val_5-way-5-shot_fscore: 73.333	0.581
[05/13 03:27:25] val_5-way-5-shot_tpr@tnr95: 32.831	1.550
[05/13 03:27:25] val_5-way-5-shot_osr: 63.762	0.758
[05/13 03:27:25] BEST Auroc!
[05/13 03:27:25] BEST Fscore!
[05/13 03:27:25] BEST OSR Score!
[05/13 03:27:55] 
[05/13 03:27:55] epoch 8/20, iter 3200:
[05/13 03:27:55] train_loss: 1.53173
[05/13 03:27:55] train_acc: 0.968
[05/13 03:27:55] train_auroc: 0.941
[05/13 03:28:01] Summary name val_5-way-5-shot_tpr@tnr95 is illegal; using val_5-way-5-shot_tpr_tnr95 instead.
[05/13 03:28:01] val_5-way-5-shot_acc: 86.747	0.579
[05/13 03:28:01] val_5-way-5-shot_auroc: 83.628	0.511
[05/13 03:28:01] val_5-way-5-shot_fscore: 73.341	0.572
[05/13 03:28:01] val_5-way-5-shot_tpr@tnr95: 33.443	1.534
[05/13 03:28:01] val_5-way-5-shot_osr: 64.085	0.752
[05/13 03:28:02] BEST Auroc!
[05/13 03:28:02] BEST Fscore!
[05/13 03:28:02] BEST OSR Score!
[05/13 03:28:32] 
[05/13 03:28:32] epoch 9/20, iter 3600:
[05/13 03:28:32] train_loss: 1.47739
[05/13 03:28:32] train_acc: 0.971
[05/13 03:28:32] train_auroc: 0.947
[05/13 03:28:38] Summary name val_5-way-5-shot_tpr@tnr95 is illegal; using val_5-way-5-shot_tpr_tnr95 instead.
[05/13 03:28:38] val_5-way-5-shot_acc: 86.693	0.574
[05/13 03:28:38] val_5-way-5-shot_auroc: 83.670	0.498
[05/13 03:28:38] val_5-way-5-shot_fscore: 73.326	0.558
[05/13 03:28:38] val_5-way-5-shot_tpr@tnr95: 33.835	1.547
[05/13 03:28:38] val_5-way-5-shot_osr: 64.307	0.758
[05/13 03:28:39] BEST Auroc!
[05/13 03:28:39] BEST OSR Score!
[05/13 03:29:09] 
[05/13 03:29:09] epoch 10/20, iter 4000:
[05/13 03:29:09] train_loss: 1.42112
[05/13 03:29:09] train_acc: 0.974
[05/13 03:29:09] train_auroc: 0.952
[05/13 03:29:15] Summary name val_5-way-5-shot_tpr@tnr95 is illegal; using val_5-way-5-shot_tpr_tnr95 instead.
[05/13 03:29:15] val_5-way-5-shot_acc: 86.527	0.570
[05/13 03:29:15] val_5-way-5-shot_auroc: 83.646	0.489
[05/13 03:29:15] val_5-way-5-shot_fscore: 73.348	0.530
[05/13 03:29:15] val_5-way-5-shot_tpr@tnr95: 34.128	1.604
[05/13 03:29:15] val_5-way-5-shot_osr: 64.432	0.780
[05/13 03:29:15] BEST Fscore!
[05/13 03:29:16] BEST OSR Score!
[05/13 03:29:46] 
[05/13 03:29:46] epoch 11/20, iter 4400:
[05/13 03:29:46] train_loss: 1.37591
[05/13 03:29:46] train_acc: 0.978
[05/13 03:29:46] train_auroc: 0.956
[05/13 03:29:53] Summary name val_5-way-5-shot_tpr@tnr95 is illegal; using val_5-way-5-shot_tpr_tnr95 instead.
[05/13 03:29:53] val_5-way-5-shot_acc: 86.720	0.568
[05/13 03:29:53] val_5-way-5-shot_auroc: 82.902	0.501
[05/13 03:29:53] val_5-way-5-shot_fscore: 72.496	0.561
[05/13 03:29:53] val_5-way-5-shot_tpr@tnr95: 32.473	1.515
[05/13 03:29:53] val_5-way-5-shot_osr: 63.636	0.738
[05/13 03:30:23] 
[05/13 03:30:23] epoch 12/20, iter 4800:
[05/13 03:30:23] train_loss: 1.36518
[05/13 03:30:23] train_acc: 0.978
[05/13 03:30:23] train_auroc: 0.957
[05/13 03:30:29] Summary name val_5-way-5-shot_tpr@tnr95 is illegal; using val_5-way-5-shot_tpr_tnr95 instead.
[05/13 03:30:29] val_5-way-5-shot_acc: 86.727	0.571
[05/13 03:30:29] val_5-way-5-shot_auroc: 82.867	0.500
[05/13 03:30:29] val_5-way-5-shot_fscore: 72.541	0.567
[05/13 03:30:29] val_5-way-5-shot_tpr@tnr95: 32.424	1.527
[05/13 03:30:29] val_5-way-5-shot_osr: 63.605	0.744
[05/13 03:30:58] 
[05/13 03:30:58] epoch 13/20, iter 5200:
[05/13 03:30:58] train_loss: 1.35735
[05/13 03:30:58] train_acc: 0.979
[05/13 03:30:58] train_auroc: 0.958
[05/13 03:31:04] Summary name val_5-way-5-shot_tpr@tnr95 is illegal; using val_5-way-5-shot_tpr_tnr95 instead.
[05/13 03:31:04] val_5-way-5-shot_acc: 86.720	0.568
[05/13 03:31:04] val_5-way-5-shot_auroc: 82.864	0.500
[05/13 03:31:04] val_5-way-5-shot_fscore: 72.522	0.568
[05/13 03:31:04] val_5-way-5-shot_tpr@tnr95: 32.481	1.536
[05/13 03:31:04] val_5-way-5-shot_osr: 63.644	0.746
[05/13 03:31:34] 
[05/13 03:31:34] epoch 14/20, iter 5600:
[05/13 03:31:34] train_loss: 1.35005
[05/13 03:31:34] train_acc: 0.979
[05/13 03:31:34] train_auroc: 0.958
[05/13 03:31:40] Summary name val_5-way-5-shot_tpr@tnr95 is illegal; using val_5-way-5-shot_tpr_tnr95 instead.
[05/13 03:31:40] val_5-way-5-shot_acc: 86.733	0.565
[05/13 03:31:40] val_5-way-5-shot_auroc: 82.865	0.499
[05/13 03:31:40] val_5-way-5-shot_fscore: 72.511	0.572
[05/13 03:31:40] val_5-way-5-shot_tpr@tnr95: 32.565	1.536
[05/13 03:31:40] val_5-way-5-shot_osr: 63.671	0.747
[05/13 03:32:10] 
[05/13 03:32:10] epoch 15/20, iter 6000:
[05/13 03:32:10] train_loss: 1.34298
[05/13 03:32:10] train_acc: 0.979
[05/13 03:32:10] train_auroc: 0.959
[05/13 03:32:16] Summary name val_5-way-5-shot_tpr@tnr95 is illegal; using val_5-way-5-shot_tpr_tnr95 instead.
[05/13 03:32:16] val_5-way-5-shot_acc: 86.687	0.559
[05/13 03:32:16] val_5-way-5-shot_auroc: 82.856	0.498
[05/13 03:32:16] val_5-way-5-shot_fscore: 72.474	0.562
[05/13 03:32:16] val_5-way-5-shot_tpr@tnr95: 32.625	1.542
[05/13 03:32:16] val_5-way-5-shot_osr: 63.704	0.749
[05/13 03:32:45] 
[05/13 03:32:45] epoch 16/20, iter 6400:
[05/13 03:32:45] train_loss: 1.33603
[05/13 03:32:45] train_acc: 0.980
[05/13 03:32:45] train_auroc: 0.960
[05/13 03:32:52] Summary name val_5-way-5-shot_tpr@tnr95 is illegal; using val_5-way-5-shot_tpr_tnr95 instead.
[05/13 03:32:52] val_5-way-5-shot_acc: 86.673	0.562
[05/13 03:32:52] val_5-way-5-shot_auroc: 82.849	0.497
[05/13 03:32:52] val_5-way-5-shot_fscore: 72.430	0.563
[05/13 03:32:52] val_5-way-5-shot_tpr@tnr95: 32.696	1.549
[05/13 03:32:52] val_5-way-5-shot_osr: 63.741	0.753
[05/13 03:33:21] 
[05/13 03:33:21] epoch 17/20, iter 6800:
[05/13 03:33:21] train_loss: 1.32912
[05/13 03:33:21] train_acc: 0.981
[05/13 03:33:21] train_auroc: 0.960
[05/13 03:33:27] Summary name val_5-way-5-shot_tpr@tnr95 is illegal; using val_5-way-5-shot_tpr_tnr95 instead.
[05/13 03:33:27] val_5-way-5-shot_acc: 86.667	0.559
[05/13 03:33:27] val_5-way-5-shot_auroc: 82.829	0.496
[05/13 03:33:27] val_5-way-5-shot_fscore: 72.444	0.561
[05/13 03:33:27] val_5-way-5-shot_tpr@tnr95: 32.698	1.552
[05/13 03:33:27] val_5-way-5-shot_osr: 63.734	0.753
[05/13 03:33:57] 
[05/13 03:33:57] epoch 18/20, iter 7200:
[05/13 03:33:57] train_loss: 1.32224
[05/13 03:33:57] train_acc: 0.981
[05/13 03:33:57] train_auroc: 0.961
[05/13 03:34:03] Summary name val_5-way-5-shot_tpr@tnr95 is illegal; using val_5-way-5-shot_tpr_tnr95 instead.
[05/13 03:34:03] val_5-way-5-shot_acc: 86.613	0.559
[05/13 03:34:03] val_5-way-5-shot_auroc: 82.826	0.496
[05/13 03:34:03] val_5-way-5-shot_fscore: 72.474	0.561
[05/13 03:34:03] val_5-way-5-shot_tpr@tnr95: 32.716	1.563
[05/13 03:34:03] val_5-way-5-shot_osr: 63.741	0.758
[05/13 03:34:33] 
[05/13 03:34:33] epoch 19/20, iter 7600:
[05/13 03:34:33] train_loss: 1.32099
[05/13 03:34:33] train_acc: 0.981
[05/13 03:34:33] train_auroc: 0.961
[05/13 03:34:39] Summary name val_5-way-5-shot_tpr@tnr95 is illegal; using val_5-way-5-shot_tpr_tnr95 instead.
[05/13 03:34:39] val_5-way-5-shot_acc: 86.613	0.572
[05/13 03:34:39] val_5-way-5-shot_auroc: 82.817	0.495
[05/13 03:34:39] val_5-way-5-shot_fscore: 72.407	0.548
[05/13 03:34:39] val_5-way-5-shot_tpr@tnr95: 32.811	1.571
[05/13 03:34:39] val_5-way-5-shot_osr: 63.788	0.759
[05/13 03:35:08] 
[05/13 03:35:08] epoch 20/20, iter 8000:
[05/13 03:35:08] train_loss: 1.31871
[05/13 03:35:08] train_acc: 0.981
[05/13 03:35:08] train_auroc: 0.961
[05/13 03:35:14] Summary name val_5-way-5-shot_tpr@tnr95 is illegal; using val_5-way-5-shot_tpr_tnr95 instead.
[05/13 03:35:14] val_5-way-5-shot_acc: 86.573	0.575
[05/13 03:35:14] val_5-way-5-shot_auroc: 82.802	0.496
[05/13 03:35:14] val_5-way-5-shot_fscore: 72.341	0.548
[05/13 03:35:14] val_5-way-5-shot_tpr@tnr95: 32.800	1.571
[05/13 03:35:14] val_5-way-5-shot_osr: 63.775	0.759
[05/13 03:35:14] training finished!
[05/13 03:35:14] ------------------------
[05/13 03:35:14] the best epoch is 10/20
[05/13 03:35:14] the best 5-way 5-shot val acc is 87.040
[05/13 03:36:20] start training!
[05/13 03:36:49] 
[05/13 03:36:49] epoch 1/20, iter 400:
[05/13 03:36:49] train_loss: 1.97398
[05/13 03:36:49] train_acc: 0.913
[05/13 03:36:49] train_auroc: 0.824
[05/13 03:36:57] Summary name val_5-way-5-shot_tpr@tnr95 is illegal; using val_5-way-5-shot_tpr_tnr95 instead.
[05/13 03:36:57] val_5-way-5-shot_acc: 84.787	0.630
[05/13 03:36:57] val_5-way-5-shot_auroc: 77.148	0.767
[05/13 03:36:57] val_5-way-5-shot_fscore: 67.407	0.817
[05/13 03:36:57] val_5-way-5-shot_tpr@tnr95: 24.843	1.347
[05/13 03:36:57] val_5-way-5-shot_osr: 59.847	0.639
[05/13 03:36:57] BEST ACC!
[05/13 03:36:57] BEST Auroc!
[05/13 03:36:57] BEST Fscore!
[05/13 03:36:57] BEST OSR Score!
[05/13 03:37:25] 
[05/13 03:37:25] epoch 2/20, iter 800:
[05/13 03:37:25] train_loss: 1.85338
[05/13 03:37:25] train_acc: 0.933
[05/13 03:37:25] train_auroc: 0.869
[05/13 03:37:31] Summary name val_5-way-5-shot_tpr@tnr95 is illegal; using val_5-way-5-shot_tpr_tnr95 instead.
[05/13 03:37:31] val_5-way-5-shot_acc: 86.047	0.596
[05/13 03:37:31] val_5-way-5-shot_auroc: 79.933	0.704
[05/13 03:37:31] val_5-way-5-shot_fscore: 70.141	0.762
[05/13 03:37:31] val_5-way-5-shot_tpr@tnr95: 27.096	1.394
[05/13 03:37:31] val_5-way-5-shot_osr: 60.928	0.672
[05/13 03:37:32] BEST ACC!
[05/13 03:37:32] BEST Auroc!
[05/13 03:37:32] BEST Fscore!
[05/13 03:37:32] BEST OSR Score!
[05/13 03:38:00] 
[05/13 03:38:00] epoch 3/20, iter 1200:
[05/13 03:38:00] train_loss: 1.79003
[05/13 03:38:00] train_acc: 0.941
[05/13 03:38:00] train_auroc: 0.893
[05/13 03:38:06] Summary name val_5-way-5-shot_tpr@tnr95 is illegal; using val_5-way-5-shot_tpr_tnr95 instead.
[05/13 03:38:06] val_5-way-5-shot_acc: 86.540	0.594
[05/13 03:38:06] val_5-way-5-shot_auroc: 81.292	0.658
[05/13 03:38:06] val_5-way-5-shot_fscore: 71.541	0.687
[05/13 03:38:06] val_5-way-5-shot_tpr@tnr95: 28.408	1.454
[05/13 03:38:06] val_5-way-5-shot_osr: 61.573	0.697
[05/13 03:38:06] BEST ACC!
[05/13 03:38:07] BEST Auroc!
[05/13 03:38:07] BEST Fscore!
[05/13 03:38:07] BEST OSR Score!
[05/13 03:38:34] 
[05/13 03:38:34] epoch 4/20, iter 1600:
[05/13 03:38:34] train_loss: 1.73617
[05/13 03:38:34] train_acc: 0.948
[05/13 03:38:34] train_auroc: 0.908
[05/13 03:38:40] Summary name val_5-way-5-shot_tpr@tnr95 is illegal; using val_5-way-5-shot_tpr_tnr95 instead.
[05/13 03:38:40] val_5-way-5-shot_acc: 86.793	0.579
[05/13 03:38:40] val_5-way-5-shot_auroc: 82.351	0.609
[05/13 03:38:40] val_5-way-5-shot_fscore: 72.778	0.627
[05/13 03:38:40] val_5-way-5-shot_tpr@tnr95: 29.738	1.491
[05/13 03:38:40] val_5-way-5-shot_osr: 62.217	0.717
[05/13 03:38:40] BEST ACC!
[05/13 03:38:40] BEST Auroc!
[05/13 03:38:41] BEST Fscore!
[05/13 03:38:41] BEST OSR Score!
[05/13 03:39:08] 
[05/13 03:39:08] epoch 5/20, iter 2000:
[05/13 03:39:08] train_loss: 1.68557
[05/13 03:39:08] train_acc: 0.953
[05/13 03:39:08] train_auroc: 0.919
[05/13 03:39:14] Summary name val_5-way-5-shot_tpr@tnr95 is illegal; using val_5-way-5-shot_tpr_tnr95 instead.
[05/13 03:39:14] val_5-way-5-shot_acc: 86.913	0.582
[05/13 03:39:14] val_5-way-5-shot_auroc: 82.923	0.572
[05/13 03:39:14] val_5-way-5-shot_fscore: 73.104	0.604
[05/13 03:39:14] val_5-way-5-shot_tpr@tnr95: 30.687	1.529
[05/13 03:39:14] val_5-way-5-shot_osr: 62.704	0.740
[05/13 03:39:14] BEST ACC!
[05/13 03:39:15] BEST Auroc!
[05/13 03:39:15] BEST Fscore!
[05/13 03:39:15] BEST OSR Score!
[05/13 03:39:43] 
[05/13 03:39:43] epoch 6/20, iter 2400:
[05/13 03:39:43] train_loss: 1.63541
[05/13 03:39:43] train_acc: 0.958
[05/13 03:39:43] train_auroc: 0.928
[05/13 03:39:49] Summary name val_5-way-5-shot_tpr@tnr95 is illegal; using val_5-way-5-shot_tpr_tnr95 instead.
[05/13 03:39:49] val_5-way-5-shot_acc: 86.940	0.587
[05/13 03:39:49] val_5-way-5-shot_auroc: 83.232	0.544
[05/13 03:39:49] val_5-way-5-shot_fscore: 73.215	0.586
[05/13 03:39:49] val_5-way-5-shot_tpr@tnr95: 31.565	1.533
[05/13 03:39:49] val_5-way-5-shot_osr: 63.169	0.744
[05/13 03:39:49] BEST ACC!
[05/13 03:39:49] BEST Auroc!
[05/13 03:39:50] BEST Fscore!
[05/13 03:39:50] BEST OSR Score!
[05/13 03:40:18] 
[05/13 03:40:18] epoch 7/20, iter 2800:
[05/13 03:40:18] train_loss: 1.58465
[05/13 03:40:18] train_acc: 0.963
[05/13 03:40:18] train_auroc: 0.935
[05/13 03:40:24] Summary name val_5-way-5-shot_tpr@tnr95 is illegal; using val_5-way-5-shot_tpr_tnr95 instead.
[05/13 03:40:24] val_5-way-5-shot_acc: 86.853	0.589
[05/13 03:40:24] val_5-way-5-shot_auroc: 83.340	0.523
[05/13 03:40:24] val_5-way-5-shot_fscore: 73.341	0.569
[05/13 03:40:24] val_5-way-5-shot_tpr@tnr95: 32.283	1.514
[05/13 03:40:24] val_5-way-5-shot_osr: 63.529	0.735
[05/13 03:40:24] BEST Auroc!
[05/13 03:40:24] BEST Fscore!
[05/13 03:40:24] BEST OSR Score!
[05/13 03:40:53] 
[05/13 03:40:53] epoch 8/20, iter 3200:
[05/13 03:40:53] train_loss: 1.53228
[05/13 03:40:53] train_acc: 0.967
[05/13 03:40:53] train_auroc: 0.941
[05/13 03:40:59] Summary name val_5-way-5-shot_tpr@tnr95 is illegal; using val_5-way-5-shot_tpr_tnr95 instead.
[05/13 03:40:59] val_5-way-5-shot_acc: 86.807	0.587
[05/13 03:40:59] val_5-way-5-shot_auroc: 83.407	0.508
[05/13 03:40:59] val_5-way-5-shot_fscore: 73.185	0.572
[05/13 03:40:59] val_5-way-5-shot_tpr@tnr95: 32.815	1.494
[05/13 03:40:59] val_5-way-5-shot_osr: 63.819	0.723
[05/13 03:40:59] BEST Auroc!
[05/13 03:40:59] BEST OSR Score!
[05/13 03:41:27] 
[05/13 03:41:27] epoch 9/20, iter 3600:
[05/13 03:41:27] train_loss: 1.47808
[05/13 03:41:27] train_acc: 0.971
[05/13 03:41:27] train_auroc: 0.946
[05/13 03:41:33] Summary name val_5-way-5-shot_tpr@tnr95 is illegal; using val_5-way-5-shot_tpr_tnr95 instead.
[05/13 03:41:33] val_5-way-5-shot_acc: 86.620	0.575
[05/13 03:41:33] val_5-way-5-shot_auroc: 83.421	0.499
[05/13 03:41:33] val_5-way-5-shot_fscore: 73.074	0.571
[05/13 03:41:33] val_5-way-5-shot_tpr@tnr95: 33.230	1.482
[05/13 03:41:33] val_5-way-5-shot_osr: 64.003	0.715
[05/13 03:41:33] BEST Auroc!
[05/13 03:41:33] BEST OSR Score!
[05/13 03:42:01] 
[05/13 03:42:01] epoch 10/20, iter 4000:
[05/13 03:42:01] train_loss: 1.42191
[05/13 03:42:01] train_acc: 0.975
[05/13 03:42:01] train_auroc: 0.952
[05/13 03:42:07] Summary name val_5-way-5-shot_tpr@tnr95 is illegal; using val_5-way-5-shot_tpr_tnr95 instead.
[05/13 03:42:07] val_5-way-5-shot_acc: 86.440	0.565
[05/13 03:42:07] val_5-way-5-shot_auroc: 83.248	0.492
[05/13 03:42:07] val_5-way-5-shot_fscore: 72.793	0.557
[05/13 03:42:07] val_5-way-5-shot_tpr@tnr95: 33.212	1.468
[05/13 03:42:07] val_5-way-5-shot_osr: 63.989	0.708
[05/13 03:42:35] 
[05/13 03:42:35] epoch 11/20, iter 4400:
[05/13 03:42:35] train_loss: 1.37839
[05/13 03:42:35] train_acc: 0.978
[05/13 03:42:35] train_auroc: 0.956
[05/13 03:42:42] Summary name val_5-way-5-shot_tpr@tnr95 is illegal; using val_5-way-5-shot_tpr_tnr95 instead.
[05/13 03:42:42] val_5-way-5-shot_acc: 86.680	0.557
[05/13 03:42:42] val_5-way-5-shot_auroc: 82.756	0.500
[05/13 03:42:42] val_5-way-5-shot_fscore: 72.489	0.570
[05/13 03:42:42] val_5-way-5-shot_tpr@tnr95: 32.053	1.473
[05/13 03:42:42] val_5-way-5-shot_osr: 63.410	0.702
[05/13 03:43:10] 
[05/13 03:43:10] epoch 12/20, iter 4800:
[05/13 03:43:10] train_loss: 1.36750
[05/13 03:43:10] train_acc: 0.978
[05/13 03:43:10] train_auroc: 0.957
[05/13 03:43:16] Summary name val_5-way-5-shot_tpr@tnr95 is illegal; using val_5-way-5-shot_tpr_tnr95 instead.
[05/13 03:43:16] val_5-way-5-shot_acc: 86.693	0.561
[05/13 03:43:16] val_5-way-5-shot_auroc: 82.669	0.501
[05/13 03:43:16] val_5-way-5-shot_fscore: 72.415	0.575
[05/13 03:43:16] val_5-way-5-shot_tpr@tnr95: 32.031	1.472
[05/13 03:43:16] val_5-way-5-shot_osr: 63.408	0.701
[05/13 03:43:45] 
[05/13 03:43:45] epoch 13/20, iter 5200:
[05/13 03:43:45] train_loss: 1.35964
[05/13 03:43:45] train_acc: 0.979
[05/13 03:43:45] train_auroc: 0.957
[05/13 03:43:51] Summary name val_5-way-5-shot_tpr@tnr95 is illegal; using val_5-way-5-shot_tpr_tnr95 instead.
[05/13 03:43:51] val_5-way-5-shot_acc: 86.720	0.565
[05/13 03:43:51] val_5-way-5-shot_auroc: 82.647	0.502
[05/13 03:43:51] val_5-way-5-shot_fscore: 72.341	0.569
[05/13 03:43:51] val_5-way-5-shot_tpr@tnr95: 32.005	1.475
[05/13 03:43:51] val_5-way-5-shot_osr: 63.388	0.703
[05/13 03:44:19] 
[05/13 03:44:19] epoch 14/20, iter 5600:
[05/13 03:44:19] train_loss: 1.35230
[05/13 03:44:19] train_acc: 0.979
[05/13 03:44:19] train_auroc: 0.958
[05/13 03:44:25] Summary name val_5-way-5-shot_tpr@tnr95 is illegal; using val_5-way-5-shot_tpr_tnr95 instead.
[05/13 03:44:25] val_5-way-5-shot_acc: 86.740	0.560
[05/13 03:44:25] val_5-way-5-shot_auroc: 82.635	0.501
[05/13 03:44:25] val_5-way-5-shot_fscore: 72.378	0.572
[05/13 03:44:25] val_5-way-5-shot_tpr@tnr95: 32.097	1.481
[05/13 03:44:25] val_5-way-5-shot_osr: 63.421	0.706
[05/13 03:44:53] 
[05/13 03:44:53] epoch 15/20, iter 6000:
[05/13 03:44:53] train_loss: 1.34514
[05/13 03:44:53] train_acc: 0.980
[05/13 03:44:53] train_auroc: 0.959
[05/13 03:44:59] Summary name val_5-way-5-shot_tpr@tnr95 is illegal; using val_5-way-5-shot_tpr_tnr95 instead.
[05/13 03:44:59] val_5-way-5-shot_acc: 86.760	0.558
[05/13 03:44:59] val_5-way-5-shot_auroc: 82.633	0.500
[05/13 03:44:59] val_5-way-5-shot_fscore: 72.348	0.576
[05/13 03:44:59] val_5-way-5-shot_tpr@tnr95: 32.077	1.479
[05/13 03:44:59] val_5-way-5-shot_osr: 63.407	0.705
[05/13 03:45:27] 
[05/13 03:45:27] epoch 16/20, iter 6400:
[05/13 03:45:27] train_loss: 1.33805
[05/13 03:45:27] train_acc: 0.980
[05/13 03:45:27] train_auroc: 0.959
[05/13 03:45:33] Summary name val_5-way-5-shot_tpr@tnr95 is illegal; using val_5-way-5-shot_tpr_tnr95 instead.
[05/13 03:45:33] val_5-way-5-shot_acc: 86.733	0.555
[05/13 03:45:33] val_5-way-5-shot_auroc: 82.643	0.499
[05/13 03:45:33] val_5-way-5-shot_fscore: 72.356	0.567
[05/13 03:45:33] val_5-way-5-shot_tpr@tnr95: 32.164	1.479
[05/13 03:45:33] val_5-way-5-shot_osr: 63.451	0.705
[05/13 03:46:02] 
[05/13 03:46:02] epoch 17/20, iter 6800:
[05/13 03:46:02] train_loss: 1.33103
[05/13 03:46:02] train_acc: 0.980
[05/13 03:46:02] train_auroc: 0.960
[05/13 03:46:08] Summary name val_5-way-5-shot_tpr@tnr95 is illegal; using val_5-way-5-shot_tpr_tnr95 instead.
[05/13 03:46:08] val_5-way-5-shot_acc: 86.707	0.556
[05/13 03:46:08] val_5-way-5-shot_auroc: 82.651	0.498
[05/13 03:46:08] val_5-way-5-shot_fscore: 72.348	0.558
[05/13 03:46:08] val_5-way-5-shot_tpr@tnr95: 32.226	1.479
[05/13 03:46:08] val_5-way-5-shot_osr: 63.479	0.704
[05/13 03:46:36] 
[05/13 03:46:36] epoch 18/20, iter 7200:
[05/13 03:46:36] train_loss: 1.32404
[05/13 03:46:36] train_acc: 0.981
[05/13 03:46:36] train_auroc: 0.960
[05/13 03:46:42] Summary name val_5-way-5-shot_tpr@tnr95 is illegal; using val_5-way-5-shot_tpr_tnr95 instead.
[05/13 03:46:42] val_5-way-5-shot_acc: 86.680	0.553
[05/13 03:46:42] val_5-way-5-shot_auroc: 82.651	0.497
[05/13 03:46:42] val_5-way-5-shot_fscore: 72.385	0.553
[05/13 03:46:42] val_5-way-5-shot_tpr@tnr95: 32.288	1.482
[05/13 03:46:42] val_5-way-5-shot_osr: 63.519	0.706
[05/13 03:47:11] 
[05/13 03:47:11] epoch 19/20, iter 7600:
[05/13 03:47:11] train_loss: 1.32251
[05/13 03:47:11] train_acc: 0.981
[05/13 03:47:11] train_auroc: 0.961
[05/13 03:47:17] Summary name val_5-way-5-shot_tpr@tnr95 is illegal; using val_5-way-5-shot_tpr_tnr95 instead.
[05/13 03:47:17] val_5-way-5-shot_acc: 86.673	0.561
[05/13 03:47:17] val_5-way-5-shot_auroc: 82.654	0.497
[05/13 03:47:17] val_5-way-5-shot_fscore: 72.422	0.557
[05/13 03:47:17] val_5-way-5-shot_tpr@tnr95: 32.333	1.502
[05/13 03:47:17] val_5-way-5-shot_osr: 63.541	0.717
[05/13 03:47:45] 
[05/13 03:47:45] epoch 20/20, iter 8000:
[05/13 03:47:45] train_loss: 1.32025
[05/13 03:47:45] train_acc: 0.981
[05/13 03:47:45] train_auroc: 0.961
[05/13 03:47:51] Summary name val_5-way-5-shot_tpr@tnr95 is illegal; using val_5-way-5-shot_tpr_tnr95 instead.
[05/13 03:47:51] val_5-way-5-shot_acc: 86.627	0.549
[05/13 03:47:51] val_5-way-5-shot_auroc: 82.664	0.497
[05/13 03:47:51] val_5-way-5-shot_fscore: 72.459	0.555
[05/13 03:47:51] val_5-way-5-shot_tpr@tnr95: 32.389	1.507
[05/13 03:47:51] val_5-way-5-shot_osr: 63.556	0.718
[05/13 03:47:51] training finished!
[05/13 03:47:51] ------------------------
[05/13 03:47:51] the best epoch is 9/20
[05/13 03:47:51] the best 5-way 5-shot val acc is 86.940
