/usr/local/miniconda3/envs/py312/lib/python3.12/site-packages/torch/cuda/__init__.py:184: UserWarning: CUDA initialization: CUDA unknown error - this may be due to an incorrectly set up environment, e.g. changing env variable CUDA_VISIBLE_DEVICES after program start. Setting the available devices to be zero. (Triggered internally at /pytorch/c10/cuda/CUDAFunctions.cpp:119.)
  return torch._C._cuda_getDeviceCount() > 0
/usr/local/miniconda3/envs/py312/lib/python3.12/site-packages/sklearn/mixture/_base.py:468: RuntimeWarning: covariance is not symmetric positive-semidefinite.
  rng.multivariate_normal(mean, covariance, int(sample))
/usr/local/miniconda3/envs/py312/lib/python3.12/site-packages/sklearn/mixture/_base.py:468: RuntimeWarning: covariance is not symmetric positive-semidefinite.
  rng.multivariate_normal(mean, covariance, int(sample))
FeatureExtractor: loaded YAMNet pretrained weights from yamnet.pth (FC layers random)
FeatureExtractor: loaded 193/193 parameters from experiment/yamnet_fewshot_osr22/base_feature_extractor.pth
Extracting features...
使用动态加载模式，不加载缓存文件 /coding/audio_classifying/unprocessed_data/TAU22_train_pro_1s.pt
索引映射构建完成，总样本数: 30000
使用动态加载模式，不加载缓存文件 /coding/audio_classifying/unprocessed_data/TAU22_calib_pro_1s.pt
索引映射构建完成，总样本数: 620
使用动态加载模式，不加载缓存文件 /coding/audio_classifying/unprocessed_data/TAU22_eval_pro_1s.pt
索引映射构建完成，总样本数: 18000
Loading cached features from experiment/fewshot_cache/tau22_train_features.pt (version: v22_fewshot_yamnet_normalized)
  Classes: [0, 1, 2, 3, 4, 5]
    Class 0: 5000 samples
    Class 1: 5000 samples
    Class 2: 5000 samples
    Class 3: 5000 samples
    Class 4: 5000 samples
    Class 5: 5000 samples
Loading cached features from experiment/fewshot_cache/tau22_calib_features.pt (version: v22_fewshot_yamnet_normalized)
  Classes: [0, 1, 2, 3, 4, 5, 6, 7, 8, 9]
    Class 0: 100 samples
    Class 1: 100 samples
    Class 2: 100 samples
    Class 3: 100 samples
    Class 4: 100 samples
    Class 5: 100 samples
    Class 6: 5 samples
    Class 7: 5 samples
    Class 8: 5 samples
    Class 9: 5 samples
Loading cached features from experiment/fewshot_cache/tau22_test_features.pt (version: v22_fewshot_yamnet_normalized)
  Classes: [0, 1, 2, 3, 4, 5, 6, 7, 8, 9]
    Class 0: 1800 samples
    Class 1: 1800 samples
    Class 2: 1800 samples
    Class 3: 1800 samples
    Class 4: 1800 samples
    Class 5: 1800 samples
    Class 6: 1800 samples
    Class 7: 1800 samples
    Class 8: 1800 samples
    Class 9: 1800 samples

  n_open=2, unknown=[6, 7]
Real OOD exposure: 3600 samples from classes [6, 7]
Initializing Curriculum OOD Sampler (3-level progressive training)...
  CurriculumOODSampler Level 1: Simple perturbations (mixup + noise)
  CurriculumOODSampler Level 2: Initializing GMM boundary sampler...
  GMM Boundary Sampler: fitting GMM(6) on 30000 samples, dim=64
  GMM train log-likelihood: mean=114.71, 10th percentile=67.27
  GMM boundary pool: 5000 samples, dim=64, device=cpu
Flow classifier params: 14,756

Checkpoint not found at experiment/episodic_exp/openness/open2/fewshot_best.pth, starting from scratch
Curriculum OOD Sampler configured with classifier

======================================================================
Episodic Meta-Training: 6-way 5-shot
Base classes:     [0, 1, 2, 3, 4, 5]
Unknown classes:  [6, 7]
Episodes:         500
Accum steps:      1 (eff.batch=1x)
Eval every:       500 episodes
Proto noise std:  0.15
OOD ratio:          0.3
LR warmup:        500 episodes
Stage2 (cls):     1000 episodes
Gaussian prior:   delayed to Phase 2 (ep 501)
Patience:         3000 episodes (6 evals)
======================================================================

Ep   500/500 | CE: 1.7393 Total: 1.7393 Acc: 33.84% | Val Loss: 1.7763 Acc: 50.00% | LR: 2.00e-04 cls:0.0
  -> Best model saved (Val Acc: 50.00%)

Loaded best model (Val Acc: 50.00%, Ep 500)

======================================================================
Episodic training complete!
Best validation accuracy: 50.00%
======================================================================
Episode history saved: experiment/episodic_exp/openness/open2/episodic_history.json

======================================================================
OSR Calibration (ANTI_PROTOTYPE)
======================================================================
Prototypes: torch.Size([6, 64]) from 6 base classes
Computing feature-space statistics...
Known samples:   600
Unknown samples: 10
Known scores:   [-0.96, 2.98] mean=0.60
Unknown scores: [-1.24, 1.44] mean=0.01
Mean separation: 0.59 (positive = known higher = good)

Threshold (tau): -0.4915
Known accepted (TNR): 95.00%
Unknown detected (TPR): 10.00%

======================================================================
OSR Evaluation (ANTI_PROTOTYPE)
Mode: per-round recalibration (TNR-fixed at 95%)
======================================================================

Results over 10 rounds:
  Known accepted (TNR):     95.00%
  Unknown detected (TPR):   27.81%
  OSR Score (mean):         61.41%
  AUROC:                    0.6890

======================================================================
OSR Calibration (FEATURE_MAHALANOBIS)
======================================================================
Prototypes: torch.Size([6, 64]) from 6 base classes
Computing feature-space statistics...
Known samples:   600
Unknown samples: 10
Known scores:   [-9.59, -1.07] mean=-3.81
Unknown scores: [-7.39, -3.17] mean=-5.49
Mean separation: 1.68 (positive = known higher = good)

Threshold (tau): -7.9414
Known accepted (TNR): 95.00%
Unknown detected (TPR): 0.00%

======================================================================
OSR Evaluation (FEATURE_MAHALANOBIS)
Mode: per-round recalibration (TNR-fixed at 95%)
======================================================================

Results over 10 rounds:
  Known accepted (TNR):     95.00%
  Unknown detected (TPR):   6.81%
  OSR Score (mean):         50.90%
  AUROC:                    0.6854

======================================================================
OSR Calibration (OOD_HEAD_FUSION_V2)
======================================================================
Prototypes: torch.Size([6, 64]) from 6 base classes
Computing feature-space statistics...
Training osr24b fusion OOD head (14-dim: 13 cluster_v2 + 1 anti_proto)...
  osr23 GMM: fitting on calib set (600 samples), n_components=12, covariance=full
  osr23 GMM converged: True
  osr24b fusion OOD head weights:
                min_dist: -0.3059
              dist_ratio: +0.1209
             softmax_max: +0.6624
                 entropy: -0.4135
               feat_norm: +0.0449
                2nd_dist: -0.7595
               score_gap: -0.9471
          dist_to_center: -0.5324
         proto_score_var: +0.4080
         norm_dist_ratio: +0.0582
           cluster_mahal: -3.0342
        cluster_post_max: +0.0016
             cluster_ent: -0.0023
        anti_proto_score: +0.3576 ← NEW
  Calib TNR: 95.00%  TPR: 100.00%  (threshold=0.9545)
Mean separation: 0.99 (positive = known higher = good)

Threshold (tau): 0.9621

======================================================================
OSR Evaluation (OOD_HEAD_FUSION_V2)
Mode: per-round recalibration (TNR-fixed at 95%)
======================================================================
Training osr24b fusion OOD head (14-dim: 13 cluster_v2 + 1 anti_proto)...
  osr23 GMM: fitting on calib set (10800 samples), n_components=12, covariance=full
  osr23 GMM converged: True
  osr24b fusion OOD head weights:
                min_dist: -2.7676
              dist_ratio: -1.8340
             softmax_max: +1.1807
                 entropy: +1.4538
               feat_norm: +3.4703
                2nd_dist: -2.6382
               score_gap: -1.3383
          dist_to_center: +0.7066
         proto_score_var: +0.8649
         norm_dist_ratio: +1.6451
           cluster_mahal: -0.1202
        cluster_post_max: -0.2442
             cluster_ent: -0.4539
        anti_proto_score: -1.3107 ← NEW
  Calib TNR: 95.00%  TPR: 72.72%  (threshold=0.1398)

Results over 10 rounds:
  Known accepted (TNR):     95.00%
  Unknown detected (TPR):   73.89%
  OSR Score (mean):         84.44%
  AUROC:                    0.9539

  n_open=4, unknown=[6, 7, 8, 9]
Real OOD exposure: 7200 samples from classes [6, 7, 8, 9]
Initializing Curriculum OOD Sampler (3-level progressive training)...
  CurriculumOODSampler Level 1: Simple perturbations (mixup + noise)
  CurriculumOODSampler Level 2: Initializing GMM boundary sampler...
  GMM Boundary Sampler: fitting GMM(6) on 30000 samples, dim=64
  GMM train log-likelihood: mean=114.71, 10th percentile=67.27
  GMM boundary pool: 5000 samples, dim=64, device=cpu
Flow classifier params: 14,756

Checkpoint not found at experiment/episodic_exp/openness/open4/fewshot_best.pth, starting from scratch
Curriculum OOD Sampler configured with classifier

======================================================================
Episodic Meta-Training: 6-way 5-shot
Base classes:     [0, 1, 2, 3, 4, 5]
Unknown classes:  [6, 7, 8, 9]
Episodes:         500
Accum steps:      1 (eff.batch=1x)
Eval every:       500 episodes
Proto noise std:  0.15
OOD ratio:          0.3
LR warmup:        500 episodes
Stage2 (cls):     1000 episodes
Gaussian prior:   delayed to Phase 2 (ep 501)
Patience:         3000 episodes (6 evals)
======================================================================

Ep   500/500 | CE: 1.7285 Total: 1.7285 Acc: 34.88% | Val Loss: 1.9962 Acc: 48.33% | LR: 2.00e-04 cls:0.0
  -> Best model saved (Val Acc: 48.33%)

Loaded best model (Val Acc: 48.33%, Ep 500)

======================================================================
Episodic training complete!
Best validation accuracy: 48.33%
======================================================================
Episode history saved: experiment/episodic_exp/openness/open4/episodic_history.json

======================================================================
OSR Calibration (ANTI_PROTOTYPE)
======================================================================
Prototypes: torch.Size([6, 64]) from 6 base classes
Computing feature-space statistics...
Known samples:   600
Unknown samples: 20
Known scores:   [-1.23, 2.75] mean=0.50
Unknown scores: [-1.30, 1.42] mean=0.01
Mean separation: 0.49 (positive = known higher = good)

Threshold (tau): -0.4566
Known accepted (TNR): 95.00%
Unknown detected (TPR): 20.00%

======================================================================
OSR Evaluation (ANTI_PROTOTYPE)
Mode: per-round recalibration (TNR-fixed at 95%)
======================================================================

Results over 10 rounds:
  Known accepted (TNR):     95.00%
  Unknown detected (TPR):   31.23%
  OSR Score (mean):         63.12%
  AUROC:                    0.6284

======================================================================
OSR Calibration (FEATURE_MAHALANOBIS)
======================================================================
Prototypes: torch.Size([6, 64]) from 6 base classes
Computing feature-space statistics...
Known samples:   600
Unknown samples: 20
Known scores:   [-9.47, -1.09] mean=-3.74
Unknown scores: [-8.72, -1.62] mean=-5.19
Mean separation: 1.44 (positive = known higher = good)

Threshold (tau): -7.9355
Known accepted (TNR): 95.00%
Unknown detected (TPR): 15.00%

======================================================================
OSR Evaluation (FEATURE_MAHALANOBIS)
Mode: per-round recalibration (TNR-fixed at 95%)
======================================================================

Results over 10 rounds:
  Known accepted (TNR):     95.00%
  Unknown detected (TPR):   8.79%
  OSR Score (mean):         51.90%
  AUROC:                    0.6734

======================================================================
OSR Calibration (OOD_HEAD_FUSION_V2)
======================================================================
Prototypes: torch.Size([6, 64]) from 6 base classes
Computing feature-space statistics...
Training osr24b fusion OOD head (14-dim: 13 cluster_v2 + 1 anti_proto)...
  osr23 GMM: fitting on calib set (600 samples), n_components=12, covariance=full
  osr23 GMM converged: True
  osr24b fusion OOD head weights:
                min_dist: -0.0917
              dist_ratio: -0.0534
             softmax_max: +0.1430
                 entropy: +0.5223
               feat_norm: +1.0507
                2nd_dist: +0.0202
               score_gap: +0.1580
          dist_to_center: -1.7222
         proto_score_var: +0.1528
         norm_dist_ratio: +1.0465
           cluster_mahal: -5.7049
        cluster_post_max: -0.0956
             cluster_ent: +0.1328
        anti_proto_score: +0.2398 ← NEW
  Calib TNR: 95.00%  TPR: 95.00%  (threshold=0.6041)
Mean separation: 0.82 (positive = known higher = good)

Threshold (tau): 0.6014

======================================================================
OSR Evaluation (OOD_HEAD_FUSION_V2)
Mode: per-round recalibration (TNR-fixed at 95%)
======================================================================
Training osr24b fusion OOD head (14-dim: 13 cluster_v2 + 1 anti_proto)...
  osr23 GMM: fitting on calib set (10800 samples), n_components=12, covariance=full
  osr23 GMM converged: True
  osr24b fusion OOD head weights:
                min_dist: -1.0401
              dist_ratio: -1.2349
             softmax_max: +0.4169
                 entropy: +4.9176
               feat_norm: +1.7875
                2nd_dist: -1.2864
               score_gap: -1.4081
          dist_to_center: +0.1363
         proto_score_var: +4.6505
         norm_dist_ratio: +0.4607
           cluster_mahal: -0.2213
        cluster_post_max: -0.1463
             cluster_ent: -0.3793
        anti_proto_score: -0.7036 ← NEW
  Calib TNR: 95.00%  TPR: 53.04%  (threshold=0.1869)

Results over 10 rounds:
  Known accepted (TNR):     95.00%
  Unknown detected (TPR):   53.76%
  OSR Score (mean):         74.38%
  AUROC:                    0.8730

Results saved to experiment/episodic_exp/openness/results.json

============================================================
OPENNESS SWEEP SUMMARY
============================================================
    OpenWays   OSR_AP  OSR_Mah  OSR_FV2
       open2  61.41%  50.90%  84.44%
       open4  63.12%  51.90%  74.38%
