[05/09 11:39:50] start training!
[05/09 11:40:18] 
[05/09 11:40:18] epoch 1/80, iter 400:
[05/09 11:40:18] train_loss: 2.36686
[05/09 11:40:18] train_acc: 0.486
[05/09 11:40:18] train_auroc: 0.592
[05/09 11:40:23] Summary name val_6-way-5-shot_tpr@tnr95 is illegal; using val_6-way-5-shot_tpr_tnr95 instead.
[05/09 11:40:23] val_6-way-5-shot_acc: 40.922	0.737
[05/09 11:40:23] val_6-way-5-shot_auroc: 42.468	1.896
[05/09 11:40:23] val_6-way-5-shot_fscore: 19.667	0.244
[05/09 11:40:23] val_6-way-5-shot_tpr@tnr95: 5.375	1.518
[05/09 11:40:23] val_6-way-5-shot_osr: 50.465	0.759
[05/09 11:40:24] BEST ACC!
[05/09 11:40:24] BEST Auroc!
[05/09 11:40:24] BEST Fscore!
[05/09 11:40:24] BEST OSR Score!
[05/09 11:40:52] 
[05/09 11:40:52] epoch 2/80, iter 800:
[05/09 11:40:52] train_loss: 1.84072
[05/09 11:40:52] train_acc: 0.663
[05/09 11:40:52] train_auroc: 0.675
[05/09 11:40:57] Summary name val_6-way-5-shot_tpr@tnr95 is illegal; using val_6-way-5-shot_tpr_tnr95 instead.
[05/09 11:40:57] val_6-way-5-shot_acc: 43.556	0.731
[05/09 11:40:57] val_6-way-5-shot_auroc: 40.599	1.926
[05/09 11:40:57] val_6-way-5-shot_fscore: 19.362	0.260
[05/09 11:40:57] val_6-way-5-shot_tpr@tnr95: 7.875	1.868
[05/09 11:40:57] val_6-way-5-shot_osr: 51.715	0.934
[05/09 11:40:57] BEST ACC!
[05/09 11:40:57] BEST OSR Score!
[05/09 11:41:25] 
[05/09 11:41:25] epoch 3/80, iter 1200:
[05/09 11:41:25] train_loss: 1.50790
[05/09 11:41:25] train_acc: 0.816
[05/09 11:41:25] train_auroc: 0.779
[05/09 11:41:30] Summary name val_6-way-5-shot_tpr@tnr95 is illegal; using val_6-way-5-shot_tpr_tnr95 instead.
[05/09 11:41:30] val_6-way-5-shot_acc: 44.422	0.726
[05/09 11:41:30] val_6-way-5-shot_auroc: 36.900	1.892
[05/09 11:41:30] val_6-way-5-shot_fscore: 19.285	0.286
[05/09 11:41:30] val_6-way-5-shot_tpr@tnr95: 3.500	1.400
[05/09 11:41:30] val_6-way-5-shot_osr: 49.528	0.700
[05/09 11:41:30] BEST ACC!
[05/09 11:41:57] 
[05/09 11:41:57] epoch 4/80, iter 1600:
[05/09 11:41:57] train_loss: 1.22675
[05/09 11:41:57] train_acc: 0.928
[05/09 11:41:57] train_auroc: 0.879
[05/09 11:42:02] Summary name val_6-way-5-shot_tpr@tnr95 is illegal; using val_6-way-5-shot_tpr_tnr95 instead.
[05/09 11:42:02] val_6-way-5-shot_acc: 44.517	0.737
[05/09 11:42:02] val_6-way-5-shot_auroc: 34.860	1.976
[05/09 11:42:02] val_6-way-5-shot_fscore: 19.329	0.305
[05/09 11:42:02] val_6-way-5-shot_tpr@tnr95: 1.250	0.838
[05/09 11:42:02] val_6-way-5-shot_osr: 48.403	0.419
[05/09 11:42:02] BEST ACC!
[05/09 11:42:28] 
[05/09 11:42:28] epoch 5/80, iter 2000:
[05/09 11:42:28] train_loss: 1.01323
[05/09 11:42:28] train_acc: 0.977
[05/09 11:42:28] train_auroc: 0.945
[05/09 11:42:33] Summary name val_6-way-5-shot_tpr@tnr95 is illegal; using val_6-way-5-shot_tpr_tnr95 instead.
[05/09 11:42:33] val_6-way-5-shot_acc: 44.361	0.699
[05/09 11:42:33] val_6-way-5-shot_auroc: 36.092	2.052
[05/09 11:42:33] val_6-way-5-shot_fscore: 19.427	0.316
[05/09 11:42:33] val_6-way-5-shot_tpr@tnr95: 1.625	0.930
[05/09 11:42:33] val_6-way-5-shot_osr: 48.590	0.465
[05/09 11:43:00] 
[05/09 11:43:00] epoch 6/80, iter 2400:
[05/09 11:43:00] train_loss: 0.85298
[05/09 11:43:00] train_acc: 0.993
[05/09 11:43:00] train_auroc: 0.977
[05/09 11:43:05] Summary name val_6-way-5-shot_tpr@tnr95 is illegal; using val_6-way-5-shot_tpr_tnr95 instead.
[05/09 11:43:05] val_6-way-5-shot_acc: 44.544	0.753
[05/09 11:43:05] val_6-way-5-shot_auroc: 40.317	2.122
[05/09 11:43:05] val_6-way-5-shot_fscore: 19.722	0.314
[05/09 11:43:05] val_6-way-5-shot_tpr@tnr95: 5.000	1.563
[05/09 11:43:05] val_6-way-5-shot_osr: 50.278	0.781
[05/09 11:43:05] BEST ACC!
[05/09 11:43:05] BEST Fscore!
[05/09 11:43:32] 
[05/09 11:43:32] epoch 7/80, iter 2800:
[05/09 11:43:32] train_loss: 0.74755
[05/09 11:43:32] train_acc: 0.998
[05/09 11:43:32] train_auroc: 0.988
[05/09 11:43:36] Summary name val_6-way-5-shot_tpr@tnr95 is illegal; using val_6-way-5-shot_tpr_tnr95 instead.
[05/09 11:43:36] val_6-way-5-shot_acc: 44.161	0.763
[05/09 11:43:36] val_6-way-5-shot_auroc: 41.264	2.177
[05/09 11:43:36] val_6-way-5-shot_fscore: 19.842	0.310
[05/09 11:43:36] val_6-way-5-shot_tpr@tnr95: 4.875	1.551
[05/09 11:43:36] val_6-way-5-shot_osr: 50.215	0.776
[05/09 11:43:37] BEST Fscore!
[05/09 11:44:03] 
[05/09 11:44:03] epoch 8/80, iter 3200:
[05/09 11:44:03] train_loss: 0.67794
[05/09 11:44:03] train_acc: 1.000
[05/09 11:44:03] train_auroc: 0.991
[05/09 11:44:08] Summary name val_6-way-5-shot_tpr@tnr95 is illegal; using val_6-way-5-shot_tpr_tnr95 instead.
[05/09 11:44:08] val_6-way-5-shot_acc: 43.856	0.789
[05/09 11:44:08] val_6-way-5-shot_auroc: 41.653	2.219
[05/09 11:44:08] val_6-way-5-shot_fscore: 19.798	0.308
[05/09 11:44:08] val_6-way-5-shot_tpr@tnr95: 4.875	1.551
[05/09 11:44:08] val_6-way-5-shot_osr: 50.215	0.776
[05/09 11:44:35] 
[05/09 11:44:35] epoch 9/80, iter 3600:
[05/09 11:44:35] train_loss: 0.63024
[05/09 11:44:35] train_acc: 1.000
[05/09 11:44:35] train_auroc: 0.991
[05/09 11:44:40] Summary name val_6-way-5-shot_tpr@tnr95 is illegal; using val_6-way-5-shot_tpr_tnr95 instead.
[05/09 11:44:40] val_6-way-5-shot_acc: 43.256	0.829
[05/09 11:44:40] val_6-way-5-shot_auroc: 41.851	2.288
[05/09 11:44:40] val_6-way-5-shot_fscore: 19.787	0.304
[05/09 11:44:40] val_6-way-5-shot_tpr@tnr95: 4.750	1.499
[05/09 11:44:40] val_6-way-5-shot_osr: 50.153	0.749
[05/09 11:45:08] 
[05/09 11:45:08] epoch 10/80, iter 4000:
[05/09 11:45:08] train_loss: 0.59260
[05/09 11:45:08] train_acc: 1.000
[05/09 11:45:08] train_auroc: 0.990
[05/09 11:45:13] Summary name val_6-way-5-shot_tpr@tnr95 is illegal; using val_6-way-5-shot_tpr_tnr95 instead.
[05/09 11:45:13] val_6-way-5-shot_acc: 43.022	0.845
[05/09 11:45:13] val_6-way-5-shot_auroc: 41.939	2.324
[05/09 11:45:13] val_6-way-5-shot_fscore: 19.755	0.301
[05/09 11:45:13] val_6-way-5-shot_tpr@tnr95: 5.500	1.530
[05/09 11:45:13] val_6-way-5-shot_osr: 50.528	0.765
[05/09 11:45:40] 
[05/09 11:45:40] epoch 11/80, iter 4400:
[05/09 11:45:40] train_loss: 0.56900
[05/09 11:45:40] train_acc: 1.000
[05/09 11:45:40] train_auroc: 0.991
[05/09 11:45:46] Summary name val_6-way-5-shot_tpr@tnr95 is illegal; using val_6-way-5-shot_tpr_tnr95 instead.
[05/09 11:45:46] val_6-way-5-shot_acc: 42.683	0.826
[05/09 11:45:46] val_6-way-5-shot_auroc: 42.510	2.404
[05/09 11:45:46] val_6-way-5-shot_fscore: 19.755	0.301
[05/09 11:45:46] val_6-way-5-shot_tpr@tnr95: 4.125	1.388
[05/09 11:45:46] val_6-way-5-shot_osr: 49.840	0.694
[05/09 11:45:46] BEST Auroc!
[05/09 11:46:13] 
[05/09 11:46:13] epoch 12/80, iter 4800:
[05/09 11:46:13] train_loss: 0.56430
[05/09 11:46:13] train_acc: 1.000
[05/09 11:46:13] train_auroc: 0.991
[05/09 11:46:18] Summary name val_6-way-5-shot_tpr@tnr95 is illegal; using val_6-way-5-shot_tpr_tnr95 instead.
[05/09 11:46:18] val_6-way-5-shot_acc: 42.572	0.833
[05/09 11:46:18] val_6-way-5-shot_auroc: 42.475	2.403
[05/09 11:46:18] val_6-way-5-shot_fscore: 19.798	0.302
[05/09 11:46:18] val_6-way-5-shot_tpr@tnr95: 4.125	1.388
[05/09 11:46:18] val_6-way-5-shot_osr: 49.840	0.694
[05/09 11:46:46] 
[05/09 11:46:46] epoch 13/80, iter 5200:
[05/09 11:46:46] train_loss: 0.56043
[05/09 11:46:46] train_acc: 1.000
[05/09 11:46:46] train_auroc: 0.991
[05/09 11:46:51] Summary name val_6-way-5-shot_tpr@tnr95 is illegal; using val_6-way-5-shot_tpr_tnr95 instead.
[05/09 11:46:51] val_6-way-5-shot_acc: 42.489	0.835
[05/09 11:46:51] val_6-way-5-shot_auroc: 42.542	2.405
[05/09 11:46:51] val_6-way-5-shot_fscore: 19.798	0.305
[05/09 11:46:51] val_6-way-5-shot_tpr@tnr95: 4.250	1.358
[05/09 11:46:51] val_6-way-5-shot_osr: 49.903	0.679
[05/09 11:46:51] BEST Auroc!
[05/09 11:47:18] 
[05/09 11:47:18] epoch 14/80, iter 5600:
[05/09 11:47:18] train_loss: 0.55678
[05/09 11:47:18] train_acc: 1.000
[05/09 11:47:18] train_auroc: 0.991
[05/09 11:47:23] Summary name val_6-way-5-shot_tpr@tnr95 is illegal; using val_6-way-5-shot_tpr_tnr95 instead.
[05/09 11:47:23] val_6-way-5-shot_acc: 42.533	0.829
[05/09 11:47:23] val_6-way-5-shot_auroc: 42.589	2.398
[05/09 11:47:23] val_6-way-5-shot_fscore: 19.809	0.306
[05/09 11:47:23] val_6-way-5-shot_tpr@tnr95: 4.500	1.387
[05/09 11:47:23] val_6-way-5-shot_osr: 50.028	0.694
[05/09 11:47:24] BEST Auroc!
[05/09 11:47:50] 
[05/09 11:47:50] epoch 15/80, iter 6000:
[05/09 11:47:50] train_loss: 0.55318
[05/09 11:47:50] train_acc: 1.000
[05/09 11:47:50] train_auroc: 0.991
[05/09 11:47:55] Summary name val_6-way-5-shot_tpr@tnr95 is illegal; using val_6-way-5-shot_tpr_tnr95 instead.
[05/09 11:47:55] val_6-way-5-shot_acc: 42.461	0.823
[05/09 11:47:55] val_6-way-5-shot_auroc: 42.592	2.398
[05/09 11:47:55] val_6-way-5-shot_fscore: 19.787	0.312
[05/09 11:47:55] val_6-way-5-shot_tpr@tnr95: 4.625	1.444
[05/09 11:47:55] val_6-way-5-shot_osr: 50.090	0.722
[05/09 11:47:56] BEST Auroc!
[05/09 11:48:22] 
[05/09 11:48:22] epoch 16/80, iter 6400:
[05/09 11:48:22] train_loss: 0.54963
[05/09 11:48:22] train_acc: 1.000
[05/09 11:48:22] train_auroc: 0.991
[05/09 11:48:27] Summary name val_6-way-5-shot_tpr@tnr95 is illegal; using val_6-way-5-shot_tpr_tnr95 instead.
[05/09 11:48:27] val_6-way-5-shot_acc: 42.406	0.837
[05/09 11:48:27] val_6-way-5-shot_auroc: 42.610	2.396
[05/09 11:48:27] val_6-way-5-shot_fscore: 19.798	0.304
[05/09 11:48:27] val_6-way-5-shot_tpr@tnr95: 4.625	1.444
[05/09 11:48:27] val_6-way-5-shot_osr: 50.090	0.722
[05/09 11:48:27] BEST Auroc!
[05/09 11:48:53] 
[05/09 11:48:53] epoch 17/80, iter 6800:
[05/09 11:48:53] train_loss: 0.54621
[05/09 11:48:53] train_acc: 1.000
[05/09 11:48:53] train_auroc: 0.991
[05/09 11:48:58] Summary name val_6-way-5-shot_tpr@tnr95 is illegal; using val_6-way-5-shot_tpr_tnr95 instead.
[05/09 11:48:58] val_6-way-5-shot_acc: 42.350	0.834
[05/09 11:48:58] val_6-way-5-shot_auroc: 42.642	2.390
[05/09 11:48:58] val_6-way-5-shot_fscore: 19.787	0.304
[05/09 11:48:58] val_6-way-5-shot_tpr@tnr95: 4.750	1.539
[05/09 11:48:58] val_6-way-5-shot_osr: 50.153	0.769
[05/09 11:48:59] BEST Auroc!
[05/09 11:49:25] 
[05/09 11:49:25] epoch 18/80, iter 7200:
[05/09 11:49:25] train_loss: 0.54281
[05/09 11:49:25] train_acc: 1.000
[05/09 11:49:25] train_auroc: 0.991
[05/09 11:49:30] Summary name val_6-way-5-shot_tpr@tnr95 is illegal; using val_6-way-5-shot_tpr_tnr95 instead.
[05/09 11:49:30] val_6-way-5-shot_acc: 42.322	0.834
[05/09 11:49:30] val_6-way-5-shot_auroc: 42.612	2.384
[05/09 11:49:30] val_6-way-5-shot_fscore: 19.765	0.305
[05/09 11:49:30] val_6-way-5-shot_tpr@tnr95: 4.750	1.539
[05/09 11:49:30] val_6-way-5-shot_osr: 50.153	0.769
[05/09 11:49:57] 
[05/09 11:49:57] epoch 19/80, iter 7600:
[05/09 11:49:57] train_loss: 0.54037
[05/09 11:49:57] train_acc: 1.000
[05/09 11:49:57] train_auroc: 0.992
[05/09 11:50:02] Summary name val_6-way-5-shot_tpr@tnr95 is illegal; using val_6-way-5-shot_tpr_tnr95 instead.
[05/09 11:50:02] val_6-way-5-shot_acc: 42.322	0.839
[05/09 11:50:02] val_6-way-5-shot_auroc: 42.585	2.391
[05/09 11:50:02] val_6-way-5-shot_fscore: 19.787	0.301
[05/09 11:50:02] val_6-way-5-shot_tpr@tnr95: 4.875	1.551
[05/09 11:50:02] val_6-way-5-shot_osr: 50.215	0.776
[05/09 11:50:30] 
[05/09 11:50:30] epoch 20/80, iter 8000:
[05/09 11:50:30] train_loss: 0.53998
[05/09 11:50:30] train_acc: 1.000
[05/09 11:50:30] train_auroc: 0.992
[05/09 11:50:35] Summary name val_6-way-5-shot_tpr@tnr95 is illegal; using val_6-way-5-shot_tpr_tnr95 instead.
[05/09 11:50:35] val_6-way-5-shot_acc: 42.317	0.840
[05/09 11:50:35] val_6-way-5-shot_auroc: 42.529	2.393
[05/09 11:50:35] val_6-way-5-shot_fscore: 19.755	0.307
[05/09 11:50:35] val_6-way-5-shot_tpr@tnr95: 5.000	1.601
[05/09 11:50:35] val_6-way-5-shot_osr: 50.278	0.801
[05/09 11:51:01] 
[05/09 11:51:01] epoch 21/80, iter 8400:
[05/09 11:51:01] train_loss: 0.53959
[05/09 11:51:01] train_acc: 1.000
[05/09 11:51:01] train_auroc: 0.992
[05/09 11:51:06] Summary name val_6-way-5-shot_tpr@tnr95 is illegal; using val_6-way-5-shot_tpr_tnr95 instead.
[05/09 11:51:06] val_6-way-5-shot_acc: 42.283	0.842
[05/09 11:51:06] val_6-way-5-shot_auroc: 42.553	2.392
[05/09 11:51:06] val_6-way-5-shot_fscore: 19.755	0.307
[05/09 11:51:06] val_6-way-5-shot_tpr@tnr95: 4.875	1.590
[05/09 11:51:06] val_6-way-5-shot_osr: 50.215	0.795
[05/09 11:51:32] 
[05/09 11:51:32] epoch 22/80, iter 8800:
[05/09 11:51:32] train_loss: 0.53925
[05/09 11:51:32] train_acc: 1.000
[05/09 11:51:32] train_auroc: 0.992
[05/09 11:51:37] Summary name val_6-way-5-shot_tpr@tnr95 is illegal; using val_6-way-5-shot_tpr_tnr95 instead.
[05/09 11:51:37] val_6-way-5-shot_acc: 42.300	0.842
[05/09 11:51:37] val_6-way-5-shot_auroc: 42.567	2.392
[05/09 11:51:37] val_6-way-5-shot_fscore: 19.755	0.307
[05/09 11:51:37] val_6-way-5-shot_tpr@tnr95: 4.750	1.578
[05/09 11:51:37] val_6-way-5-shot_osr: 50.153	0.789
[05/09 11:52:05] 
[05/09 11:52:05] epoch 23/80, iter 9200:
[05/09 11:52:05] train_loss: 0.53890
[05/09 11:52:05] train_acc: 1.000
[05/09 11:52:05] train_auroc: 0.992
[05/09 11:52:10] Summary name val_6-way-5-shot_tpr@tnr95 is illegal; using val_6-way-5-shot_tpr_tnr95 instead.
[05/09 11:52:10] val_6-way-5-shot_acc: 42.250	0.845
[05/09 11:52:10] val_6-way-5-shot_auroc: 42.571	2.395
[05/09 11:52:10] val_6-way-5-shot_fscore: 19.755	0.307
[05/09 11:52:10] val_6-way-5-shot_tpr@tnr95: 4.750	1.578
[05/09 11:52:10] val_6-way-5-shot_osr: 50.153	0.789
[05/09 11:52:37] 
[05/09 11:52:37] epoch 24/80, iter 9600:
[05/09 11:52:37] train_loss: 0.53856
[05/09 11:52:37] train_acc: 1.000
[05/09 11:52:37] train_auroc: 0.992
[05/09 11:52:42] Summary name val_6-way-5-shot_tpr@tnr95 is illegal; using val_6-way-5-shot_tpr_tnr95 instead.
[05/09 11:52:42] val_6-way-5-shot_acc: 42.244	0.849
[05/09 11:52:42] val_6-way-5-shot_auroc: 42.556	2.396
[05/09 11:52:42] val_6-way-5-shot_fscore: 19.744	0.307
[05/09 11:52:42] val_6-way-5-shot_tpr@tnr95: 4.625	1.566
[05/09 11:52:42] val_6-way-5-shot_osr: 50.090	0.783
[05/09 11:53:10] 
[05/09 11:53:10] epoch 25/80, iter 10000:
[05/09 11:53:10] train_loss: 0.53822
[05/09 11:53:10] train_acc: 1.000
[05/09 11:53:10] train_auroc: 0.992
[05/09 11:53:15] Summary name val_6-way-5-shot_tpr@tnr95 is illegal; using val_6-way-5-shot_tpr_tnr95 instead.
[05/09 11:53:15] val_6-way-5-shot_acc: 42.189	0.849
[05/09 11:53:15] val_6-way-5-shot_auroc: 42.597	2.396
[05/09 11:53:15] val_6-way-5-shot_fscore: 19.744	0.307
[05/09 11:53:15] val_6-way-5-shot_tpr@tnr95: 4.625	1.566
[05/09 11:53:15] val_6-way-5-shot_osr: 50.090	0.783
[05/09 11:53:43] 
[05/09 11:53:43] epoch 26/80, iter 10400:
[05/09 11:53:43] train_loss: 0.53791
[05/09 11:53:43] train_acc: 1.000
[05/09 11:53:43] train_auroc: 0.992
[05/09 11:53:48] Summary name val_6-way-5-shot_tpr@tnr95 is illegal; using val_6-way-5-shot_tpr_tnr95 instead.
[05/09 11:53:48] val_6-way-5-shot_acc: 42.217	0.848
[05/09 11:53:48] val_6-way-5-shot_auroc: 42.606	2.395
[05/09 11:53:48] val_6-way-5-shot_fscore: 19.755	0.310
[05/09 11:53:48] val_6-way-5-shot_tpr@tnr95: 4.625	1.566
[05/09 11:53:48] val_6-way-5-shot_osr: 50.090	0.783
[05/09 11:54:14] 
[05/09 11:54:14] epoch 27/80, iter 10800:
[05/09 11:54:14] train_loss: 0.53754
[05/09 11:54:14] train_acc: 1.000
[05/09 11:54:14] train_auroc: 0.992
[05/09 11:54:19] Summary name val_6-way-5-shot_tpr@tnr95 is illegal; using val_6-way-5-shot_tpr_tnr95 instead.
[05/09 11:54:19] val_6-way-5-shot_acc: 42.217	0.845
[05/09 11:54:19] val_6-way-5-shot_auroc: 42.661	2.398
[05/09 11:54:19] val_6-way-5-shot_fscore: 19.765	0.308
[05/09 11:54:19] val_6-way-5-shot_tpr@tnr95: 4.875	1.590
[05/09 11:54:19] val_6-way-5-shot_osr: 50.215	0.795
[05/09 11:54:19] BEST Auroc!
[05/09 11:54:47] 
[05/09 11:54:47] epoch 28/80, iter 11200:
[05/09 11:54:47] train_loss: 0.53726
[05/09 11:54:47] train_acc: 1.000
[05/09 11:54:47] train_auroc: 0.992
[05/09 11:54:52] Summary name val_6-way-5-shot_tpr@tnr95 is illegal; using val_6-way-5-shot_tpr_tnr95 instead.
[05/09 11:54:52] val_6-way-5-shot_acc: 42.189	0.847
[05/09 11:54:52] val_6-way-5-shot_auroc: 42.679	2.398
[05/09 11:54:52] val_6-way-5-shot_fscore: 19.765	0.308
[05/09 11:54:52] val_6-way-5-shot_tpr@tnr95: 4.875	1.590
[05/09 11:54:52] val_6-way-5-shot_osr: 50.215	0.795
[05/09 11:54:52] BEST Auroc!
[05/09 11:55:19] 
[05/09 11:55:19] epoch 29/80, iter 11600:
[05/09 11:55:19] train_loss: 0.53688
[05/09 11:55:19] train_acc: 1.000
[05/09 11:55:19] train_auroc: 0.992
[05/09 11:55:25] Summary name val_6-way-5-shot_tpr@tnr95 is illegal; using val_6-way-5-shot_tpr_tnr95 instead.
[05/09 11:55:25] val_6-way-5-shot_acc: 42.194	0.846
[05/09 11:55:25] val_6-way-5-shot_auroc: 42.667	2.398
[05/09 11:55:25] val_6-way-5-shot_fscore: 19.755	0.307
[05/09 11:55:25] val_6-way-5-shot_tpr@tnr95: 4.875	1.590
[05/09 11:55:25] val_6-way-5-shot_osr: 50.215	0.795
[05/09 11:55:52] 
[05/09 11:55:52] epoch 30/80, iter 12000:
[05/09 11:55:52] train_loss: 0.53656
[05/09 11:55:52] train_acc: 1.000
[05/09 11:55:52] train_auroc: 0.992
[05/09 11:55:57] Summary name val_6-way-5-shot_tpr@tnr95 is illegal; using val_6-way-5-shot_tpr_tnr95 instead.
[05/09 11:55:57] val_6-way-5-shot_acc: 42.200	0.849
[05/09 11:55:57] val_6-way-5-shot_auroc: 42.685	2.396
[05/09 11:55:57] val_6-way-5-shot_fscore: 19.765	0.308
[05/09 11:55:57] val_6-way-5-shot_tpr@tnr95: 4.750	1.578
[05/09 11:55:57] val_6-way-5-shot_osr: 50.153	0.789
[05/09 11:55:57] BEST Auroc!
[05/09 11:56:25] 
[05/09 11:56:25] epoch 31/80, iter 12400:
[05/09 11:56:25] train_loss: 0.53620
[05/09 11:56:25] train_acc: 1.000
[05/09 11:56:25] train_auroc: 0.992
[05/09 11:56:30] Summary name val_6-way-5-shot_tpr@tnr95 is illegal; using val_6-way-5-shot_tpr_tnr95 instead.
[05/09 11:56:30] val_6-way-5-shot_acc: 42.178	0.849
[05/09 11:56:30] val_6-way-5-shot_auroc: 42.674	2.395
[05/09 11:56:30] val_6-way-5-shot_fscore: 19.755	0.307
[05/09 11:56:30] val_6-way-5-shot_tpr@tnr95: 4.875	1.590
[05/09 11:56:30] val_6-way-5-shot_osr: 50.215	0.795
[05/09 11:56:57] 
[05/09 11:56:57] epoch 32/80, iter 12800:
[05/09 11:56:57] train_loss: 0.53588
[05/09 11:56:57] train_acc: 1.000
[05/09 11:56:57] train_auroc: 0.992
[05/09 11:57:02] Summary name val_6-way-5-shot_tpr@tnr95 is illegal; using val_6-way-5-shot_tpr_tnr95 instead.
[05/09 11:57:02] val_6-way-5-shot_acc: 42.161	0.851
[05/09 11:57:02] val_6-way-5-shot_auroc: 42.664	2.396
[05/09 11:57:02] val_6-way-5-shot_fscore: 19.755	0.307
[05/09 11:57:02] val_6-way-5-shot_tpr@tnr95: 4.875	1.590
[05/09 11:57:02] val_6-way-5-shot_osr: 50.215	0.795
[05/09 11:57:29] 
[05/09 11:57:29] epoch 33/80, iter 13200:
[05/09 11:57:29] train_loss: 0.53557
[05/09 11:57:29] train_acc: 1.000
[05/09 11:57:29] train_auroc: 0.992
[05/09 11:57:34] Summary name val_6-way-5-shot_tpr@tnr95 is illegal; using val_6-way-5-shot_tpr_tnr95 instead.
[05/09 11:57:34] val_6-way-5-shot_acc: 42.161	0.853
[05/09 11:57:34] val_6-way-5-shot_auroc: 42.676	2.393
[05/09 11:57:34] val_6-way-5-shot_fscore: 19.755	0.307
[05/09 11:57:34] val_6-way-5-shot_tpr@tnr95: 4.875	1.590
[05/09 11:57:34] val_6-way-5-shot_osr: 50.215	0.795
[05/09 11:58:01] 
[05/09 11:58:01] epoch 34/80, iter 13600:
[05/09 11:58:01] train_loss: 0.53523
[05/09 11:58:01] train_acc: 1.000
[05/09 11:58:01] train_auroc: 0.992
[05/09 11:58:06] Summary name val_6-way-5-shot_tpr@tnr95 is illegal; using val_6-way-5-shot_tpr_tnr95 instead.
[05/09 11:58:06] val_6-way-5-shot_acc: 42.156	0.852
[05/09 11:58:06] val_6-way-5-shot_auroc: 42.707	2.394
[05/09 11:58:06] val_6-way-5-shot_fscore: 19.765	0.308
[05/09 11:58:06] val_6-way-5-shot_tpr@tnr95: 4.875	1.590
[05/09 11:58:06] val_6-way-5-shot_osr: 50.215	0.795
[05/09 11:58:07] BEST Auroc!
[05/09 11:58:34] 
[05/09 11:58:34] epoch 35/80, iter 14000:
[05/09 11:58:34] train_loss: 0.53488
[05/09 11:58:34] train_acc: 1.000
[05/09 11:58:34] train_auroc: 0.992
[05/09 11:58:40] Summary name val_6-way-5-shot_tpr@tnr95 is illegal; using val_6-way-5-shot_tpr_tnr95 instead.
[05/09 11:58:40] val_6-way-5-shot_acc: 42.156	0.858
[05/09 11:58:40] val_6-way-5-shot_auroc: 42.717	2.394
[05/09 11:58:40] val_6-way-5-shot_fscore: 19.755	0.307
[05/09 11:58:40] val_6-way-5-shot_tpr@tnr95: 5.000	1.601
[05/09 11:58:40] val_6-way-5-shot_osr: 50.278	0.801
[05/09 11:58:40] BEST Auroc!
[05/09 11:59:07] 
[05/09 11:59:07] epoch 36/80, iter 14400:
[05/09 11:59:07] train_loss: 0.53456
[05/09 11:59:07] train_acc: 1.000
[05/09 11:59:07] train_auroc: 0.992
[05/09 11:59:12] Summary name val_6-way-5-shot_tpr@tnr95 is illegal; using val_6-way-5-shot_tpr_tnr95 instead.
[05/09 11:59:12] val_6-way-5-shot_acc: 42.133	0.858
[05/09 11:59:12] val_6-way-5-shot_auroc: 42.739	2.395
[05/09 11:59:12] val_6-way-5-shot_fscore: 19.776	0.307
[05/09 11:59:12] val_6-way-5-shot_tpr@tnr95: 4.750	1.578
[05/09 11:59:12] val_6-way-5-shot_osr: 50.153	0.789
[05/09 11:59:13] BEST Auroc!
[05/09 11:59:40] 
[05/09 11:59:40] epoch 37/80, iter 14800:
[05/09 11:59:40] train_loss: 0.53424
[05/09 11:59:40] train_acc: 1.000
[05/09 11:59:40] train_auroc: 0.992
[05/09 11:59:45] Summary name val_6-way-5-shot_tpr@tnr95 is illegal; using val_6-way-5-shot_tpr_tnr95 instead.
[05/09 11:59:45] val_6-way-5-shot_acc: 42.139	0.856
[05/09 11:59:45] val_6-way-5-shot_auroc: 42.747	2.395
[05/09 11:59:45] val_6-way-5-shot_fscore: 19.787	0.309
[05/09 11:59:45] val_6-way-5-shot_tpr@tnr95: 4.750	1.578
[05/09 11:59:45] val_6-way-5-shot_osr: 50.153	0.789
[05/09 11:59:45] BEST Auroc!
[05/09 12:00:12] 
[05/09 12:00:12] epoch 38/80, iter 15200:
[05/09 12:00:12] train_loss: 0.53388
[05/09 12:00:12] train_acc: 1.000
[05/09 12:00:12] train_auroc: 0.992
[05/09 12:00:17] Summary name val_6-way-5-shot_tpr@tnr95 is illegal; using val_6-way-5-shot_tpr_tnr95 instead.
[05/09 12:00:17] val_6-way-5-shot_acc: 42.106	0.856
[05/09 12:00:17] val_6-way-5-shot_auroc: 42.729	2.395
[05/09 12:00:17] val_6-way-5-shot_fscore: 19.776	0.312
[05/09 12:00:17] val_6-way-5-shot_tpr@tnr95: 4.750	1.578
[05/09 12:00:17] val_6-way-5-shot_osr: 50.153	0.789
[05/09 12:00:44] 
[05/09 12:00:44] epoch 39/80, iter 15600:
[05/09 12:00:44] train_loss: 0.53358
[05/09 12:00:44] train_acc: 1.000
[05/09 12:00:44] train_auroc: 0.992
[05/09 12:00:49] Summary name val_6-way-5-shot_tpr@tnr95 is illegal; using val_6-way-5-shot_tpr_tnr95 instead.
[05/09 12:00:49] val_6-way-5-shot_acc: 42.111	0.860
[05/09 12:00:49] val_6-way-5-shot_auroc: 42.738	2.395
[05/09 12:00:49] val_6-way-5-shot_fscore: 19.765	0.314
[05/09 12:00:49] val_6-way-5-shot_tpr@tnr95: 4.750	1.578
[05/09 12:00:49] val_6-way-5-shot_osr: 50.153	0.789
[05/09 12:01:17] 
[05/09 12:01:17] epoch 40/80, iter 16000:
[05/09 12:01:17] train_loss: 0.53324
[05/09 12:01:17] train_acc: 1.000
[05/09 12:01:17] train_auroc: 0.992
[05/09 12:01:22] Summary name val_6-way-5-shot_tpr@tnr95 is illegal; using val_6-way-5-shot_tpr_tnr95 instead.
[05/09 12:01:22] val_6-way-5-shot_acc: 42.111	0.859
[05/09 12:01:22] val_6-way-5-shot_auroc: 42.715	2.395
[05/09 12:01:22] val_6-way-5-shot_fscore: 19.765	0.314
[05/09 12:01:22] val_6-way-5-shot_tpr@tnr95: 4.750	1.578
[05/09 12:01:22] val_6-way-5-shot_osr: 50.153	0.789
[05/09 12:01:50] 
[05/09 12:01:50] epoch 41/80, iter 16400:
[05/09 12:01:50] train_loss: 0.53290
[05/09 12:01:50] train_acc: 1.000
[05/09 12:01:50] train_auroc: 0.992
[05/09 12:01:55] Summary name val_6-way-5-shot_tpr@tnr95 is illegal; using val_6-way-5-shot_tpr_tnr95 instead.
[05/09 12:01:55] val_6-way-5-shot_acc: 42.089	0.860
[05/09 12:01:55] val_6-way-5-shot_auroc: 42.749	2.394
[05/09 12:01:55] val_6-way-5-shot_fscore: 19.765	0.314
[05/09 12:01:55] val_6-way-5-shot_tpr@tnr95: 4.750	1.578
[05/09 12:01:55] val_6-way-5-shot_osr: 50.153	0.789
[05/09 12:01:55] BEST Auroc!
[05/09 12:02:23] 
[05/09 12:02:23] epoch 42/80, iter 16800:
[05/09 12:02:23] train_loss: 0.53258
[05/09 12:02:23] train_acc: 1.000
[05/09 12:02:23] train_auroc: 0.992
[05/09 12:02:28] Summary name val_6-way-5-shot_tpr@tnr95 is illegal; using val_6-way-5-shot_tpr_tnr95 instead.
[05/09 12:02:28] val_6-way-5-shot_acc: 42.106	0.857
[05/09 12:02:28] val_6-way-5-shot_auroc: 42.753	2.396
[05/09 12:02:28] val_6-way-5-shot_fscore: 19.765	0.315
[05/09 12:02:28] val_6-way-5-shot_tpr@tnr95: 4.750	1.578
[05/09 12:02:28] val_6-way-5-shot_osr: 50.153	0.789
[05/09 12:02:28] BEST Auroc!
[05/09 12:02:56] 
[05/09 12:02:56] epoch 43/80, iter 17200:
[05/09 12:02:56] train_loss: 0.53223
[05/09 12:02:56] train_acc: 1.000
[05/09 12:02:56] train_auroc: 0.992
[05/09 12:03:01] Summary name val_6-way-5-shot_tpr@tnr95 is illegal; using val_6-way-5-shot_tpr_tnr95 instead.
[05/09 12:03:01] val_6-way-5-shot_acc: 42.083	0.856
[05/09 12:03:01] val_6-way-5-shot_auroc: 42.744	2.395
[05/09 12:03:01] val_6-way-5-shot_fscore: 19.755	0.314
[05/09 12:03:01] val_6-way-5-shot_tpr@tnr95: 4.750	1.578
[05/09 12:03:01] val_6-way-5-shot_osr: 50.153	0.789
[05/09 12:03:29] 
[05/09 12:03:29] epoch 44/80, iter 17600:
[05/09 12:03:29] train_loss: 0.53193
[05/09 12:03:29] train_acc: 1.000
[05/09 12:03:29] train_auroc: 0.992
[05/09 12:03:34] Summary name val_6-way-5-shot_tpr@tnr95 is illegal; using val_6-way-5-shot_tpr_tnr95 instead.
[05/09 12:03:34] val_6-way-5-shot_acc: 42.083	0.858
[05/09 12:03:34] val_6-way-5-shot_auroc: 42.774	2.394
[05/09 12:03:34] val_6-way-5-shot_fscore: 19.755	0.316
[05/09 12:03:34] val_6-way-5-shot_tpr@tnr95: 4.625	1.526
[05/09 12:03:34] val_6-way-5-shot_osr: 50.090	0.763
[05/09 12:03:34] BEST Auroc!
[05/09 12:04:02] 
[05/09 12:04:02] epoch 45/80, iter 18000:
[05/09 12:04:02] train_loss: 0.53163
[05/09 12:04:02] train_acc: 1.000
[05/09 12:04:02] train_auroc: 0.992
[05/09 12:04:07] Summary name val_6-way-5-shot_tpr@tnr95 is illegal; using val_6-way-5-shot_tpr_tnr95 instead.
[05/09 12:04:07] val_6-way-5-shot_acc: 42.094	0.856
[05/09 12:04:07] val_6-way-5-shot_auroc: 42.793	2.392
[05/09 12:04:07] val_6-way-5-shot_fscore: 19.755	0.316
[05/09 12:04:07] val_6-way-5-shot_tpr@tnr95: 4.625	1.486
[05/09 12:04:07] val_6-way-5-shot_osr: 50.090	0.743
[05/09 12:04:08] BEST Auroc!
[05/09 12:04:35] 
[05/09 12:04:35] epoch 46/80, iter 18400:
[05/09 12:04:35] train_loss: 0.53127
[05/09 12:04:35] train_acc: 1.000
[05/09 12:04:35] train_auroc: 0.992
[05/09 12:04:40] Summary name val_6-way-5-shot_tpr@tnr95 is illegal; using val_6-way-5-shot_tpr_tnr95 instead.
[05/09 12:04:40] val_6-way-5-shot_acc: 42.072	0.855
[05/09 12:04:40] val_6-way-5-shot_auroc: 42.811	2.392
[05/09 12:04:40] val_6-way-5-shot_fscore: 19.744	0.318
[05/09 12:04:40] val_6-way-5-shot_tpr@tnr95: 4.625	1.486
[05/09 12:04:40] val_6-way-5-shot_osr: 50.090	0.743
[05/09 12:04:40] BEST Auroc!
[05/09 12:05:07] 
[05/09 12:05:07] epoch 47/80, iter 18800:
[05/09 12:05:07] train_loss: 0.53094
[05/09 12:05:07] train_acc: 1.000
[05/09 12:05:07] train_auroc: 0.992
[05/09 12:05:12] Summary name val_6-way-5-shot_tpr@tnr95 is illegal; using val_6-way-5-shot_tpr_tnr95 instead.
[05/09 12:05:12] val_6-way-5-shot_acc: 42.083	0.853
[05/09 12:05:12] val_6-way-5-shot_auroc: 42.806	2.392
[05/09 12:05:12] val_6-way-5-shot_fscore: 19.744	0.318
[05/09 12:05:12] val_6-way-5-shot_tpr@tnr95: 4.625	1.486
[05/09 12:05:12] val_6-way-5-shot_osr: 50.090	0.743
[05/09 12:05:39] 
[05/09 12:05:39] epoch 48/80, iter 19200:
[05/09 12:05:39] train_loss: 0.53064
[05/09 12:05:39] train_acc: 1.000
[05/09 12:05:39] train_auroc: 0.992
[05/09 12:05:44] Summary name val_6-way-5-shot_tpr@tnr95 is illegal; using val_6-way-5-shot_tpr_tnr95 instead.
[05/09 12:05:44] val_6-way-5-shot_acc: 42.067	0.855
[05/09 12:05:44] val_6-way-5-shot_auroc: 42.814	2.391
[05/09 12:05:44] val_6-way-5-shot_fscore: 19.733	0.316
[05/09 12:05:44] val_6-way-5-shot_tpr@tnr95: 4.625	1.486
[05/09 12:05:44] val_6-way-5-shot_osr: 50.090	0.743
[05/09 12:05:44] BEST Auroc!
[05/09 12:06:11] 
[05/09 12:06:11] epoch 49/80, iter 19600:
[05/09 12:06:11] train_loss: 0.53029
[05/09 12:06:11] train_acc: 1.000
[05/09 12:06:11] train_auroc: 0.992
[05/09 12:06:16] Summary name val_6-way-5-shot_tpr@tnr95 is illegal; using val_6-way-5-shot_tpr_tnr95 instead.
[05/09 12:06:16] val_6-way-5-shot_acc: 42.072	0.855
[05/09 12:06:16] val_6-way-5-shot_auroc: 42.804	2.390
[05/09 12:06:16] val_6-way-5-shot_fscore: 19.733	0.316
[05/09 12:06:16] val_6-way-5-shot_tpr@tnr95: 4.625	1.486
[05/09 12:06:16] val_6-way-5-shot_osr: 50.090	0.743
[05/09 12:06:44] 
[05/09 12:06:44] epoch 50/80, iter 20000:
[05/09 12:06:44] train_loss: 0.52997
[05/09 12:06:44] train_acc: 1.000
[05/09 12:06:44] train_auroc: 0.992
[05/09 12:06:49] Summary name val_6-way-5-shot_tpr@tnr95 is illegal; using val_6-way-5-shot_tpr_tnr95 instead.
[05/09 12:06:49] val_6-way-5-shot_acc: 42.061	0.857
[05/09 12:06:49] val_6-way-5-shot_auroc: 42.843	2.392
[05/09 12:06:49] val_6-way-5-shot_fscore: 19.733	0.316
[05/09 12:06:49] val_6-way-5-shot_tpr@tnr95: 4.625	1.486
[05/09 12:06:49] val_6-way-5-shot_osr: 50.090	0.743
[05/09 12:06:50] BEST Auroc!
[05/09 12:07:17] 
[05/09 12:07:17] epoch 51/80, iter 20400:
[05/09 12:07:17] train_loss: 0.52964
[05/09 12:07:17] train_acc: 1.000
[05/09 12:07:17] train_auroc: 0.992
[05/09 12:07:22] Summary name val_6-way-5-shot_tpr@tnr95 is illegal; using val_6-way-5-shot_tpr_tnr95 instead.
[05/09 12:07:22] val_6-way-5-shot_acc: 42.072	0.855
[05/09 12:07:22] val_6-way-5-shot_auroc: 42.849	2.396
[05/09 12:07:22] val_6-way-5-shot_fscore: 19.733	0.316
[05/09 12:07:22] val_6-way-5-shot_tpr@tnr95: 4.625	1.486
[05/09 12:07:22] val_6-way-5-shot_osr: 50.090	0.743
[05/09 12:07:22] BEST Auroc!
[05/09 12:07:50] 
[05/09 12:07:50] epoch 52/80, iter 20800:
[05/09 12:07:50] train_loss: 0.52932
[05/09 12:07:50] train_acc: 1.000
[05/09 12:07:50] train_auroc: 0.992
[05/09 12:07:55] Summary name val_6-way-5-shot_tpr@tnr95 is illegal; using val_6-way-5-shot_tpr_tnr95 instead.
[05/09 12:07:55] val_6-way-5-shot_acc: 42.089	0.855
[05/09 12:07:55] val_6-way-5-shot_auroc: 42.833	2.396
[05/09 12:07:55] val_6-way-5-shot_fscore: 19.733	0.316
[05/09 12:07:55] val_6-way-5-shot_tpr@tnr95: 4.625	1.486
[05/09 12:07:55] val_6-way-5-shot_osr: 50.090	0.743
[05/09 12:08:22] 
[05/09 12:08:22] epoch 53/80, iter 21200:
[05/09 12:08:22] train_loss: 0.52899
[05/09 12:08:22] train_acc: 1.000
[05/09 12:08:22] train_auroc: 0.992
[05/09 12:08:27] Summary name val_6-way-5-shot_tpr@tnr95 is illegal; using val_6-way-5-shot_tpr_tnr95 instead.
[05/09 12:08:27] val_6-way-5-shot_acc: 42.067	0.856
[05/09 12:08:27] val_6-way-5-shot_auroc: 42.847	2.394
[05/09 12:08:27] val_6-way-5-shot_fscore: 19.744	0.318
[05/09 12:08:27] val_6-way-5-shot_tpr@tnr95: 4.625	1.486
[05/09 12:08:27] val_6-way-5-shot_osr: 50.090	0.743
[05/09 12:08:55] 
[05/09 12:08:55] epoch 54/80, iter 21600:
[05/09 12:08:55] train_loss: 0.52867
[05/09 12:08:55] train_acc: 1.000
[05/09 12:08:55] train_auroc: 0.992
[05/09 12:09:00] Summary name val_6-way-5-shot_tpr@tnr95 is illegal; using val_6-way-5-shot_tpr_tnr95 instead.
[05/09 12:09:00] val_6-way-5-shot_acc: 42.072	0.858
[05/09 12:09:00] val_6-way-5-shot_auroc: 42.865	2.392
[05/09 12:09:00] val_6-way-5-shot_fscore: 19.733	0.318
[05/09 12:09:00] val_6-way-5-shot_tpr@tnr95: 4.625	1.486
[05/09 12:09:00] val_6-way-5-shot_osr: 50.090	0.743
[05/09 12:09:00] BEST Auroc!
[05/09 12:09:28] 
[05/09 12:09:28] epoch 55/80, iter 22000:
[05/09 12:09:28] train_loss: 0.52834
[05/09 12:09:28] train_acc: 1.000
[05/09 12:09:28] train_auroc: 0.992
[05/09 12:09:33] Summary name val_6-way-5-shot_tpr@tnr95 is illegal; using val_6-way-5-shot_tpr_tnr95 instead.
[05/09 12:09:33] val_6-way-5-shot_acc: 42.061	0.856
[05/09 12:09:33] val_6-way-5-shot_auroc: 42.865	2.391
[05/09 12:09:33] val_6-way-5-shot_fscore: 19.733	0.318
[05/09 12:09:33] val_6-way-5-shot_tpr@tnr95: 4.625	1.486
[05/09 12:09:33] val_6-way-5-shot_osr: 50.090	0.743
[05/09 12:10:01] 
[05/09 12:10:01] epoch 56/80, iter 22400:
[05/09 12:10:01] train_loss: 0.52802
[05/09 12:10:01] train_acc: 1.000
[05/09 12:10:01] train_auroc: 0.992
[05/09 12:10:06] Summary name val_6-way-5-shot_tpr@tnr95 is illegal; using val_6-way-5-shot_tpr_tnr95 instead.
[05/09 12:10:06] val_6-way-5-shot_acc: 42.050	0.860
[05/09 12:10:06] val_6-way-5-shot_auroc: 42.875	2.390
[05/09 12:10:06] val_6-way-5-shot_fscore: 19.733	0.318
[05/09 12:10:06] val_6-way-5-shot_tpr@tnr95: 4.625	1.486
[05/09 12:10:06] val_6-way-5-shot_osr: 50.090	0.743
[05/09 12:10:06] BEST Auroc!
[05/09 12:10:33] 
[05/09 12:10:33] epoch 57/80, iter 22800:
[05/09 12:10:33] train_loss: 0.52768
[05/09 12:10:33] train_acc: 1.000
[05/09 12:10:33] train_auroc: 0.992
[05/09 12:10:38] Summary name val_6-way-5-shot_tpr@tnr95 is illegal; using val_6-way-5-shot_tpr_tnr95 instead.
[05/09 12:10:38] val_6-way-5-shot_acc: 42.044	0.860
[05/09 12:10:38] val_6-way-5-shot_auroc: 42.883	2.391
[05/09 12:10:38] val_6-way-5-shot_fscore: 19.733	0.318
[05/09 12:10:38] val_6-way-5-shot_tpr@tnr95: 4.500	1.431
[05/09 12:10:38] val_6-way-5-shot_osr: 50.028	0.715
[05/09 12:10:38] BEST Auroc!
[05/09 12:11:06] 
[05/09 12:11:06] epoch 58/80, iter 23200:
[05/09 12:11:06] train_loss: 0.52740
[05/09 12:11:06] train_acc: 1.000
[05/09 12:11:06] train_auroc: 0.992
[05/09 12:11:11] Summary name val_6-way-5-shot_tpr@tnr95 is illegal; using val_6-way-5-shot_tpr_tnr95 instead.
[05/09 12:11:11] val_6-way-5-shot_acc: 42.044	0.860
[05/09 12:11:11] val_6-way-5-shot_auroc: 42.881	2.388
[05/09 12:11:11] val_6-way-5-shot_fscore: 19.733	0.315
[05/09 12:11:11] val_6-way-5-shot_tpr@tnr95: 4.375	1.373
[05/09 12:11:11] val_6-way-5-shot_osr: 49.965	0.687
[05/09 12:11:39] 
[05/09 12:11:39] epoch 59/80, iter 23600:
[05/09 12:11:39] train_loss: 0.52701
[05/09 12:11:39] train_acc: 1.000
[05/09 12:11:39] train_auroc: 0.992
[05/09 12:11:45] Summary name val_6-way-5-shot_tpr@tnr95 is illegal; using val_6-way-5-shot_tpr_tnr95 instead.
[05/09 12:11:45] val_6-way-5-shot_acc: 42.089	0.861
[05/09 12:11:45] val_6-way-5-shot_auroc: 42.886	2.386
[05/09 12:11:45] val_6-way-5-shot_fscore: 19.733	0.315
[05/09 12:11:45] val_6-way-5-shot_tpr@tnr95: 4.375	1.373
[05/09 12:11:45] val_6-way-5-shot_osr: 49.965	0.687
[05/09 12:11:45] BEST Auroc!
[05/09 12:12:12] 
[05/09 12:12:12] epoch 60/80, iter 24000:
[05/09 12:12:12] train_loss: 0.52673
[05/09 12:12:12] train_acc: 1.000
[05/09 12:12:12] train_auroc: 0.992
[05/09 12:12:17] Summary name val_6-way-5-shot_tpr@tnr95 is illegal; using val_6-way-5-shot_tpr_tnr95 instead.
[05/09 12:12:17] val_6-way-5-shot_acc: 42.039	0.863
[05/09 12:12:17] val_6-way-5-shot_auroc: 42.903	2.387
[05/09 12:12:17] val_6-way-5-shot_fscore: 19.722	0.314
[05/09 12:12:17] val_6-way-5-shot_tpr@tnr95: 4.500	1.387
[05/09 12:12:17] val_6-way-5-shot_osr: 50.028	0.694
[05/09 12:12:18] BEST Auroc!
[05/09 12:12:45] 
[05/09 12:12:45] epoch 61/80, iter 24400:
[05/09 12:12:45] train_loss: 0.52641
[05/09 12:12:45] train_acc: 1.000
[05/09 12:12:45] train_auroc: 0.992
[05/09 12:12:50] Summary name val_6-way-5-shot_tpr@tnr95 is illegal; using val_6-way-5-shot_tpr_tnr95 instead.
[05/09 12:12:50] val_6-way-5-shot_acc: 42.044	0.861
[05/09 12:12:50] val_6-way-5-shot_auroc: 42.917	2.384
[05/09 12:12:50] val_6-way-5-shot_fscore: 19.722	0.314
[05/09 12:12:50] val_6-way-5-shot_tpr@tnr95: 4.375	1.373
[05/09 12:12:50] val_6-way-5-shot_osr: 49.965	0.687
[05/09 12:12:51] BEST Auroc!
[05/09 12:13:18] 
[05/09 12:13:18] epoch 62/80, iter 24800:
[05/09 12:13:18] train_loss: 0.52611
[05/09 12:13:18] train_acc: 1.000
[05/09 12:13:18] train_auroc: 0.992
[05/09 12:13:23] Summary name val_6-way-5-shot_tpr@tnr95 is illegal; using val_6-way-5-shot_tpr_tnr95 instead.
[05/09 12:13:23] val_6-way-5-shot_acc: 42.028	0.861
[05/09 12:13:23] val_6-way-5-shot_auroc: 42.917	2.386
[05/09 12:13:23] val_6-way-5-shot_fscore: 19.733	0.312
[05/09 12:13:23] val_6-way-5-shot_tpr@tnr95: 4.625	1.401
[05/09 12:13:23] val_6-way-5-shot_osr: 50.090	0.701
[05/09 12:13:50] 
[05/09 12:13:50] epoch 63/80, iter 25200:
[05/09 12:13:50] train_loss: 0.52572
[05/09 12:13:50] train_acc: 1.000
[05/09 12:13:50] train_auroc: 0.992
[05/09 12:13:55] Summary name val_6-way-5-shot_tpr@tnr95 is illegal; using val_6-way-5-shot_tpr_tnr95 instead.
[05/09 12:13:55] val_6-way-5-shot_acc: 42.039	0.858
[05/09 12:13:55] val_6-way-5-shot_auroc: 42.924	2.387
[05/09 12:13:55] val_6-way-5-shot_fscore: 19.733	0.312
[05/09 12:13:55] val_6-way-5-shot_tpr@tnr95: 4.625	1.401
[05/09 12:13:55] val_6-way-5-shot_osr: 50.090	0.701
[05/09 12:13:56] BEST Auroc!
[05/09 12:14:23] 
[05/09 12:14:23] epoch 64/80, iter 25600:
[05/09 12:14:23] train_loss: 0.52544
[05/09 12:14:23] train_acc: 1.000
[05/09 12:14:23] train_auroc: 0.992
[05/09 12:14:28] Summary name val_6-way-5-shot_tpr@tnr95 is illegal; using val_6-way-5-shot_tpr_tnr95 instead.
[05/09 12:14:28] val_6-way-5-shot_acc: 42.028	0.860
[05/09 12:14:28] val_6-way-5-shot_auroc: 42.933	2.385
[05/09 12:14:28] val_6-way-5-shot_fscore: 19.733	0.312
[05/09 12:14:28] val_6-way-5-shot_tpr@tnr95: 4.375	1.373
[05/09 12:14:28] val_6-way-5-shot_osr: 49.965	0.687
[05/09 12:14:28] BEST Auroc!
[05/09 12:14:55] 
[05/09 12:14:55] epoch 65/80, iter 26000:
[05/09 12:14:55] train_loss: 0.52513
[05/09 12:14:55] train_acc: 1.000
[05/09 12:14:55] train_auroc: 0.992
[05/09 12:15:01] Summary name val_6-way-5-shot_tpr@tnr95 is illegal; using val_6-way-5-shot_tpr_tnr95 instead.
[05/09 12:15:01] val_6-way-5-shot_acc: 42.028	0.857
[05/09 12:15:01] val_6-way-5-shot_auroc: 42.935	2.385
[05/09 12:15:01] val_6-way-5-shot_fscore: 19.733	0.312
[05/09 12:15:01] val_6-way-5-shot_tpr@tnr95: 4.500	1.387
[05/09 12:15:01] val_6-way-5-shot_osr: 50.028	0.694
[05/09 12:15:01] BEST Auroc!
[05/09 12:15:28] 
[05/09 12:15:28] epoch 66/80, iter 26400:
[05/09 12:15:28] train_loss: 0.52479
[05/09 12:15:28] train_acc: 1.000
[05/09 12:15:28] train_auroc: 0.992
[05/09 12:15:33] Summary name val_6-way-5-shot_tpr@tnr95 is illegal; using val_6-way-5-shot_tpr_tnr95 instead.
[05/09 12:15:33] val_6-way-5-shot_acc: 42.028	0.859
[05/09 12:15:33] val_6-way-5-shot_auroc: 42.944	2.384
[05/09 12:15:33] val_6-way-5-shot_fscore: 19.733	0.309
[05/09 12:15:33] val_6-way-5-shot_tpr@tnr95: 4.500	1.387
[05/09 12:15:33] val_6-way-5-shot_osr: 50.028	0.694
[05/09 12:15:34] BEST Auroc!
[05/09 12:16:01] 
[05/09 12:16:01] epoch 67/80, iter 26800:
[05/09 12:16:01] train_loss: 0.52447
[05/09 12:16:01] train_acc: 1.000
[05/09 12:16:01] train_auroc: 0.992
[05/09 12:16:06] Summary name val_6-way-5-shot_tpr@tnr95 is illegal; using val_6-way-5-shot_tpr_tnr95 instead.
[05/09 12:16:06] val_6-way-5-shot_acc: 42.061	0.859
[05/09 12:16:06] val_6-way-5-shot_auroc: 42.961	2.383
[05/09 12:16:06] val_6-way-5-shot_fscore: 19.733	0.309
[05/09 12:16:06] val_6-way-5-shot_tpr@tnr95: 4.500	1.387
[05/09 12:16:06] val_6-way-5-shot_osr: 50.028	0.694
[05/09 12:16:06] BEST Auroc!
[05/09 12:16:33] 
[05/09 12:16:33] epoch 68/80, iter 27200:
[05/09 12:16:33] train_loss: 0.52417
[05/09 12:16:33] train_acc: 1.000
[05/09 12:16:33] train_auroc: 0.992
[05/09 12:16:38] Summary name val_6-way-5-shot_tpr@tnr95 is illegal; using val_6-way-5-shot_tpr_tnr95 instead.
[05/09 12:16:38] val_6-way-5-shot_acc: 42.072	0.858
[05/09 12:16:38] val_6-way-5-shot_auroc: 42.961	2.381
[05/09 12:16:38] val_6-way-5-shot_fscore: 19.744	0.310
[05/09 12:16:38] val_6-way-5-shot_tpr@tnr95: 4.500	1.387
[05/09 12:16:38] val_6-way-5-shot_osr: 50.028	0.694
[05/09 12:17:05] 
[05/09 12:17:05] epoch 69/80, iter 27600:
[05/09 12:17:05] train_loss: 0.52386
[05/09 12:17:05] train_acc: 1.000
[05/09 12:17:05] train_auroc: 0.992
[05/09 12:17:10] Summary name val_6-way-5-shot_tpr@tnr95 is illegal; using val_6-way-5-shot_tpr_tnr95 instead.
[05/09 12:17:10] val_6-way-5-shot_acc: 42.028	0.858
[05/09 12:17:10] val_6-way-5-shot_auroc: 42.958	2.382
[05/09 12:17:10] val_6-way-5-shot_fscore: 19.744	0.310
[05/09 12:17:10] val_6-way-5-shot_tpr@tnr95: 4.500	1.387
[05/09 12:17:10] val_6-way-5-shot_osr: 50.028	0.694
[05/09 12:17:36] 
[05/09 12:17:36] epoch 70/80, iter 28000:
[05/09 12:17:36] train_loss: 0.52351
[05/09 12:17:36] train_acc: 1.000
[05/09 12:17:36] train_auroc: 0.992
[05/09 12:17:41] Summary name val_6-way-5-shot_tpr@tnr95 is illegal; using val_6-way-5-shot_tpr_tnr95 instead.
[05/09 12:17:41] val_6-way-5-shot_acc: 42.022	0.859
[05/09 12:17:41] val_6-way-5-shot_auroc: 42.962	2.379
[05/09 12:17:41] val_6-way-5-shot_fscore: 19.733	0.309
[05/09 12:17:41] val_6-way-5-shot_tpr@tnr95: 4.625	1.401
[05/09 12:17:41] val_6-way-5-shot_osr: 50.090	0.701
[05/09 12:17:42] BEST Auroc!
[05/09 12:18:09] 
[05/09 12:18:09] epoch 71/80, iter 28400:
[05/09 12:18:09] train_loss: 0.52317
[05/09 12:18:09] train_acc: 1.000
[05/09 12:18:09] train_auroc: 0.992
[05/09 12:18:14] Summary name val_6-way-5-shot_tpr@tnr95 is illegal; using val_6-way-5-shot_tpr_tnr95 instead.
[05/09 12:18:14] val_6-way-5-shot_acc: 42.044	0.861
[05/09 12:18:14] val_6-way-5-shot_auroc: 42.978	2.382
[05/09 12:18:14] val_6-way-5-shot_fscore: 19.733	0.309
[05/09 12:18:14] val_6-way-5-shot_tpr@tnr95: 4.625	1.401
[05/09 12:18:14] val_6-way-5-shot_osr: 50.090	0.701
[05/09 12:18:14] BEST Auroc!
[05/09 12:18:42] 
[05/09 12:18:42] epoch 72/80, iter 28800:
[05/09 12:18:42] train_loss: 0.52287
[05/09 12:18:42] train_acc: 1.000
[05/09 12:18:42] train_auroc: 0.992
[05/09 12:18:47] Summary name val_6-way-5-shot_tpr@tnr95 is illegal; using val_6-way-5-shot_tpr_tnr95 instead.
[05/09 12:18:47] val_6-way-5-shot_acc: 42.033	0.859
[05/09 12:18:47] val_6-way-5-shot_auroc: 43.012	2.381
[05/09 12:18:47] val_6-way-5-shot_fscore: 19.722	0.308
[05/09 12:18:47] val_6-way-5-shot_tpr@tnr95: 4.750	1.415
[05/09 12:18:47] val_6-way-5-shot_osr: 50.153	0.707
[05/09 12:18:47] BEST Auroc!
[05/09 12:19:14] 
[05/09 12:19:14] epoch 73/80, iter 29200:
[05/09 12:19:14] train_loss: 0.52256
[05/09 12:19:14] train_acc: 1.000
[05/09 12:19:14] train_auroc: 0.992
[05/09 12:19:19] Summary name val_6-way-5-shot_tpr@tnr95 is illegal; using val_6-way-5-shot_tpr_tnr95 instead.
[05/09 12:19:19] val_6-way-5-shot_acc: 42.056	0.860
[05/09 12:19:19] val_6-way-5-shot_auroc: 43.006	2.382
[05/09 12:19:19] val_6-way-5-shot_fscore: 19.711	0.307
[05/09 12:19:19] val_6-way-5-shot_tpr@tnr95: 4.750	1.415
[05/09 12:19:19] val_6-way-5-shot_osr: 50.153	0.707
[05/09 12:19:46] 
[05/09 12:19:46] epoch 74/80, iter 29600:
[05/09 12:19:46] train_loss: 0.52224
[05/09 12:19:46] train_acc: 1.000
[05/09 12:19:46] train_auroc: 0.992
[05/09 12:19:51] Summary name val_6-way-5-shot_tpr@tnr95 is illegal; using val_6-way-5-shot_tpr_tnr95 instead.
[05/09 12:19:51] val_6-way-5-shot_acc: 42.056	0.861
[05/09 12:19:51] val_6-way-5-shot_auroc: 43.019	2.382
[05/09 12:19:51] val_6-way-5-shot_fscore: 19.711	0.307
[05/09 12:19:51] val_6-way-5-shot_tpr@tnr95: 4.750	1.415
[05/09 12:19:51] val_6-way-5-shot_osr: 50.153	0.707
[05/09 12:19:51] BEST Auroc!
[05/09 12:20:18] 
[05/09 12:20:18] epoch 75/80, iter 30000:
[05/09 12:20:18] train_loss: 0.52191
[05/09 12:20:18] train_acc: 1.000
[05/09 12:20:18] train_auroc: 0.992
[05/09 12:20:23] Summary name val_6-way-5-shot_tpr@tnr95 is illegal; using val_6-way-5-shot_tpr_tnr95 instead.
[05/09 12:20:23] val_6-way-5-shot_acc: 42.056	0.861
[05/09 12:20:23] val_6-way-5-shot_auroc: 43.033	2.384
[05/09 12:20:23] val_6-way-5-shot_fscore: 19.722	0.308
[05/09 12:20:23] val_6-way-5-shot_tpr@tnr95: 4.750	1.415
[05/09 12:20:23] val_6-way-5-shot_osr: 50.153	0.707
[05/09 12:20:23] BEST Auroc!
[05/09 12:20:51] 
[05/09 12:20:51] epoch 76/80, iter 30400:
[05/09 12:20:51] train_loss: 0.52160
[05/09 12:20:51] train_acc: 1.000
[05/09 12:20:51] train_auroc: 0.992
[05/09 12:20:56] Summary name val_6-way-5-shot_tpr@tnr95 is illegal; using val_6-way-5-shot_tpr_tnr95 instead.
[05/09 12:20:56] val_6-way-5-shot_acc: 42.094	0.860
[05/09 12:20:56] val_6-way-5-shot_auroc: 43.025	2.385
[05/09 12:20:56] val_6-way-5-shot_fscore: 19.722	0.308
[05/09 12:20:56] val_6-way-5-shot_tpr@tnr95: 4.750	1.415
[05/09 12:20:56] val_6-way-5-shot_osr: 50.153	0.707
[05/09 12:21:24] 
[05/09 12:21:24] epoch 77/80, iter 30800:
[05/09 12:21:24] train_loss: 0.52126
[05/09 12:21:24] train_acc: 1.000
[05/09 12:21:24] train_auroc: 0.992
[05/09 12:21:29] Summary name val_6-way-5-shot_tpr@tnr95 is illegal; using val_6-way-5-shot_tpr_tnr95 instead.
[05/09 12:21:29] val_6-way-5-shot_acc: 42.056	0.857
[05/09 12:21:29] val_6-way-5-shot_auroc: 43.022	2.384
[05/09 12:21:29] val_6-way-5-shot_fscore: 19.711	0.307
[05/09 12:21:29] val_6-way-5-shot_tpr@tnr95: 4.750	1.415
[05/09 12:21:29] val_6-way-5-shot_osr: 50.153	0.707
[05/09 12:21:57] 
[05/09 12:21:57] epoch 78/80, iter 31200:
[05/09 12:21:57] train_loss: 0.52095
[05/09 12:21:57] train_acc: 1.000
[05/09 12:21:57] train_auroc: 0.992
[05/09 12:22:02] Summary name val_6-way-5-shot_tpr@tnr95 is illegal; using val_6-way-5-shot_tpr_tnr95 instead.
[05/09 12:22:02] val_6-way-5-shot_acc: 42.044	0.859
[05/09 12:22:02] val_6-way-5-shot_auroc: 43.031	2.382
[05/09 12:22:02] val_6-way-5-shot_fscore: 19.711	0.307
[05/09 12:22:02] val_6-way-5-shot_tpr@tnr95: 4.750	1.415
[05/09 12:22:02] val_6-way-5-shot_osr: 50.153	0.707
[05/09 12:22:29] 
[05/09 12:22:29] epoch 79/80, iter 31600:
[05/09 12:22:29] train_loss: 0.52062
[05/09 12:22:29] train_acc: 1.000
[05/09 12:22:29] train_auroc: 0.992
[05/09 12:22:34] Summary name val_6-way-5-shot_tpr@tnr95 is illegal; using val_6-way-5-shot_tpr_tnr95 instead.
[05/09 12:22:34] val_6-way-5-shot_acc: 42.044	0.861
[05/09 12:22:34] val_6-way-5-shot_auroc: 43.029	2.384
[05/09 12:22:34] val_6-way-5-shot_fscore: 19.700	0.307
[05/09 12:22:34] val_6-way-5-shot_tpr@tnr95: 4.750	1.415
[05/09 12:22:34] val_6-way-5-shot_osr: 50.153	0.707
[05/09 12:23:01] 
[05/09 12:23:01] epoch 80/80, iter 32000:
[05/09 12:23:01] train_loss: 0.52033
[05/09 12:23:01] train_acc: 1.000
[05/09 12:23:01] train_auroc: 0.992
[05/09 12:23:07] Summary name val_6-way-5-shot_tpr@tnr95 is illegal; using val_6-way-5-shot_tpr_tnr95 instead.
[05/09 12:23:07] val_6-way-5-shot_acc: 42.033	0.863
[05/09 12:23:07] val_6-way-5-shot_auroc: 43.049	2.387
[05/09 12:23:07] val_6-way-5-shot_fscore: 19.700	0.307
[05/09 12:23:07] val_6-way-5-shot_tpr@tnr95: 4.750	1.415
[05/09 12:23:07] val_6-way-5-shot_osr: 50.153	0.707
[05/09 12:23:07] BEST Auroc!
[05/09 12:23:07] training finished!
[05/09 12:23:07] ------------------------
[05/09 12:23:07] the best epoch is 80/80
[05/09 12:23:07] the best 6-way 5-shot val acc is 44.544
