[05/08 07:50:09] start training!
[05/08 07:51:07] 
[05/08 07:51:07] epoch 1/80, iter 400:
[05/08 07:51:07] train_loss: 2.14686
[05/08 07:51:07] train_acc: 0.698
[05/08 07:51:07] train_auroc: 0.676
[05/08 07:51:19] Summary name val_6-way-5-shot_tpr@tnr95 is illegal; using val_6-way-5-shot_tpr_tnr95 instead.
[05/08 07:51:19] val_6-way-5-shot_acc: 51.957	0.364
[05/08 07:51:19] val_6-way-5-shot_auroc: 48.833	0.559
[05/08 07:51:19] val_6-way-5-shot_fscore: 43.110	0.258
[05/08 07:51:19] val_6-way-5-shot_tpr@tnr95: 5.774	0.326
[05/08 07:51:19] val_6-way-5-shot_osr: 50.387	0.163
[05/08 07:51:19] BEST ACC!
[05/08 07:51:20] BEST Auroc!
[05/08 07:51:20] BEST Fscore!
[05/08 07:51:20] BEST OSR Score!
[05/08 07:52:16] 
[05/08 07:52:16] epoch 2/80, iter 800:
[05/08 07:52:16] train_loss: 1.78302
[05/08 07:52:16] train_acc: 0.740
[05/08 07:52:16] train_auroc: 0.689
[05/08 07:52:27] Summary name val_6-way-5-shot_tpr@tnr95 is illegal; using val_6-way-5-shot_tpr_tnr95 instead.
[05/08 07:52:27] val_6-way-5-shot_acc: 54.438	0.367
[05/08 07:52:27] val_6-way-5-shot_auroc: 45.713	0.535
[05/08 07:52:27] val_6-way-5-shot_fscore: 42.734	0.244
[05/08 07:52:27] val_6-way-5-shot_tpr@tnr95: 5.408	0.302
[05/08 07:52:27] val_6-way-5-shot_osr: 50.204	0.151
[05/08 07:52:27] BEST ACC!
[05/08 07:53:23] 
[05/08 07:53:23] epoch 3/80, iter 1200:
[05/08 07:53:23] train_loss: 1.67282
[05/08 07:53:23] train_acc: 0.777
[05/08 07:53:23] train_auroc: 0.705
[05/08 07:53:35] Summary name val_6-way-5-shot_tpr@tnr95 is illegal; using val_6-way-5-shot_tpr_tnr95 instead.
[05/08 07:53:35] val_6-way-5-shot_acc: 55.747	0.363
[05/08 07:53:35] val_6-way-5-shot_auroc: 44.353	0.515
[05/08 07:53:35] val_6-way-5-shot_fscore: 42.515	0.241
[05/08 07:53:35] val_6-way-5-shot_tpr@tnr95: 5.251	0.300
[05/08 07:53:35] val_6-way-5-shot_osr: 50.126	0.150
[05/08 07:53:35] BEST ACC!
[05/08 07:54:31] 
[05/08 07:54:31] epoch 4/80, iter 1600:
[05/08 07:54:31] train_loss: 1.58550
[05/08 07:54:31] train_acc: 0.813
[05/08 07:54:31] train_auroc: 0.726
[05/08 07:54:43] Summary name val_6-way-5-shot_tpr@tnr95 is illegal; using val_6-way-5-shot_tpr_tnr95 instead.
[05/08 07:54:43] val_6-way-5-shot_acc: 56.662	0.369
[05/08 07:54:43] val_6-way-5-shot_auroc: 43.720	0.503
[05/08 07:54:43] val_6-way-5-shot_fscore: 42.515	0.227
[05/08 07:54:43] val_6-way-5-shot_tpr@tnr95: 5.214	0.287
[05/08 07:54:43] val_6-way-5-shot_osr: 50.107	0.144
[05/08 07:54:43] BEST ACC!
[05/08 07:55:39] 
[05/08 07:55:39] epoch 5/80, iter 2000:
[05/08 07:55:39] train_loss: 1.50759
[05/08 07:55:39] train_acc: 0.845
[05/08 07:55:39] train_auroc: 0.748
[05/08 07:55:51] Summary name val_6-way-5-shot_tpr@tnr95 is illegal; using val_6-way-5-shot_tpr_tnr95 instead.
[05/08 07:55:51] val_6-way-5-shot_acc: 57.166	0.394
[05/08 07:55:51] val_6-way-5-shot_auroc: 43.406	0.497
[05/08 07:55:51] val_6-way-5-shot_fscore: 42.443	0.227
[05/08 07:55:51] val_6-way-5-shot_tpr@tnr95: 5.156	0.276
[05/08 07:55:51] val_6-way-5-shot_osr: 50.078	0.138
[05/08 07:55:51] BEST ACC!
[05/08 07:56:47] 
[05/08 07:56:47] epoch 6/80, iter 2400:
[05/08 07:56:47] train_loss: 1.43546
[05/08 07:56:47] train_acc: 0.873
[05/08 07:56:47] train_auroc: 0.771
[05/08 07:56:59] Summary name val_6-way-5-shot_tpr@tnr95 is illegal; using val_6-way-5-shot_tpr_tnr95 instead.
[05/08 07:56:59] val_6-way-5-shot_acc: 57.554	0.396
[05/08 07:56:59] val_6-way-5-shot_auroc: 43.269	0.493
[05/08 07:56:59] val_6-way-5-shot_fscore: 42.469	0.215
[05/08 07:56:59] val_6-way-5-shot_tpr@tnr95: 5.162	0.261
[05/08 07:56:59] val_6-way-5-shot_osr: 50.081	0.131
[05/08 07:56:59] BEST ACC!
[05/08 07:57:56] 
[05/08 07:57:56] epoch 7/80, iter 2800:
[05/08 07:57:56] train_loss: 1.36782
[05/08 07:57:56] train_acc: 0.899
[05/08 07:57:56] train_auroc: 0.795
[05/08 07:58:07] Summary name val_6-way-5-shot_tpr@tnr95 is illegal; using val_6-way-5-shot_tpr_tnr95 instead.
[05/08 07:58:07] val_6-way-5-shot_acc: 57.743	0.404
[05/08 07:58:07] val_6-way-5-shot_auroc: 43.146	0.491
[05/08 07:58:07] val_6-way-5-shot_fscore: 42.459	0.216
[05/08 07:58:07] val_6-way-5-shot_tpr@tnr95: 5.241	0.264
[05/08 07:58:07] val_6-way-5-shot_osr: 50.121	0.132
[05/08 07:58:07] BEST ACC!
[05/08 07:59:05] 
[05/08 07:59:05] epoch 8/80, iter 3200:
[05/08 07:59:05] train_loss: 1.30425
[05/08 07:59:05] train_acc: 0.920
[05/08 07:59:05] train_auroc: 0.819
[05/08 07:59:16] Summary name val_6-way-5-shot_tpr@tnr95 is illegal; using val_6-way-5-shot_tpr_tnr95 instead.
[05/08 07:59:16] val_6-way-5-shot_acc: 57.886	0.414
[05/08 07:59:16] val_6-way-5-shot_auroc: 43.182	0.489
[05/08 07:59:16] val_6-way-5-shot_fscore: 42.553	0.212
[05/08 07:59:16] val_6-way-5-shot_tpr@tnr95: 5.354	0.272
[05/08 07:59:16] val_6-way-5-shot_osr: 50.177	0.136
[05/08 07:59:17] BEST ACC!
[05/08 08:00:13] 
[05/08 08:00:13] epoch 9/80, iter 3600:
[05/08 08:00:13] train_loss: 1.24504
[05/08 08:00:13] train_acc: 0.939
[05/08 08:00:13] train_auroc: 0.843
[05/08 08:00:25] Summary name val_6-way-5-shot_tpr@tnr95 is illegal; using val_6-way-5-shot_tpr_tnr95 instead.
[05/08 08:00:25] val_6-way-5-shot_acc: 57.967	0.433
[05/08 08:00:25] val_6-way-5-shot_auroc: 43.266	0.487
[05/08 08:00:25] val_6-way-5-shot_fscore: 42.599	0.208
[05/08 08:00:25] val_6-way-5-shot_tpr@tnr95: 5.451	0.263
[05/08 08:00:25] val_6-way-5-shot_osr: 50.226	0.131
[05/08 08:00:25] BEST ACC!
[05/08 08:01:21] 
[05/08 08:01:21] epoch 10/80, iter 4000:
[05/08 08:01:21] train_loss: 1.19045
[05/08 08:01:21] train_acc: 0.954
[05/08 08:01:21] train_auroc: 0.865
[05/08 08:01:33] Summary name val_6-way-5-shot_tpr@tnr95 is illegal; using val_6-way-5-shot_tpr_tnr95 instead.
[05/08 08:01:33] val_6-way-5-shot_acc: 57.962	0.432
[05/08 08:01:33] val_6-way-5-shot_auroc: 43.345	0.488
[05/08 08:01:33] val_6-way-5-shot_fscore: 42.625	0.203
[05/08 08:01:33] val_6-way-5-shot_tpr@tnr95: 5.386	0.252
[05/08 08:01:33] val_6-way-5-shot_osr: 50.193	0.126
[05/08 08:02:29] 
[05/08 08:02:29] epoch 11/80, iter 4400:
[05/08 08:02:29] train_loss: 1.14067
[05/08 08:02:29] train_acc: 0.966
[05/08 08:02:29] train_auroc: 0.886
[05/08 08:02:41] Summary name val_6-way-5-shot_tpr@tnr95 is illegal; using val_6-way-5-shot_tpr_tnr95 instead.
[05/08 08:02:41] val_6-way-5-shot_acc: 57.830	0.441
[05/08 08:02:41] val_6-way-5-shot_auroc: 43.439	0.489
[05/08 08:02:41] val_6-way-5-shot_fscore: 42.650	0.202
[05/08 08:02:41] val_6-way-5-shot_tpr@tnr95: 5.384	0.249
[05/08 08:02:41] val_6-way-5-shot_osr: 50.192	0.124
[05/08 08:03:37] 
[05/08 08:03:37] epoch 12/80, iter 4800:
[05/08 08:03:37] train_loss: 1.09582
[05/08 08:03:37] train_acc: 0.975
[05/08 08:03:37] train_auroc: 0.905
[05/08 08:03:48] Summary name val_6-way-5-shot_tpr@tnr95 is illegal; using val_6-way-5-shot_tpr_tnr95 instead.
[05/08 08:03:48] val_6-way-5-shot_acc: 57.797	0.451
[05/08 08:03:48] val_6-way-5-shot_auroc: 43.494	0.490
[05/08 08:03:48] val_6-way-5-shot_fscore: 42.632	0.190
[05/08 08:03:48] val_6-way-5-shot_tpr@tnr95: 5.339	0.238
[05/08 08:03:48] val_6-way-5-shot_osr: 50.169	0.119
[05/08 08:04:44] 
[05/08 08:04:44] epoch 13/80, iter 5200:
[05/08 08:04:44] train_loss: 1.05571
[05/08 08:04:44] train_acc: 0.982
[05/08 08:04:44] train_auroc: 0.922
[05/08 08:04:55] Summary name val_6-way-5-shot_tpr@tnr95 is illegal; using val_6-way-5-shot_tpr_tnr95 instead.
[05/08 08:04:55] val_6-way-5-shot_acc: 57.706	0.464
[05/08 08:04:55] val_6-way-5-shot_auroc: 43.452	0.491
[05/08 08:04:55] val_6-way-5-shot_fscore: 42.546	0.191
[05/08 08:04:55] val_6-way-5-shot_tpr@tnr95: 5.256	0.240
[05/08 08:04:55] val_6-way-5-shot_osr: 50.128	0.120
[05/08 08:05:51] 
[05/08 08:05:51] epoch 14/80, iter 5600:
[05/08 08:05:51] train_loss: 1.01991
[05/08 08:05:51] train_acc: 0.987
[05/08 08:05:51] train_auroc: 0.937
[05/08 08:06:03] Summary name val_6-way-5-shot_tpr@tnr95 is illegal; using val_6-way-5-shot_tpr_tnr95 instead.
[05/08 08:06:03] val_6-way-5-shot_acc: 57.651	0.462
[05/08 08:06:03] val_6-way-5-shot_auroc: 43.393	0.494
[05/08 08:06:03] val_6-way-5-shot_fscore: 42.425	0.192
[05/08 08:06:03] val_6-way-5-shot_tpr@tnr95: 5.121	0.236
[05/08 08:06:03] val_6-way-5-shot_osr: 50.061	0.118
[05/08 08:06:59] 
[05/08 08:06:59] epoch 15/80, iter 6000:
[05/08 08:06:59] train_loss: 0.98793
[05/08 08:06:59] train_acc: 0.991
[05/08 08:06:59] train_auroc: 0.949
[05/08 08:07:11] Summary name val_6-way-5-shot_tpr@tnr95 is illegal; using val_6-way-5-shot_tpr_tnr95 instead.
[05/08 08:07:11] val_6-way-5-shot_acc: 57.505	0.473
[05/08 08:07:11] val_6-way-5-shot_auroc: 43.381	0.497
[05/08 08:07:11] val_6-way-5-shot_fscore: 42.370	0.188
[05/08 08:07:11] val_6-way-5-shot_tpr@tnr95: 5.070	0.227
[05/08 08:07:11] val_6-way-5-shot_osr: 50.035	0.114
[05/08 08:08:07] 
[05/08 08:08:07] epoch 16/80, iter 6400:
[05/08 08:08:07] train_loss: 0.95933
[05/08 08:08:07] train_acc: 0.993
[05/08 08:08:07] train_auroc: 0.959
[05/08 08:08:19] Summary name val_6-way-5-shot_tpr@tnr95 is illegal; using val_6-way-5-shot_tpr_tnr95 instead.
[05/08 08:08:19] val_6-way-5-shot_acc: 57.367	0.477
[05/08 08:08:19] val_6-way-5-shot_auroc: 43.397	0.499
[05/08 08:08:19] val_6-way-5-shot_fscore: 42.365	0.185
[05/08 08:08:19] val_6-way-5-shot_tpr@tnr95: 5.014	0.215
[05/08 08:08:19] val_6-way-5-shot_osr: 50.007	0.108
[05/08 08:09:16] 
[05/08 08:09:16] epoch 17/80, iter 6800:
[05/08 08:09:16] train_loss: 0.93359
[05/08 08:09:16] train_acc: 0.995
[05/08 08:09:16] train_auroc: 0.968
[05/08 08:09:27] Summary name val_6-way-5-shot_tpr@tnr95 is illegal; using val_6-way-5-shot_tpr_tnr95 instead.
[05/08 08:09:27] val_6-way-5-shot_acc: 57.183	0.481
[05/08 08:09:27] val_6-way-5-shot_auroc: 43.412	0.503
[05/08 08:09:27] val_6-way-5-shot_fscore: 42.279	0.185
[05/08 08:09:27] val_6-way-5-shot_tpr@tnr95: 4.919	0.212
[05/08 08:09:27] val_6-way-5-shot_osr: 49.959	0.106
[05/08 08:10:24] 
[05/08 08:10:24] epoch 18/80, iter 7200:
[05/08 08:10:24] train_loss: 0.91021
[05/08 08:10:24] train_acc: 0.996
[05/08 08:10:24] train_auroc: 0.974
[05/08 08:10:36] Summary name val_6-way-5-shot_tpr@tnr95 is illegal; using val_6-way-5-shot_tpr_tnr95 instead.
[05/08 08:10:36] val_6-way-5-shot_acc: 57.019	0.479
[05/08 08:10:36] val_6-way-5-shot_auroc: 43.439	0.508
[05/08 08:10:36] val_6-way-5-shot_fscore: 42.292	0.190
[05/08 08:10:36] val_6-way-5-shot_tpr@tnr95: 4.879	0.205
[05/08 08:10:36] val_6-way-5-shot_osr: 49.939	0.103
[05/08 08:11:33] 
[05/08 08:11:33] epoch 19/80, iter 7600:
[05/08 08:11:33] train_loss: 0.88874
[05/08 08:11:33] train_acc: 0.997
[05/08 08:11:33] train_auroc: 0.979
[05/08 08:11:44] Summary name val_6-way-5-shot_tpr@tnr95 is illegal; using val_6-way-5-shot_tpr_tnr95 instead.
[05/08 08:11:44] val_6-way-5-shot_acc: 56.843	0.482
[05/08 08:11:44] val_6-way-5-shot_auroc: 43.485	0.513
[05/08 08:11:44] val_6-way-5-shot_fscore: 42.316	0.184
[05/08 08:11:44] val_6-way-5-shot_tpr@tnr95: 4.934	0.211
[05/08 08:11:44] val_6-way-5-shot_osr: 49.967	0.105
[05/08 08:12:41] 
[05/08 08:12:41] epoch 20/80, iter 8000:
[05/08 08:12:41] train_loss: 0.86891
[05/08 08:12:41] train_acc: 0.998
[05/08 08:12:41] train_auroc: 0.983
[05/08 08:12:53] Summary name val_6-way-5-shot_tpr@tnr95 is illegal; using val_6-way-5-shot_tpr_tnr95 instead.
[05/08 08:12:53] val_6-way-5-shot_acc: 56.673	0.484
[05/08 08:12:53] val_6-way-5-shot_auroc: 43.493	0.519
[05/08 08:12:53] val_6-way-5-shot_fscore: 42.272	0.186
[05/08 08:12:53] val_6-way-5-shot_tpr@tnr95: 4.885	0.213
[05/08 08:12:53] val_6-way-5-shot_osr: 49.942	0.107
[05/08 08:13:50] 
[05/08 08:13:50] epoch 21/80, iter 8400:
[05/08 08:13:50] train_loss: 0.85031
[05/08 08:13:50] train_acc: 0.998
[05/08 08:13:50] train_auroc: 0.987
[05/08 08:14:02] Summary name val_6-way-5-shot_tpr@tnr95 is illegal; using val_6-way-5-shot_tpr_tnr95 instead.
[05/08 08:14:02] val_6-way-5-shot_acc: 56.487	0.485
[05/08 08:14:02] val_6-way-5-shot_auroc: 43.499	0.527
[05/08 08:14:02] val_6-way-5-shot_fscore: 42.178	0.178
[05/08 08:14:02] val_6-way-5-shot_tpr@tnr95: 4.874	0.210
[05/08 08:14:02] val_6-way-5-shot_osr: 49.937	0.105
[05/08 08:14:59] 
[05/08 08:14:59] epoch 22/80, iter 8800:
[05/08 08:14:59] train_loss: 0.83264
[05/08 08:14:59] train_acc: 0.999
[05/08 08:14:59] train_auroc: 0.989
[05/08 08:15:10] Summary name val_6-way-5-shot_tpr@tnr95 is illegal; using val_6-way-5-shot_tpr_tnr95 instead.
[05/08 08:15:10] val_6-way-5-shot_acc: 56.272	0.481
[05/08 08:15:10] val_6-way-5-shot_auroc: 43.519	0.536
[05/08 08:15:10] val_6-way-5-shot_fscore: 42.186	0.178
[05/08 08:15:10] val_6-way-5-shot_tpr@tnr95: 4.826	0.214
[05/08 08:15:10] val_6-way-5-shot_osr: 49.913	0.107
[05/08 08:16:07] 
[05/08 08:16:07] epoch 23/80, iter 9200:
[05/08 08:16:07] train_loss: 0.81558
[05/08 08:16:07] train_acc: 0.999
[05/08 08:16:07] train_auroc: 0.991
[05/08 08:16:18] Summary name val_6-way-5-shot_tpr@tnr95 is illegal; using val_6-way-5-shot_tpr_tnr95 instead.
[05/08 08:16:18] val_6-way-5-shot_acc: 56.082	0.484
[05/08 08:16:18] val_6-way-5-shot_auroc: 43.540	0.547
[05/08 08:16:18] val_6-way-5-shot_fscore: 42.222	0.179
[05/08 08:16:18] val_6-way-5-shot_tpr@tnr95: 4.776	0.215
[05/08 08:16:18] val_6-way-5-shot_osr: 49.888	0.107
[05/08 08:17:17] 
[05/08 08:17:17] epoch 24/80, iter 9600:
[05/08 08:17:17] train_loss: 0.79886
[05/08 08:17:17] train_acc: 0.999
[05/08 08:17:17] train_auroc: 0.992
[05/08 08:17:29] Summary name val_6-way-5-shot_tpr@tnr95 is illegal; using val_6-way-5-shot_tpr_tnr95 instead.
[05/08 08:17:29] val_6-way-5-shot_acc: 55.752	0.500
[05/08 08:17:29] val_6-way-5-shot_auroc: 43.524	0.558
[05/08 08:17:29] val_6-way-5-shot_fscore: 42.161	0.184
[05/08 08:17:29] val_6-way-5-shot_tpr@tnr95: 4.636	0.220
[05/08 08:17:29] val_6-way-5-shot_osr: 49.818	0.110
[05/08 08:18:28] 
[05/08 08:18:28] epoch 25/80, iter 10000:
[05/08 08:18:28] train_loss: 0.78215
[05/08 08:18:28] train_acc: 0.999
[05/08 08:18:28] train_auroc: 0.993
[05/08 08:18:40] Summary name val_6-way-5-shot_tpr@tnr95 is illegal; using val_6-way-5-shot_tpr_tnr95 instead.
[05/08 08:18:40] val_6-way-5-shot_acc: 55.452	0.505
[05/08 08:18:40] val_6-way-5-shot_auroc: 43.520	0.571
[05/08 08:18:40] val_6-way-5-shot_fscore: 42.008	0.187
[05/08 08:18:40] val_6-way-5-shot_tpr@tnr95: 4.579	0.218
[05/08 08:18:40] val_6-way-5-shot_osr: 49.789	0.109
[05/08 08:19:37] 
[05/08 08:19:37] epoch 26/80, iter 10400:
[05/08 08:19:37] train_loss: 0.76490
[05/08 08:19:37] train_acc: 0.999
[05/08 08:19:37] train_auroc: 0.994
[05/08 08:19:48] Summary name val_6-way-5-shot_tpr@tnr95 is illegal; using val_6-way-5-shot_tpr_tnr95 instead.
[05/08 08:19:48] val_6-way-5-shot_acc: 55.090	0.514
[05/08 08:19:48] val_6-way-5-shot_auroc: 43.536	0.583
[05/08 08:19:48] val_6-way-5-shot_fscore: 42.080	0.194
[05/08 08:19:48] val_6-way-5-shot_tpr@tnr95: 4.506	0.214
[05/08 08:19:48] val_6-way-5-shot_osr: 49.753	0.107
[05/08 08:20:46] 
[05/08 08:20:46] epoch 27/80, iter 10800:
[05/08 08:20:46] train_loss: 0.74651
[05/08 08:20:46] train_acc: 0.999
[05/08 08:20:46] train_auroc: 0.995
[05/08 08:20:57] Summary name val_6-way-5-shot_tpr@tnr95 is illegal; using val_6-way-5-shot_tpr_tnr95 instead.
[05/08 08:20:57] val_6-way-5-shot_acc: 54.758	0.518
[05/08 08:20:57] val_6-way-5-shot_auroc: 43.531	0.591
[05/08 08:20:57] val_6-way-5-shot_fscore: 42.111	0.197
[05/08 08:20:57] val_6-way-5-shot_tpr@tnr95: 4.502	0.232
[05/08 08:20:57] val_6-way-5-shot_osr: 49.751	0.116
[05/08 08:21:55] 
[05/08 08:21:55] epoch 28/80, iter 11200:
[05/08 08:21:55] train_loss: 0.72637
[05/08 08:21:55] train_acc: 0.999
[05/08 08:21:55] train_auroc: 0.995
[05/08 08:22:06] Summary name val_6-way-5-shot_tpr@tnr95 is illegal; using val_6-way-5-shot_tpr_tnr95 instead.
[05/08 08:22:06] val_6-way-5-shot_acc: 54.272	0.521
[05/08 08:22:06] val_6-way-5-shot_auroc: 43.552	0.600
[05/08 08:22:06] val_6-way-5-shot_fscore: 42.168	0.200
[05/08 08:22:06] val_6-way-5-shot_tpr@tnr95: 4.599	0.237
[05/08 08:22:06] val_6-way-5-shot_osr: 49.799	0.118
[05/08 08:23:04] 
[05/08 08:23:04] epoch 29/80, iter 11600:
[05/08 08:23:04] train_loss: 0.70368
[05/08 08:23:04] train_acc: 0.999
[05/08 08:23:04] train_auroc: 0.995
[05/08 08:23:15] Summary name val_6-way-5-shot_tpr@tnr95 is illegal; using val_6-way-5-shot_tpr_tnr95 instead.
[05/08 08:23:15] val_6-way-5-shot_acc: 53.853	0.535
[05/08 08:23:15] val_6-way-5-shot_auroc: 43.500	0.605
[05/08 08:23:15] val_6-way-5-shot_fscore: 42.161	0.202
[05/08 08:23:15] val_6-way-5-shot_tpr@tnr95: 4.678	0.241
[05/08 08:23:15] val_6-way-5-shot_osr: 49.839	0.121
[05/08 08:24:12] 
[05/08 08:24:12] epoch 30/80, iter 12000:
[05/08 08:24:12] train_loss: 0.67741
[05/08 08:24:12] train_acc: 0.999
[05/08 08:24:12] train_auroc: 0.995
[05/08 08:24:23] Summary name val_6-way-5-shot_tpr@tnr95 is illegal; using val_6-way-5-shot_tpr_tnr95 instead.
[05/08 08:24:23] val_6-way-5-shot_acc: 53.437	0.535
[05/08 08:24:23] val_6-way-5-shot_auroc: 43.403	0.606
[05/08 08:24:23] val_6-way-5-shot_fscore: 42.131	0.203
[05/08 08:24:23] val_6-way-5-shot_tpr@tnr95: 4.705	0.246
[05/08 08:24:23] val_6-way-5-shot_osr: 49.852	0.123
[05/08 08:25:20] 
[05/08 08:25:20] epoch 31/80, iter 12400:
[05/08 08:25:20] train_loss: 0.64653
[05/08 08:25:20] train_acc: 0.999
[05/08 08:25:20] train_auroc: 0.995
[05/08 08:25:32] Summary name val_6-way-5-shot_tpr@tnr95 is illegal; using val_6-way-5-shot_tpr_tnr95 instead.
[05/08 08:25:32] val_6-way-5-shot_acc: 53.037	0.546
[05/08 08:25:32] val_6-way-5-shot_auroc: 43.172	0.602
[05/08 08:25:32] val_6-way-5-shot_fscore: 42.045	0.207
[05/08 08:25:32] val_6-way-5-shot_tpr@tnr95: 4.541	0.242
[05/08 08:25:32] val_6-way-5-shot_osr: 49.771	0.121
[05/08 08:26:30] 
[05/08 08:26:30] epoch 32/80, iter 12800:
[05/08 08:26:30] train_loss: 0.61169
[05/08 08:26:30] train_acc: 0.999
[05/08 08:26:30] train_auroc: 0.994
[05/08 08:26:41] Summary name val_6-way-5-shot_tpr@tnr95 is illegal; using val_6-way-5-shot_tpr_tnr95 instead.
[05/08 08:26:41] val_6-way-5-shot_acc: 52.804	0.549
[05/08 08:26:41] val_6-way-5-shot_auroc: 43.000	0.601
[05/08 08:26:41] val_6-way-5-shot_fscore: 42.065	0.216
[05/08 08:26:41] val_6-way-5-shot_tpr@tnr95: 4.668	0.253
[05/08 08:26:41] val_6-way-5-shot_osr: 49.834	0.126
[05/08 08:27:40] 
[05/08 08:27:40] epoch 33/80, iter 13200:
[05/08 08:27:40] train_loss: 0.57481
[05/08 08:27:40] train_acc: 0.999
[05/08 08:27:40] train_auroc: 0.994
[05/08 08:27:51] Summary name val_6-way-5-shot_tpr@tnr95 is illegal; using val_6-way-5-shot_tpr_tnr95 instead.
[05/08 08:27:51] val_6-way-5-shot_acc: 52.557	0.543
[05/08 08:27:51] val_6-way-5-shot_auroc: 42.997	0.607
[05/08 08:27:51] val_6-way-5-shot_fscore: 42.136	0.224
[05/08 08:27:51] val_6-way-5-shot_tpr@tnr95: 4.716	0.254
[05/08 08:27:51] val_6-way-5-shot_osr: 49.858	0.127
[05/08 08:28:48] 
[05/08 08:28:48] epoch 34/80, iter 13600:
[05/08 08:28:48] train_loss: 0.53892
[05/08 08:28:48] train_acc: 0.999
[05/08 08:28:48] train_auroc: 0.994
[05/08 08:28:59] Summary name val_6-way-5-shot_tpr@tnr95 is illegal; using val_6-way-5-shot_tpr_tnr95 instead.
[05/08 08:28:59] val_6-way-5-shot_acc: 52.342	0.558
[05/08 08:28:59] val_6-way-5-shot_auroc: 43.008	0.619
[05/08 08:28:59] val_6-way-5-shot_fscore: 42.215	0.228
[05/08 08:28:59] val_6-way-5-shot_tpr@tnr95: 4.884	0.268
[05/08 08:28:59] val_6-way-5-shot_osr: 49.942	0.134
[05/08 08:29:56] 
[05/08 08:29:56] epoch 35/80, iter 14000:
[05/08 08:29:56] train_loss: 0.50608
[05/08 08:29:56] train_acc: 0.999
[05/08 08:29:56] train_auroc: 0.994
[05/08 08:30:07] Summary name val_6-way-5-shot_tpr@tnr95 is illegal; using val_6-way-5-shot_tpr_tnr95 instead.
[05/08 08:30:07] val_6-way-5-shot_acc: 52.210	0.565
[05/08 08:30:07] val_6-way-5-shot_auroc: 43.061	0.631
[05/08 08:30:07] val_6-way-5-shot_fscore: 42.357	0.236
[05/08 08:30:07] val_6-way-5-shot_tpr@tnr95: 5.036	0.275
[05/08 08:30:07] val_6-way-5-shot_osr: 50.018	0.137
[05/08 08:31:05] 
[05/08 08:31:05] epoch 36/80, iter 14400:
[05/08 08:31:05] train_loss: 0.47680
[05/08 08:31:05] train_acc: 0.999
[05/08 08:31:05] train_auroc: 0.995
[05/08 08:31:16] Summary name val_6-way-5-shot_tpr@tnr95 is illegal; using val_6-way-5-shot_tpr_tnr95 instead.
[05/08 08:31:16] val_6-way-5-shot_acc: 52.093	0.574
[05/08 08:31:16] val_6-way-5-shot_auroc: 43.065	0.638
[05/08 08:31:16] val_6-way-5-shot_fscore: 42.513	0.239
[05/08 08:31:16] val_6-way-5-shot_tpr@tnr95: 5.171	0.286
[05/08 08:31:16] val_6-way-5-shot_osr: 50.086	0.143
[05/08 08:32:15] 
[05/08 08:32:15] epoch 37/80, iter 14800:
[05/08 08:32:15] train_loss: 0.45046
[05/08 08:32:15] train_acc: 1.000
[05/08 08:32:15] train_auroc: 0.995
[05/08 08:32:26] Summary name val_6-way-5-shot_tpr@tnr95 is illegal; using val_6-way-5-shot_tpr_tnr95 instead.
[05/08 08:32:26] val_6-way-5-shot_acc: 52.004	0.582
[05/08 08:32:26] val_6-way-5-shot_auroc: 43.038	0.653
[05/08 08:32:26] val_6-way-5-shot_fscore: 42.506	0.239
[05/08 08:32:26] val_6-way-5-shot_tpr@tnr95: 5.245	0.288
[05/08 08:32:26] val_6-way-5-shot_osr: 50.122	0.144
[05/08 08:33:24] 
[05/08 08:33:24] epoch 38/80, iter 15200:
[05/08 08:33:24] train_loss: 0.42656
[05/08 08:33:24] train_acc: 1.000
[05/08 08:33:24] train_auroc: 0.996
[05/08 08:33:36] Summary name val_6-way-5-shot_tpr@tnr95 is illegal; using val_6-way-5-shot_tpr_tnr95 instead.
[05/08 08:33:36] val_6-way-5-shot_acc: 51.838	0.593
[05/08 08:33:36] val_6-way-5-shot_auroc: 43.087	0.659
[05/08 08:33:36] val_6-way-5-shot_fscore: 42.662	0.244
[05/08 08:33:36] val_6-way-5-shot_tpr@tnr95: 5.429	0.301
[05/08 08:33:36] val_6-way-5-shot_osr: 50.214	0.151
[05/08 08:34:33] 
[05/08 08:34:33] epoch 39/80, iter 15600:
[05/08 08:34:33] train_loss: 0.40453
[05/08 08:34:33] train_acc: 1.000
[05/08 08:34:33] train_auroc: 0.996
[05/08 08:34:44] Summary name val_6-way-5-shot_tpr@tnr95 is illegal; using val_6-way-5-shot_tpr_tnr95 instead.
[05/08 08:34:44] val_6-way-5-shot_acc: 51.724	0.607
[05/08 08:34:44] val_6-way-5-shot_auroc: 43.197	0.666
[05/08 08:34:44] val_6-way-5-shot_fscore: 42.758	0.242
[05/08 08:34:44] val_6-way-5-shot_tpr@tnr95: 5.528	0.303
[05/08 08:34:44] val_6-way-5-shot_osr: 50.264	0.152
[05/08 08:35:42] 
[05/08 08:35:42] epoch 40/80, iter 16000:
[05/08 08:35:42] train_loss: 0.38433
[05/08 08:35:42] train_acc: 1.000
[05/08 08:35:42] train_auroc: 0.997
[05/08 08:35:53] Summary name val_6-way-5-shot_tpr@tnr95 is illegal; using val_6-way-5-shot_tpr_tnr95 instead.
[05/08 08:35:53] val_6-way-5-shot_acc: 51.570	0.624
[05/08 08:35:53] val_6-way-5-shot_auroc: 43.358	0.667
[05/08 08:35:53] val_6-way-5-shot_fscore: 42.887	0.248
[05/08 08:35:53] val_6-way-5-shot_tpr@tnr95: 5.754	0.313
[05/08 08:35:53] val_6-way-5-shot_osr: 50.377	0.156
[05/08 08:36:51] 
[05/08 08:36:51] epoch 41/80, iter 16400:
[05/08 08:36:51] train_loss: 0.36986
[05/08 08:36:51] train_acc: 1.000
[05/08 08:36:51] train_auroc: 0.997
[05/08 08:37:02] Summary name val_6-way-5-shot_tpr@tnr95 is illegal; using val_6-way-5-shot_tpr_tnr95 instead.
[05/08 08:37:02] val_6-way-5-shot_acc: 51.620	0.637
[05/08 08:37:02] val_6-way-5-shot_auroc: 43.688	0.646
[05/08 08:37:02] val_6-way-5-shot_fscore: 42.951	0.237
[05/08 08:37:02] val_6-way-5-shot_tpr@tnr95: 5.736	0.292
[05/08 08:37:02] val_6-way-5-shot_osr: 50.368	0.146
[05/08 08:37:59] 
[05/08 08:37:59] epoch 42/80, iter 16800:
[05/08 08:37:59] train_loss: 0.36687
[05/08 08:37:59] train_acc: 1.000
[05/08 08:37:59] train_auroc: 0.997
[05/08 08:38:11] Summary name val_6-way-5-shot_tpr@tnr95 is illegal; using val_6-way-5-shot_tpr_tnr95 instead.
[05/08 08:38:11] val_6-way-5-shot_acc: 51.590	0.637
[05/08 08:38:11] val_6-way-5-shot_auroc: 43.725	0.647
[05/08 08:38:11] val_6-way-5-shot_fscore: 42.977	0.237
[05/08 08:38:11] val_6-way-5-shot_tpr@tnr95: 5.734	0.295
[05/08 08:38:11] val_6-way-5-shot_osr: 50.367	0.148
[05/08 08:39:08] 
[05/08 08:39:08] epoch 43/80, iter 17200:
[05/08 08:39:08] train_loss: 0.36464
[05/08 08:39:08] train_acc: 1.000
[05/08 08:39:08] train_auroc: 0.997
[05/08 08:39:20] Summary name val_6-way-5-shot_tpr@tnr95 is illegal; using val_6-way-5-shot_tpr_tnr95 instead.
[05/08 08:39:20] val_6-way-5-shot_acc: 51.553	0.638
[05/08 08:39:20] val_6-way-5-shot_auroc: 43.732	0.647
[05/08 08:39:20] val_6-way-5-shot_fscore: 42.973	0.232
[05/08 08:39:20] val_6-way-5-shot_tpr@tnr95: 5.762	0.296
[05/08 08:39:20] val_6-way-5-shot_osr: 50.381	0.148
[05/08 08:40:18] 
[05/08 08:40:18] epoch 44/80, iter 17600:
[05/08 08:40:18] train_loss: 0.36260
[05/08 08:40:18] train_acc: 1.000
[05/08 08:40:18] train_auroc: 0.997
[05/08 08:40:30] Summary name val_6-way-5-shot_tpr@tnr95 is illegal; using val_6-way-5-shot_tpr_tnr95 instead.
[05/08 08:40:30] val_6-way-5-shot_acc: 51.543	0.642
[05/08 08:40:30] val_6-way-5-shot_auroc: 43.725	0.647
[05/08 08:40:30] val_6-way-5-shot_fscore: 42.983	0.234
[05/08 08:40:30] val_6-way-5-shot_tpr@tnr95: 5.741	0.296
[05/08 08:40:30] val_6-way-5-shot_osr: 50.371	0.148
[05/08 08:41:27] 
[05/08 08:41:27] epoch 45/80, iter 18000:
[05/08 08:41:27] train_loss: 0.36059
[05/08 08:41:27] train_acc: 1.000
[05/08 08:41:27] train_auroc: 0.997
[05/08 08:41:39] Summary name val_6-way-5-shot_tpr@tnr95 is illegal; using val_6-way-5-shot_tpr_tnr95 instead.
[05/08 08:41:39] val_6-way-5-shot_acc: 51.536	0.642
[05/08 08:41:39] val_6-way-5-shot_auroc: 43.732	0.648
[05/08 08:41:39] val_6-way-5-shot_fscore: 42.992	0.237
[05/08 08:41:39] val_6-way-5-shot_tpr@tnr95: 5.782	0.291
[05/08 08:41:39] val_6-way-5-shot_osr: 50.391	0.146
[05/08 08:41:39] BEST OSR Score!
[05/08 08:42:37] 
[05/08 08:42:37] epoch 46/80, iter 18400:
[05/08 08:42:37] train_loss: 0.35860
[05/08 08:42:37] train_acc: 1.000
[05/08 08:42:37] train_auroc: 0.997
[05/08 08:42:48] Summary name val_6-way-5-shot_tpr@tnr95 is illegal; using val_6-way-5-shot_tpr_tnr95 instead.
[05/08 08:42:48] val_6-way-5-shot_acc: 51.513	0.644
[05/08 08:42:48] val_6-way-5-shot_auroc: 43.741	0.648
[05/08 08:42:48] val_6-way-5-shot_fscore: 42.999	0.235
[05/08 08:42:48] val_6-way-5-shot_tpr@tnr95: 5.809	0.294
[05/08 08:42:48] val_6-way-5-shot_osr: 50.404	0.147
[05/08 08:42:49] BEST OSR Score!
[05/08 08:43:47] 
[05/08 08:43:47] epoch 47/80, iter 18800:
[05/08 08:43:47] train_loss: 0.35669
[05/08 08:43:47] train_acc: 1.000
[05/08 08:43:47] train_auroc: 0.997
[05/08 08:43:58] Summary name val_6-way-5-shot_tpr@tnr95 is illegal; using val_6-way-5-shot_tpr_tnr95 instead.
[05/08 08:43:58] val_6-way-5-shot_acc: 51.507	0.646
[05/08 08:43:58] val_6-way-5-shot_auroc: 43.746	0.648
[05/08 08:43:58] val_6-way-5-shot_fscore: 43.018	0.236
[05/08 08:43:58] val_6-way-5-shot_tpr@tnr95: 5.836	0.299
[05/08 08:43:58] val_6-way-5-shot_osr: 50.418	0.149
[05/08 08:43:58] BEST OSR Score!
[05/08 08:44:56] 
[05/08 08:44:56] epoch 48/80, iter 19200:
[05/08 08:44:56] train_loss: 0.35479
[05/08 08:44:56] train_acc: 1.000
[05/08 08:44:56] train_auroc: 0.997
[05/08 08:45:08] Summary name val_6-way-5-shot_tpr@tnr95 is illegal; using val_6-way-5-shot_tpr_tnr95 instead.
[05/08 08:45:08] val_6-way-5-shot_acc: 51.468	0.647
[05/08 08:45:08] val_6-way-5-shot_auroc: 43.748	0.647
[05/08 08:45:08] val_6-way-5-shot_fscore: 43.014	0.235
[05/08 08:45:08] val_6-way-5-shot_tpr@tnr95: 5.858	0.297
[05/08 08:45:08] val_6-way-5-shot_osr: 50.429	0.148
[05/08 08:45:08] BEST OSR Score!
[05/08 08:46:05] 
[05/08 08:46:05] epoch 49/80, iter 19600:
[05/08 08:46:05] train_loss: 0.35291
[05/08 08:46:05] train_acc: 1.000
[05/08 08:46:05] train_auroc: 0.997
[05/08 08:46:17] Summary name val_6-way-5-shot_tpr@tnr95 is illegal; using val_6-way-5-shot_tpr_tnr95 instead.
[05/08 08:46:17] val_6-way-5-shot_acc: 51.455	0.650
[05/08 08:46:17] val_6-way-5-shot_auroc: 43.759	0.648
[05/08 08:46:17] val_6-way-5-shot_fscore: 43.020	0.235
[05/08 08:46:17] val_6-way-5-shot_tpr@tnr95: 5.840	0.297
[05/08 08:46:17] val_6-way-5-shot_osr: 50.420	0.148
[05/08 08:47:13] 
[05/08 08:47:13] epoch 50/80, iter 20000:
[05/08 08:47:13] train_loss: 0.35105
[05/08 08:47:13] train_acc: 1.000
[05/08 08:47:13] train_auroc: 0.997
[05/08 08:47:24] Summary name val_6-way-5-shot_tpr@tnr95 is illegal; using val_6-way-5-shot_tpr_tnr95 instead.
[05/08 08:47:24] val_6-way-5-shot_acc: 51.421	0.648
[05/08 08:47:24] val_6-way-5-shot_auroc: 43.766	0.648
[05/08 08:47:24] val_6-way-5-shot_fscore: 43.028	0.235
[05/08 08:47:24] val_6-way-5-shot_tpr@tnr95: 5.851	0.300
[05/08 08:47:24] val_6-way-5-shot_osr: 50.426	0.150
[05/08 08:48:21] 
[05/08 08:48:21] epoch 51/80, iter 20400:
[05/08 08:48:21] train_loss: 0.34922
[05/08 08:48:21] train_acc: 1.000
[05/08 08:48:21] train_auroc: 0.997
[05/08 08:48:33] Summary name val_6-way-5-shot_tpr@tnr95 is illegal; using val_6-way-5-shot_tpr_tnr95 instead.
[05/08 08:48:33] val_6-way-5-shot_acc: 51.426	0.650
[05/08 08:48:33] val_6-way-5-shot_auroc: 43.770	0.648
[05/08 08:48:33] val_6-way-5-shot_fscore: 43.038	0.236
[05/08 08:48:33] val_6-way-5-shot_tpr@tnr95: 5.860	0.297
[05/08 08:48:33] val_6-way-5-shot_osr: 50.430	0.148
[05/08 08:48:33] BEST OSR Score!
[05/08 08:49:31] 
[05/08 08:49:31] epoch 52/80, iter 20800:
[05/08 08:49:31] train_loss: 0.34739
[05/08 08:49:31] train_acc: 1.000
[05/08 08:49:31] train_auroc: 0.997
[05/08 08:49:42] Summary name val_6-way-5-shot_tpr@tnr95 is illegal; using val_6-way-5-shot_tpr_tnr95 instead.
[05/08 08:49:42] val_6-way-5-shot_acc: 51.403	0.650
[05/08 08:49:42] val_6-way-5-shot_auroc: 43.774	0.648
[05/08 08:49:42] val_6-way-5-shot_fscore: 43.028	0.237
[05/08 08:49:42] val_6-way-5-shot_tpr@tnr95: 5.858	0.296
[05/08 08:49:42] val_6-way-5-shot_osr: 50.429	0.148
[05/08 08:50:39] 
[05/08 08:50:39] epoch 53/80, iter 21200:
[05/08 08:50:39] train_loss: 0.34559
[05/08 08:50:39] train_acc: 1.000
[05/08 08:50:39] train_auroc: 0.997
[05/08 08:50:51] Summary name val_6-way-5-shot_tpr@tnr95 is illegal; using val_6-way-5-shot_tpr_tnr95 instead.
[05/08 08:50:51] val_6-way-5-shot_acc: 51.388	0.651
[05/08 08:50:51] val_6-way-5-shot_auroc: 43.784	0.648
[05/08 08:50:51] val_6-way-5-shot_fscore: 43.024	0.235
[05/08 08:50:51] val_6-way-5-shot_tpr@tnr95: 5.881	0.299
[05/08 08:50:51] val_6-way-5-shot_osr: 50.441	0.150
[05/08 08:50:51] BEST OSR Score!
[05/08 08:51:48] 
[05/08 08:51:48] epoch 54/80, iter 21600:
[05/08 08:51:48] train_loss: 0.34381
[05/08 08:51:48] train_acc: 1.000
[05/08 08:51:48] train_auroc: 0.997
[05/08 08:52:00] Summary name val_6-way-5-shot_tpr@tnr95 is illegal; using val_6-way-5-shot_tpr_tnr95 instead.
[05/08 08:52:00] val_6-way-5-shot_acc: 51.367	0.655
[05/08 08:52:00] val_6-way-5-shot_auroc: 43.787	0.649
[05/08 08:52:00] val_6-way-5-shot_fscore: 43.018	0.238
[05/08 08:52:00] val_6-way-5-shot_tpr@tnr95: 5.891	0.301
[05/08 08:52:00] val_6-way-5-shot_osr: 50.446	0.150
[05/08 08:52:00] BEST OSR Score!
[05/08 08:52:58] 
[05/08 08:52:58] epoch 55/80, iter 22000:
[05/08 08:52:58] train_loss: 0.34204
[05/08 08:52:58] train_acc: 1.000
[05/08 08:52:58] train_auroc: 0.997
[05/08 08:53:09] Summary name val_6-way-5-shot_tpr@tnr95 is illegal; using val_6-way-5-shot_tpr_tnr95 instead.
[05/08 08:53:09] val_6-way-5-shot_acc: 51.342	0.656
[05/08 08:53:09] val_6-way-5-shot_auroc: 43.795	0.649
[05/08 08:53:09] val_6-way-5-shot_fscore: 43.030	0.238
[05/08 08:53:09] val_6-way-5-shot_tpr@tnr95: 5.901	0.302
[05/08 08:53:09] val_6-way-5-shot_osr: 50.451	0.151
[05/08 08:53:10] BEST OSR Score!
[05/08 08:54:06] 
[05/08 08:54:06] epoch 56/80, iter 22400:
[05/08 08:54:06] train_loss: 0.34028
[05/08 08:54:06] train_acc: 1.000
[05/08 08:54:06] train_auroc: 0.997
[05/08 08:54:17] Summary name val_6-way-5-shot_tpr@tnr95 is illegal; using val_6-way-5-shot_tpr_tnr95 instead.
[05/08 08:54:17] val_6-way-5-shot_acc: 51.331	0.660
[05/08 08:54:17] val_6-way-5-shot_auroc: 43.801	0.649
[05/08 08:54:17] val_6-way-5-shot_fscore: 43.036	0.241
[05/08 08:54:17] val_6-way-5-shot_tpr@tnr95: 5.909	0.303
[05/08 08:54:17] val_6-way-5-shot_osr: 50.454	0.151
[05/08 08:54:18] BEST OSR Score!
[05/08 08:55:15] 
[05/08 08:55:15] epoch 57/80, iter 22800:
[05/08 08:55:15] train_loss: 0.33853
[05/08 08:55:15] train_acc: 1.000
[05/08 08:55:15] train_auroc: 0.997
[05/08 08:55:26] Summary name val_6-way-5-shot_tpr@tnr95 is illegal; using val_6-way-5-shot_tpr_tnr95 instead.
[05/08 08:55:26] val_6-way-5-shot_acc: 51.321	0.658
[05/08 08:55:26] val_6-way-5-shot_auroc: 43.804	0.648
[05/08 08:55:26] val_6-way-5-shot_fscore: 43.036	0.241
[05/08 08:55:26] val_6-way-5-shot_tpr@tnr95: 5.906	0.299
[05/08 08:55:26] val_6-way-5-shot_osr: 50.453	0.150
[05/08 08:56:24] 
[05/08 08:56:24] epoch 58/80, iter 23200:
[05/08 08:56:24] train_loss: 0.33683
[05/08 08:56:24] train_acc: 1.000
[05/08 08:56:24] train_auroc: 0.997
[05/08 08:56:35] Summary name val_6-way-5-shot_tpr@tnr95 is illegal; using val_6-way-5-shot_tpr_tnr95 instead.
[05/08 08:56:35] val_6-way-5-shot_acc: 51.282	0.659
[05/08 08:56:35] val_6-way-5-shot_auroc: 43.812	0.648
[05/08 08:56:35] val_6-way-5-shot_fscore: 43.038	0.238
[05/08 08:56:35] val_6-way-5-shot_tpr@tnr95: 5.892	0.300
[05/08 08:56:35] val_6-way-5-shot_osr: 50.446	0.150
[05/08 08:57:31] 
[05/08 08:57:31] epoch 59/80, iter 23600:
[05/08 08:57:31] train_loss: 0.33510
[05/08 08:57:31] train_acc: 1.000
[05/08 08:57:31] train_auroc: 0.997
[05/08 08:57:43] Summary name val_6-way-5-shot_tpr@tnr95 is illegal; using val_6-way-5-shot_tpr_tnr95 instead.
[05/08 08:57:43] val_6-way-5-shot_acc: 51.278	0.661
[05/08 08:57:43] val_6-way-5-shot_auroc: 43.805	0.648
[05/08 08:57:43] val_6-way-5-shot_fscore: 43.036	0.237
[05/08 08:57:43] val_6-way-5-shot_tpr@tnr95: 5.934	0.298
[05/08 08:57:43] val_6-way-5-shot_osr: 50.467	0.149
[05/08 08:57:43] BEST OSR Score!
[05/08 08:58:39] 
[05/08 08:58:39] epoch 60/80, iter 24000:
[05/08 08:58:39] train_loss: 0.33341
[05/08 08:58:39] train_acc: 1.000
[05/08 08:58:39] train_auroc: 0.997
[05/08 08:58:51] Summary name val_6-way-5-shot_tpr@tnr95 is illegal; using val_6-way-5-shot_tpr_tnr95 instead.
[05/08 08:58:51] val_6-way-5-shot_acc: 51.253	0.663
[05/08 08:58:51] val_6-way-5-shot_auroc: 43.811	0.648
[05/08 08:58:51] val_6-way-5-shot_fscore: 43.041	0.237
[05/08 08:58:51] val_6-way-5-shot_tpr@tnr95: 5.968	0.300
[05/08 08:58:51] val_6-way-5-shot_osr: 50.484	0.150
[05/08 08:58:51] BEST OSR Score!
[05/08 08:59:48] 
[05/08 08:59:48] epoch 61/80, iter 24400:
[05/08 08:59:48] train_loss: 0.33173
[05/08 08:59:48] train_acc: 1.000
[05/08 08:59:48] train_auroc: 0.997
[05/08 09:00:00] Summary name val_6-way-5-shot_tpr@tnr95 is illegal; using val_6-way-5-shot_tpr_tnr95 instead.
[05/08 09:00:00] val_6-way-5-shot_acc: 51.229	0.666
[05/08 09:00:00] val_6-way-5-shot_auroc: 43.813	0.647
[05/08 09:00:00] val_6-way-5-shot_fscore: 43.057	0.238
[05/08 09:00:00] val_6-way-5-shot_tpr@tnr95: 5.996	0.299
[05/08 09:00:00] val_6-way-5-shot_osr: 50.498	0.150
[05/08 09:00:00] BEST OSR Score!
[05/08 09:00:58] 
[05/08 09:00:58] epoch 62/80, iter 24800:
[05/08 09:00:58] train_loss: 0.33005
[05/08 09:00:58] train_acc: 1.000
[05/08 09:00:58] train_auroc: 0.997
[05/08 09:01:09] Summary name val_6-way-5-shot_tpr@tnr95 is illegal; using val_6-way-5-shot_tpr_tnr95 instead.
[05/08 09:01:09] val_6-way-5-shot_acc: 51.202	0.665
[05/08 09:01:09] val_6-way-5-shot_auroc: 43.820	0.647
[05/08 09:01:09] val_6-way-5-shot_fscore: 43.060	0.238
[05/08 09:01:09] val_6-way-5-shot_tpr@tnr95: 6.016	0.304
[05/08 09:01:09] val_6-way-5-shot_osr: 50.508	0.152
[05/08 09:01:09] BEST OSR Score!
[05/08 09:02:07] 
[05/08 09:02:07] epoch 63/80, iter 25200:
[05/08 09:02:07] train_loss: 0.32841
[05/08 09:02:07] train_acc: 1.000
[05/08 09:02:07] train_auroc: 0.997
[05/08 09:02:18] Summary name val_6-way-5-shot_tpr@tnr95 is illegal; using val_6-way-5-shot_tpr_tnr95 instead.
[05/08 09:02:18] val_6-way-5-shot_acc: 51.210	0.668
[05/08 09:02:18] val_6-way-5-shot_auroc: 43.822	0.647
[05/08 09:02:18] val_6-way-5-shot_fscore: 43.076	0.240
[05/08 09:02:18] val_6-way-5-shot_tpr@tnr95: 5.991	0.304
[05/08 09:02:18] val_6-way-5-shot_osr: 50.496	0.152
[05/08 09:03:15] 
[05/08 09:03:15] epoch 64/80, iter 25600:
[05/08 09:03:15] train_loss: 0.32677
[05/08 09:03:15] train_acc: 1.000
[05/08 09:03:15] train_auroc: 0.997
[05/08 09:03:27] Summary name val_6-way-5-shot_tpr@tnr95 is illegal; using val_6-way-5-shot_tpr_tnr95 instead.
[05/08 09:03:27] val_6-way-5-shot_acc: 51.156	0.670
[05/08 09:03:27] val_6-way-5-shot_auroc: 43.828	0.647
[05/08 09:03:27] val_6-way-5-shot_fscore: 43.092	0.241
[05/08 09:03:27] val_6-way-5-shot_tpr@tnr95: 6.024	0.306
[05/08 09:03:27] val_6-way-5-shot_osr: 50.512	0.153
[05/08 09:03:27] BEST OSR Score!
[05/08 09:04:24] 
[05/08 09:04:24] epoch 65/80, iter 26000:
[05/08 09:04:24] train_loss: 0.32514
[05/08 09:04:24] train_acc: 1.000
[05/08 09:04:24] train_auroc: 0.997
[05/08 09:04:35] Summary name val_6-way-5-shot_tpr@tnr95 is illegal; using val_6-way-5-shot_tpr_tnr95 instead.
[05/08 09:04:35] val_6-way-5-shot_acc: 51.134	0.672
[05/08 09:04:35] val_6-way-5-shot_auroc: 43.832	0.646
[05/08 09:04:35] val_6-way-5-shot_fscore: 43.099	0.241
[05/08 09:04:35] val_6-way-5-shot_tpr@tnr95: 6.042	0.306
[05/08 09:04:35] val_6-way-5-shot_osr: 50.521	0.153
[05/08 09:04:36] BEST OSR Score!
[05/08 09:05:33] 
[05/08 09:05:33] epoch 66/80, iter 26400:
[05/08 09:05:33] train_loss: 0.32352
[05/08 09:05:33] train_acc: 1.000
[05/08 09:05:33] train_auroc: 0.997
[05/08 09:05:44] Summary name val_6-way-5-shot_tpr@tnr95 is illegal; using val_6-way-5-shot_tpr_tnr95 instead.
[05/08 09:05:44] val_6-way-5-shot_acc: 51.136	0.671
[05/08 09:05:44] val_6-way-5-shot_auroc: 43.837	0.646
[05/08 09:05:44] val_6-way-5-shot_fscore: 43.130	0.240
[05/08 09:05:44] val_6-way-5-shot_tpr@tnr95: 6.050	0.307
[05/08 09:05:44] val_6-way-5-shot_osr: 50.525	0.154
[05/08 09:05:45] BEST Fscore!
[05/08 09:05:45] BEST OSR Score!
[05/08 09:06:42] 
[05/08 09:06:42] epoch 67/80, iter 26800:
[05/08 09:06:42] train_loss: 0.32193
[05/08 09:06:42] train_acc: 1.000
[05/08 09:06:42] train_auroc: 0.997
[05/08 09:06:53] Summary name val_6-way-5-shot_tpr@tnr95 is illegal; using val_6-way-5-shot_tpr_tnr95 instead.
[05/08 09:06:53] val_6-way-5-shot_acc: 51.112	0.673
[05/08 09:06:53] val_6-way-5-shot_auroc: 43.844	0.646
[05/08 09:06:53] val_6-way-5-shot_fscore: 43.136	0.240
[05/08 09:06:53] val_6-way-5-shot_tpr@tnr95: 6.066	0.302
[05/08 09:06:53] val_6-way-5-shot_osr: 50.533	0.151
[05/08 09:06:54] BEST Fscore!
[05/08 09:06:54] BEST OSR Score!
[05/08 09:07:51] 
[05/08 09:07:51] epoch 68/80, iter 27200:
[05/08 09:07:51] train_loss: 0.32034
[05/08 09:07:51] train_acc: 1.000
[05/08 09:07:51] train_auroc: 0.997
[05/08 09:08:03] Summary name val_6-way-5-shot_tpr@tnr95 is illegal; using val_6-way-5-shot_tpr_tnr95 instead.
[05/08 09:08:03] val_6-way-5-shot_acc: 51.085	0.673
[05/08 09:08:03] val_6-way-5-shot_auroc: 43.849	0.645
[05/08 09:08:03] val_6-way-5-shot_fscore: 43.163	0.238
[05/08 09:08:03] val_6-way-5-shot_tpr@tnr95: 6.061	0.304
[05/08 09:08:03] val_6-way-5-shot_osr: 50.531	0.152
[05/08 09:08:03] BEST Fscore!
[05/08 09:09:00] 
[05/08 09:09:00] epoch 69/80, iter 27600:
[05/08 09:09:00] train_loss: 0.31875
[05/08 09:09:00] train_acc: 1.000
[05/08 09:09:00] train_auroc: 0.997
[05/08 09:09:11] Summary name val_6-way-5-shot_tpr@tnr95 is illegal; using val_6-way-5-shot_tpr_tnr95 instead.
[05/08 09:09:11] val_6-way-5-shot_acc: 51.082	0.674
[05/08 09:09:11] val_6-way-5-shot_auroc: 43.852	0.645
[05/08 09:09:11] val_6-way-5-shot_fscore: 43.140	0.233
[05/08 09:09:11] val_6-way-5-shot_tpr@tnr95: 6.059	0.303
[05/08 09:09:11] val_6-way-5-shot_osr: 50.529	0.152
[05/08 09:10:08] 
[05/08 09:10:08] epoch 70/80, iter 28000:
[05/08 09:10:08] train_loss: 0.31719
[05/08 09:10:08] train_acc: 1.000
[05/08 09:10:08] train_auroc: 0.998
[05/08 09:10:19] Summary name val_6-way-5-shot_tpr@tnr95 is illegal; using val_6-way-5-shot_tpr_tnr95 instead.
[05/08 09:10:19] val_6-way-5-shot_acc: 51.071	0.680
[05/08 09:10:19] val_6-way-5-shot_auroc: 43.856	0.645
[05/08 09:10:19] val_6-way-5-shot_fscore: 43.148	0.235
[05/08 09:10:19] val_6-way-5-shot_tpr@tnr95: 6.090	0.306
[05/08 09:10:19] val_6-way-5-shot_osr: 50.545	0.153
[05/08 09:10:20] BEST OSR Score!
[05/08 09:11:17] 
[05/08 09:11:17] epoch 71/80, iter 28400:
[05/08 09:11:17] train_loss: 0.31585
[05/08 09:11:17] train_acc: 1.000
[05/08 09:11:17] train_auroc: 0.998
[05/08 09:11:28] Summary name val_6-way-5-shot_tpr@tnr95 is illegal; using val_6-way-5-shot_tpr_tnr95 instead.
[05/08 09:11:28] val_6-way-5-shot_acc: 51.109	0.676
[05/08 09:11:28] val_6-way-5-shot_auroc: 43.863	0.640
[05/08 09:11:28] val_6-way-5-shot_fscore: 43.187	0.235
[05/08 09:11:28] val_6-way-5-shot_tpr@tnr95: 6.131	0.306
[05/08 09:11:28] val_6-way-5-shot_osr: 50.566	0.153
[05/08 09:11:28] BEST Fscore!
[05/08 09:11:29] BEST OSR Score!
[05/08 09:12:25] 
[05/08 09:12:25] epoch 72/80, iter 28800:
[05/08 09:12:25] train_loss: 0.31564
[05/08 09:12:25] train_acc: 1.000
[05/08 09:12:25] train_auroc: 0.998
[05/08 09:12:37] Summary name val_6-way-5-shot_tpr@tnr95 is illegal; using val_6-way-5-shot_tpr_tnr95 instead.
[05/08 09:12:37] val_6-way-5-shot_acc: 51.118	0.676
[05/08 09:12:37] val_6-way-5-shot_auroc: 43.871	0.640
[05/08 09:12:37] val_6-way-5-shot_fscore: 43.184	0.237
[05/08 09:12:37] val_6-way-5-shot_tpr@tnr95: 6.125	0.306
[05/08 09:12:37] val_6-way-5-shot_osr: 50.562	0.153
[05/08 09:13:32] 
[05/08 09:13:32] epoch 73/80, iter 29200:
[05/08 09:13:32] train_loss: 0.31548
[05/08 09:13:32] train_acc: 1.000
[05/08 09:13:32] train_auroc: 0.998
[05/08 09:13:44] Summary name val_6-way-5-shot_tpr@tnr95 is illegal; using val_6-way-5-shot_tpr_tnr95 instead.
[05/08 09:13:44] val_6-way-5-shot_acc: 51.131	0.673
[05/08 09:13:44] val_6-way-5-shot_auroc: 43.874	0.640
[05/08 09:13:44] val_6-way-5-shot_fscore: 43.176	0.236
[05/08 09:13:44] val_6-way-5-shot_tpr@tnr95: 6.115	0.306
[05/08 09:13:44] val_6-way-5-shot_osr: 50.558	0.153
[05/08 09:14:41] 
[05/08 09:14:41] epoch 74/80, iter 29600:
[05/08 09:14:41] train_loss: 0.31530
[05/08 09:14:41] train_acc: 1.000
[05/08 09:14:41] train_auroc: 0.998
[05/08 09:14:53] Summary name val_6-way-5-shot_tpr@tnr95 is illegal; using val_6-way-5-shot_tpr_tnr95 instead.
[05/08 09:14:53] val_6-way-5-shot_acc: 51.128	0.674
[05/08 09:14:53] val_6-way-5-shot_auroc: 43.874	0.640
[05/08 09:14:53] val_6-way-5-shot_fscore: 43.184	0.235
[05/08 09:14:53] val_6-way-5-shot_tpr@tnr95: 6.116	0.304
[05/08 09:14:53] val_6-way-5-shot_osr: 50.558	0.152
[05/08 09:15:50] 
[05/08 09:15:50] epoch 75/80, iter 30000:
[05/08 09:15:50] train_loss: 0.31514
[05/08 09:15:50] train_acc: 1.000
[05/08 09:15:50] train_auroc: 0.998
[05/08 09:16:01] Summary name val_6-way-5-shot_tpr@tnr95 is illegal; using val_6-way-5-shot_tpr_tnr95 instead.
[05/08 09:16:01] val_6-way-5-shot_acc: 51.110	0.674
[05/08 09:16:01] val_6-way-5-shot_auroc: 43.879	0.640
[05/08 09:16:01] val_6-way-5-shot_fscore: 43.179	0.235
[05/08 09:16:01] val_6-way-5-shot_tpr@tnr95: 6.104	0.305
[05/08 09:16:01] val_6-way-5-shot_osr: 50.552	0.152
[05/08 09:16:57] 
[05/08 09:16:57] epoch 76/80, iter 30400:
[05/08 09:16:57] train_loss: 0.31498
[05/08 09:16:57] train_acc: 1.000
[05/08 09:16:57] train_auroc: 0.998
[05/08 09:17:08] Summary name val_6-way-5-shot_tpr@tnr95 is illegal; using val_6-way-5-shot_tpr_tnr95 instead.
[05/08 09:17:08] val_6-way-5-shot_acc: 51.111	0.675
[05/08 09:17:08] val_6-way-5-shot_auroc: 43.879	0.640
[05/08 09:17:08] val_6-way-5-shot_fscore: 43.191	0.236
[05/08 09:17:08] val_6-way-5-shot_tpr@tnr95: 6.119	0.306
[05/08 09:17:08] val_6-way-5-shot_osr: 50.559	0.153
[05/08 09:17:09] BEST Fscore!
[05/08 09:18:06] 
[05/08 09:18:06] epoch 77/80, iter 30800:
[05/08 09:18:06] train_loss: 0.31483
[05/08 09:18:06] train_acc: 1.000
[05/08 09:18:06] train_auroc: 0.998
[05/08 09:18:17] Summary name val_6-way-5-shot_tpr@tnr95 is illegal; using val_6-way-5-shot_tpr_tnr95 instead.
[05/08 09:18:17] val_6-way-5-shot_acc: 51.110	0.676
[05/08 09:18:17] val_6-way-5-shot_auroc: 43.882	0.640
[05/08 09:18:17] val_6-way-5-shot_fscore: 43.187	0.236
[05/08 09:18:17] val_6-way-5-shot_tpr@tnr95: 6.114	0.308
[05/08 09:18:17] val_6-way-5-shot_osr: 50.557	0.154
[05/08 09:19:14] 
[05/08 09:19:14] epoch 78/80, iter 31200:
[05/08 09:19:14] train_loss: 0.31467
[05/08 09:19:14] train_acc: 1.000
[05/08 09:19:14] train_auroc: 0.998
[05/08 09:19:25] Summary name val_6-way-5-shot_tpr@tnr95 is illegal; using val_6-way-5-shot_tpr_tnr95 instead.
[05/08 09:19:25] val_6-way-5-shot_acc: 51.105	0.675
[05/08 09:19:25] val_6-way-5-shot_auroc: 43.884	0.640
[05/08 09:19:25] val_6-way-5-shot_fscore: 43.198	0.237
[05/08 09:19:25] val_6-way-5-shot_tpr@tnr95: 6.105	0.306
[05/08 09:19:25] val_6-way-5-shot_osr: 50.552	0.153
[05/08 09:19:26] BEST Fscore!
[05/08 09:20:22] 
[05/08 09:20:22] epoch 79/80, iter 31600:
[05/08 09:20:22] train_loss: 0.31450
[05/08 09:20:22] train_acc: 1.000
[05/08 09:20:22] train_auroc: 0.998
[05/08 09:20:34] Summary name val_6-way-5-shot_tpr@tnr95 is illegal; using val_6-way-5-shot_tpr_tnr95 instead.
[05/08 09:20:34] val_6-way-5-shot_acc: 51.109	0.675
[05/08 09:20:34] val_6-way-5-shot_auroc: 43.884	0.640
[05/08 09:20:34] val_6-way-5-shot_fscore: 43.181	0.236
[05/08 09:20:34] val_6-way-5-shot_tpr@tnr95: 6.114	0.307
[05/08 09:20:34] val_6-way-5-shot_osr: 50.557	0.154
[05/08 09:21:30] 
[05/08 09:21:30] epoch 80/80, iter 32000:
[05/08 09:21:30] train_loss: 0.31436
[05/08 09:21:30] train_acc: 1.000
[05/08 09:21:30] train_auroc: 0.998
[05/08 09:21:42] Summary name val_6-way-5-shot_tpr@tnr95 is illegal; using val_6-way-5-shot_tpr_tnr95 instead.
[05/08 09:21:42] val_6-way-5-shot_acc: 51.108	0.676
[05/08 09:21:42] val_6-way-5-shot_auroc: 43.881	0.640
[05/08 09:21:42] val_6-way-5-shot_fscore: 43.184	0.237
[05/08 09:21:42] val_6-way-5-shot_tpr@tnr95: 6.121	0.306
[05/08 09:21:42] val_6-way-5-shot_osr: 50.561	0.153
[05/08 09:21:42] training finished!
[05/08 09:21:42] ------------------------
[05/08 09:21:42] the best epoch is 78/80
[05/08 09:21:42] the best 6-way 5-shot val acc is 57.967
