FeatureExtractor: loaded YAMNet pretrained weights from yamnet.pth (FC layers random)
FeatureExtractor: loaded 193/193 parameters from experiment/yamnet_realfewshot_osr24/base_feature_extractor.pth
使用动态加载模式，不加载缓存文件 /coding/audio_classifying/unprocessed_data/TAU22_train_pro_1s.pt
索引映射构建完成，总样本数: 30000
使用动态加载模式，不加载缓存文件 /coding/audio_classifying/unprocessed_data/TAU22_eval_pro_1s.pt
索引映射构建完成，总样本数: 18000
Loading cached features from experiment/fewshot_cache/tau22_train_features.pt (version: v22_fewshot_yamnet_normalized)
  Classes: [0, 1, 2, 3, 4, 5]
    Class 0: 5000 samples
    Class 1: 5000 samples
    Class 2: 5000 samples
    Class 3: 5000 samples
    Class 4: 5000 samples
    Class 5: 5000 samples
Loading cached features from experiment/fewshot_cache/tau22_test_features.pt (version: v22_fewshot_yamnet_normalized)
  Classes: [0, 1, 2, 3, 4, 5, 6, 7, 8, 9]
    Class 0: 1800 samples
    Class 1: 1800 samples
    Class 2: 1800 samples
    Class 3: 1800 samples
    Class 4: 1800 samples
    Class 5: 1800 samples
    Class 6: 1800 samples
    Class 7: 1800 samples
    Class 8: 1800 samples
    Class 9: 1800 samples

=== Full Model t-SNE ===
  Computing t-SNE on 2000 samples...
  Saved: experiment/episodic_exp/tsne/TAU22_full_model.png

=== Baseline (distance head only) t-SNE ===
  Computing t-SNE on 2000 samples...
  Saved: experiment/episodic_exp/tsne/TAU22_baseline.png
