[05/11 09:50:12] start training!
[05/11 09:50:40] 
[05/11 09:50:40] epoch 1/20, iter 400:
[05/11 09:50:40] train_loss: 2.28724
[05/11 09:50:40] train_acc: 0.580
[05/11 09:50:40] train_auroc: 0.648
[05/11 09:50:46] Summary name val_6-way-5-shot_tpr@tnr95 is illegal; using val_6-way-5-shot_tpr_tnr95 instead.
[05/11 09:50:46] val_6-way-5-shot_acc: 41.967	0.751
[05/11 09:50:46] val_6-way-5-shot_auroc: 53.483	0.908
[05/11 09:50:46] val_6-way-5-shot_fscore: 43.814	0.604
[05/11 09:50:46] val_6-way-5-shot_tpr@tnr95: 7.423	0.710
[05/11 09:50:46] val_6-way-5-shot_osr: 50.420	0.358
[05/11 09:50:46] BEST ACC!
[05/11 09:50:46] BEST Auroc!
[05/11 09:50:46] BEST Fscore!
[05/11 09:50:46] BEST OSR Score!
[05/11 09:51:12] 
[05/11 09:51:12] epoch 2/20, iter 800:
[05/11 09:51:12] train_loss: 1.90274
[05/11 09:51:12] train_acc: 0.644
[05/11 09:51:12] train_auroc: 0.668
[05/11 09:51:17] Summary name val_6-way-5-shot_tpr@tnr95 is illegal; using val_6-way-5-shot_tpr_tnr95 instead.
[05/11 09:51:17] val_6-way-5-shot_acc: 42.878	0.763
[05/11 09:51:17] val_6-way-5-shot_auroc: 49.941	0.961
[05/11 09:51:17] val_6-way-5-shot_fscore: 41.452	0.612
[05/11 09:51:17] val_6-way-5-shot_tpr@tnr95: 7.305	0.687
[05/11 09:51:17] val_6-way-5-shot_osr: 50.359	0.354
[05/11 09:51:18] BEST ACC!
[05/11 09:51:44] 
[05/11 09:51:44] epoch 3/20, iter 1200:
[05/11 09:51:44] train_loss: 1.80363
[05/11 09:51:44] train_acc: 0.686
[05/11 09:51:44] train_auroc: 0.684
[05/11 09:51:49] Summary name val_6-way-5-shot_tpr@tnr95 is illegal; using val_6-way-5-shot_tpr_tnr95 instead.
[05/11 09:51:49] val_6-way-5-shot_acc: 43.561	0.799
[05/11 09:51:49] val_6-way-5-shot_auroc: 48.644	0.996
[05/11 09:51:49] val_6-way-5-shot_fscore: 40.665	0.642
[05/11 09:51:49] val_6-way-5-shot_tpr@tnr95: 7.050	0.676
[05/11 09:51:49] val_6-way-5-shot_osr: 50.251	0.359
[05/11 09:51:49] BEST ACC!
[05/11 09:52:16] 
[05/11 09:52:16] epoch 4/20, iter 1600:
[05/11 09:52:16] train_loss: 1.72528
[05/11 09:52:16] train_acc: 0.722
[05/11 09:52:16] train_auroc: 0.704
[05/11 09:52:21] Summary name val_6-way-5-shot_tpr@tnr95 is illegal; using val_6-way-5-shot_tpr_tnr95 instead.
[05/11 09:52:21] val_6-way-5-shot_acc: 43.967	0.756
[05/11 09:52:21] val_6-way-5-shot_auroc: 48.103	1.012
[05/11 09:52:21] val_6-way-5-shot_fscore: 40.368	0.672
[05/11 09:52:21] val_6-way-5-shot_tpr@tnr95: 6.622	0.668
[05/11 09:52:21] val_6-way-5-shot_osr: 50.046	0.350
[05/11 09:52:21] BEST ACC!
[05/11 09:52:48] 
[05/11 09:52:48] epoch 5/20, iter 2000:
[05/11 09:52:48] train_loss: 1.65327
[05/11 09:52:48] train_acc: 0.756
[05/11 09:52:48] train_auroc: 0.727
[05/11 09:52:54] Summary name val_6-way-5-shot_tpr@tnr95 is illegal; using val_6-way-5-shot_tpr_tnr95 instead.
[05/11 09:52:54] val_6-way-5-shot_acc: 44.489	0.736
[05/11 09:52:54] val_6-way-5-shot_auroc: 47.878	1.029
[05/11 09:52:54] val_6-way-5-shot_fscore: 40.394	0.688
[05/11 09:52:54] val_6-way-5-shot_tpr@tnr95: 6.545	0.687
[05/11 09:52:54] val_6-way-5-shot_osr: 50.052	0.354
[05/11 09:52:54] BEST ACC!
[05/11 09:53:20] 
[05/11 09:53:20] epoch 6/20, iter 2400:
[05/11 09:53:20] train_loss: 1.58415
[05/11 09:53:20] train_acc: 0.786
[05/11 09:53:20] train_auroc: 0.752
[05/11 09:53:26] Summary name val_6-way-5-shot_tpr@tnr95 is illegal; using val_6-way-5-shot_tpr_tnr95 instead.
[05/11 09:53:26] val_6-way-5-shot_acc: 44.822	0.749
[05/11 09:53:26] val_6-way-5-shot_auroc: 47.810	1.025
[05/11 09:53:26] val_6-way-5-shot_fscore: 40.444	0.663
[05/11 09:53:26] val_6-way-5-shot_tpr@tnr95: 6.565	0.678
[05/11 09:53:26] val_6-way-5-shot_osr: 50.001	0.347
[05/11 09:53:26] BEST ACC!
[05/11 09:53:53] 
[05/11 09:53:53] epoch 7/20, iter 2800:
[05/11 09:53:53] train_loss: 1.51622
[05/11 09:53:53] train_acc: 0.816
[05/11 09:53:53] train_auroc: 0.780
[05/11 09:53:58] Summary name val_6-way-5-shot_tpr@tnr95 is illegal; using val_6-way-5-shot_tpr_tnr95 instead.
[05/11 09:53:58] val_6-way-5-shot_acc: 44.872	0.767
[05/11 09:53:58] val_6-way-5-shot_auroc: 47.640	1.035
[05/11 09:53:58] val_6-way-5-shot_fscore: 40.419	0.666
[05/11 09:53:58] val_6-way-5-shot_tpr@tnr95: 6.412	0.648
[05/11 09:53:58] val_6-way-5-shot_osr: 49.890	0.330
[05/11 09:53:58] BEST ACC!
[05/11 09:54:25] 
[05/11 09:54:25] epoch 8/20, iter 3200:
[05/11 09:54:25] train_loss: 1.44859
[05/11 09:54:25] train_acc: 0.843
[05/11 09:54:25] train_auroc: 0.809
[05/11 09:54:30] Summary name val_6-way-5-shot_tpr@tnr95 is illegal; using val_6-way-5-shot_tpr_tnr95 instead.
[05/11 09:54:30] val_6-way-5-shot_acc: 45.017	0.760
[05/11 09:54:30] val_6-way-5-shot_auroc: 47.540	1.046
[05/11 09:54:30] val_6-way-5-shot_fscore: 40.495	0.676
[05/11 09:54:30] val_6-way-5-shot_tpr@tnr95: 6.305	0.648
[05/11 09:54:30] val_6-way-5-shot_osr: 49.855	0.333
[05/11 09:54:30] BEST ACC!
[05/11 09:54:56] 
[05/11 09:54:56] epoch 9/20, iter 3600:
[05/11 09:54:56] train_loss: 1.38129
[05/11 09:54:56] train_acc: 0.870
[05/11 09:54:56] train_auroc: 0.838
[05/11 09:55:01] Summary name val_6-way-5-shot_tpr@tnr95 is illegal; using val_6-way-5-shot_tpr_tnr95 instead.
[05/11 09:55:01] val_6-way-5-shot_acc: 44.900	0.760
[05/11 09:55:01] val_6-way-5-shot_auroc: 47.348	1.057
[05/11 09:55:01] val_6-way-5-shot_fscore: 40.402	0.684
[05/11 09:55:01] val_6-way-5-shot_tpr@tnr95: 6.445	0.680
[05/11 09:55:01] val_6-way-5-shot_osr: 49.946	0.349
[05/11 09:55:27] 
[05/11 09:55:27] epoch 10/20, iter 4000:
[05/11 09:55:27] train_loss: 1.31443
[05/11 09:55:27] train_acc: 0.894
[05/11 09:55:27] train_auroc: 0.867
[05/11 09:55:33] Summary name val_6-way-5-shot_tpr@tnr95 is illegal; using val_6-way-5-shot_tpr_tnr95 instead.
[05/11 09:55:33] val_6-way-5-shot_acc: 44.789	0.764
[05/11 09:55:33] val_6-way-5-shot_auroc: 47.123	1.063
[05/11 09:55:33] val_6-way-5-shot_fscore: 40.216	0.704
[05/11 09:55:33] val_6-way-5-shot_tpr@tnr95: 6.490	0.688
[05/11 09:55:33] val_6-way-5-shot_osr: 50.007	0.351
[05/11 09:55:59] 
[05/11 09:55:59] epoch 11/20, iter 4400:
[05/11 09:55:59] train_loss: 1.25879
[05/11 09:55:59] train_acc: 0.914
[05/11 09:55:59] train_auroc: 0.893
[05/11 09:56:05] Summary name val_6-way-5-shot_tpr@tnr95 is illegal; using val_6-way-5-shot_tpr_tnr95 instead.
[05/11 09:56:05] val_6-way-5-shot_acc: 44.539	0.776
[05/11 09:56:05] val_6-way-5-shot_auroc: 47.249	1.067
[05/11 09:56:05] val_6-way-5-shot_fscore: 40.309	0.706
[05/11 09:56:05] val_6-way-5-shot_tpr@tnr95: 6.603	0.701
[05/11 09:56:05] val_6-way-5-shot_osr: 50.086	0.362
[05/11 09:56:32] 
[05/11 09:56:32] epoch 12/20, iter 4800:
[05/11 09:56:32] train_loss: 1.24912
[05/11 09:56:32] train_acc: 0.918
[05/11 09:56:32] train_auroc: 0.898
[05/11 09:56:37] Summary name val_6-way-5-shot_tpr@tnr95 is illegal; using val_6-way-5-shot_tpr_tnr95 instead.
[05/11 09:56:37] val_6-way-5-shot_acc: 44.433	0.773
[05/11 09:56:37] val_6-way-5-shot_auroc: 47.291	1.067
[05/11 09:56:37] val_6-way-5-shot_fscore: 40.292	0.706
[05/11 09:56:37] val_6-way-5-shot_tpr@tnr95: 6.737	0.722
[05/11 09:56:37] val_6-way-5-shot_osr: 50.164	0.374
[05/11 09:57:04] 
[05/11 09:57:04] epoch 13/20, iter 5200:
[05/11 09:57:04] train_loss: 1.24124
[05/11 09:57:04] train_acc: 0.921
[05/11 09:57:04] train_auroc: 0.901
[05/11 09:57:09] Summary name val_6-way-5-shot_tpr@tnr95 is illegal; using val_6-way-5-shot_tpr_tnr95 instead.
[05/11 09:57:09] val_6-way-5-shot_acc: 44.367	0.774
[05/11 09:57:09] val_6-way-5-shot_auroc: 47.305	1.067
[05/11 09:57:09] val_6-way-5-shot_fscore: 40.267	0.705
[05/11 09:57:09] val_6-way-5-shot_tpr@tnr95: 6.813	0.725
[05/11 09:57:09] val_6-way-5-shot_osr: 50.189	0.375
[05/11 09:57:35] 
[05/11 09:57:35] epoch 14/20, iter 5600:
[05/11 09:57:35] train_loss: 1.23376
[05/11 09:57:35] train_acc: 0.923
[05/11 09:57:35] train_auroc: 0.904
[05/11 09:57:40] Summary name val_6-way-5-shot_tpr@tnr95 is illegal; using val_6-way-5-shot_tpr_tnr95 instead.
[05/11 09:57:40] val_6-way-5-shot_acc: 44.261	0.785
[05/11 09:57:40] val_6-way-5-shot_auroc: 47.309	1.066
[05/11 09:57:40] val_6-way-5-shot_fscore: 40.301	0.708
[05/11 09:57:40] val_6-way-5-shot_tpr@tnr95: 6.832	0.723
[05/11 09:57:40] val_6-way-5-shot_osr: 50.185	0.373
[05/11 09:58:06] 
[05/11 09:58:06] epoch 15/20, iter 6000:
[05/11 09:58:06] train_loss: 1.22648
[05/11 09:58:06] train_acc: 0.926
[05/11 09:58:06] train_auroc: 0.907
[05/11 09:58:11] Summary name val_6-way-5-shot_tpr@tnr95 is illegal; using val_6-way-5-shot_tpr_tnr95 instead.
[05/11 09:58:11] val_6-way-5-shot_acc: 44.278	0.783
[05/11 09:58:11] val_6-way-5-shot_auroc: 47.296	1.069
[05/11 09:58:11] val_6-way-5-shot_fscore: 40.326	0.719
[05/11 09:58:11] val_6-way-5-shot_tpr@tnr95: 6.813	0.729
[05/11 09:58:11] val_6-way-5-shot_osr: 50.179	0.375
[05/11 09:58:38] 
[05/11 09:58:38] epoch 16/20, iter 6400:
[05/11 09:58:38] train_loss: 1.21930
[05/11 09:58:38] train_acc: 0.928
[05/11 09:58:38] train_auroc: 0.910
[05/11 09:58:43] Summary name val_6-way-5-shot_tpr@tnr95 is illegal; using val_6-way-5-shot_tpr_tnr95 instead.
[05/11 09:58:43] val_6-way-5-shot_acc: 44.233	0.781
[05/11 09:58:43] val_6-way-5-shot_auroc: 47.272	1.073
[05/11 09:58:43] val_6-way-5-shot_fscore: 40.368	0.728
[05/11 09:58:43] val_6-way-5-shot_tpr@tnr95: 6.745	0.723
[05/11 09:58:43] val_6-way-5-shot_osr: 50.143	0.372
[05/11 09:59:10] 
[05/11 09:59:10] epoch 17/20, iter 6800:
[05/11 09:59:10] train_loss: 1.21220
[05/11 09:59:10] train_acc: 0.929
[05/11 09:59:10] train_auroc: 0.913
[05/11 09:59:15] Summary name val_6-way-5-shot_tpr@tnr95 is illegal; using val_6-way-5-shot_tpr_tnr95 instead.
[05/11 09:59:15] val_6-way-5-shot_acc: 44.144	0.784
[05/11 09:59:15] val_6-way-5-shot_auroc: 47.275	1.075
[05/11 09:59:15] val_6-way-5-shot_fscore: 40.411	0.739
[05/11 09:59:15] val_6-way-5-shot_tpr@tnr95: 6.720	0.732
[05/11 09:59:15] val_6-way-5-shot_osr: 50.148	0.375
[05/11 09:59:42] 
[05/11 09:59:42] epoch 18/20, iter 7200:
[05/11 09:59:42] train_loss: 1.20518
[05/11 09:59:42] train_acc: 0.931
[05/11 09:59:42] train_auroc: 0.915
[05/11 09:59:47] Summary name val_6-way-5-shot_tpr@tnr95 is illegal; using val_6-way-5-shot_tpr_tnr95 instead.
[05/11 09:59:47] val_6-way-5-shot_acc: 44.128	0.782
[05/11 09:59:47] val_6-way-5-shot_auroc: 47.267	1.075
[05/11 09:59:47] val_6-way-5-shot_fscore: 40.385	0.744
[05/11 09:59:47] val_6-way-5-shot_tpr@tnr95: 6.652	0.726
[05/11 09:59:47] val_6-way-5-shot_osr: 50.115	0.370
[05/11 10:00:14] 
[05/11 10:00:14] epoch 19/20, iter 7600:
[05/11 10:00:14] train_loss: 1.19993
[05/11 10:00:14] train_acc: 0.933
[05/11 10:00:14] train_auroc: 0.917
[05/11 10:00:19] Summary name val_6-way-5-shot_tpr@tnr95 is illegal; using val_6-way-5-shot_tpr_tnr95 instead.
[05/11 10:00:19] val_6-way-5-shot_acc: 44.144	0.776
[05/11 10:00:19] val_6-way-5-shot_auroc: 47.266	1.076
[05/11 10:00:19] val_6-way-5-shot_fscore: 40.301	0.733
[05/11 10:00:19] val_6-way-5-shot_tpr@tnr95: 6.695	0.735
[05/11 10:00:19] val_6-way-5-shot_osr: 50.112	0.372
[05/11 10:00:46] 
[05/11 10:00:46] epoch 20/20, iter 8000:
[05/11 10:00:46] train_loss: 1.19869
[05/11 10:00:46] train_acc: 0.933
[05/11 10:00:46] train_auroc: 0.918
[05/11 10:00:52] Summary name val_6-way-5-shot_tpr@tnr95 is illegal; using val_6-way-5-shot_tpr_tnr95 instead.
[05/11 10:00:52] val_6-way-5-shot_acc: 44.156	0.781
[05/11 10:00:52] val_6-way-5-shot_auroc: 47.267	1.077
[05/11 10:00:52] val_6-way-5-shot_fscore: 40.224	0.735
[05/11 10:00:52] val_6-way-5-shot_tpr@tnr95: 6.678	0.733
[05/11 10:00:52] val_6-way-5-shot_osr: 50.112	0.373
[05/11 10:00:52] training finished!
[05/11 10:00:52] ------------------------
[05/11 10:00:52] the best epoch is 8/20
[05/11 10:00:52] the best 6-way 5-shot val acc is 45.017
[05/11 10:01:53] start training!
[05/11 10:02:23] 
[05/11 10:02:23] epoch 1/20, iter 400:
[05/11 10:02:23] train_loss: 2.28704
[05/11 10:02:23] train_acc: 0.581
[05/11 10:02:23] train_auroc: 0.648
[05/11 10:02:30] Summary name val_6-way-5-shot_tpr@tnr95 is illegal; using val_6-way-5-shot_tpr_tnr95 instead.
[05/11 10:02:30] val_6-way-5-shot_acc: 42.083	0.737
[05/11 10:02:30] val_6-way-5-shot_auroc: 52.895	0.747
[05/11 10:02:30] val_6-way-5-shot_fscore: 50.552	0.632
[05/11 10:02:30] val_6-way-5-shot_tpr@tnr95: 7.257	0.593
[05/11 10:02:30] val_6-way-5-shot_osr: 50.341	0.294
[05/11 10:02:30] BEST ACC!
[05/11 10:02:30] BEST Auroc!
[05/11 10:02:30] BEST Fscore!
[05/11 10:02:30] BEST OSR Score!
[05/11 10:02:58] 
[05/11 10:02:58] epoch 2/20, iter 800:
[05/11 10:02:58] train_loss: 1.90368
[05/11 10:02:58] train_acc: 0.645
[05/11 10:02:58] train_auroc: 0.668
[05/11 10:03:03] Summary name val_6-way-5-shot_tpr@tnr95 is illegal; using val_6-way-5-shot_tpr_tnr95 instead.
[05/11 10:03:03] val_6-way-5-shot_acc: 42.911	0.762
[05/11 10:03:03] val_6-way-5-shot_auroc: 49.731	0.771
[05/11 10:03:03] val_6-way-5-shot_fscore: 47.919	0.673
[05/11 10:03:03] val_6-way-5-shot_tpr@tnr95: 6.925	0.581
[05/11 10:03:03] val_6-way-5-shot_osr: 50.249	0.292
[05/11 10:03:04] BEST ACC!
[05/11 10:03:31] 
[05/11 10:03:31] epoch 3/20, iter 1200:
[05/11 10:03:31] train_loss: 1.80434
[05/11 10:03:31] train_acc: 0.685
[05/11 10:03:31] train_auroc: 0.684
[05/11 10:03:36] Summary name val_6-way-5-shot_tpr@tnr95 is illegal; using val_6-way-5-shot_tpr_tnr95 instead.
[05/11 10:03:36] val_6-way-5-shot_acc: 43.633	0.795
[05/11 10:03:36] val_6-way-5-shot_auroc: 48.378	0.795
[05/11 10:03:36] val_6-way-5-shot_fscore: 47.071	0.656
[05/11 10:03:36] val_6-way-5-shot_tpr@tnr95: 6.820	0.582
[05/11 10:03:36] val_6-way-5-shot_osr: 50.119	0.294
[05/11 10:03:37] BEST ACC!
[05/11 10:04:04] 
[05/11 10:04:04] epoch 4/20, iter 1600:
[05/11 10:04:04] train_loss: 1.72591
[05/11 10:04:04] train_acc: 0.721
[05/11 10:04:04] train_auroc: 0.705
[05/11 10:04:09] Summary name val_6-way-5-shot_tpr@tnr95 is illegal; using val_6-way-5-shot_tpr_tnr95 instead.
[05/11 10:04:09] val_6-way-5-shot_acc: 44.017	0.763
[05/11 10:04:09] val_6-way-5-shot_auroc: 47.935	0.807
[05/11 10:04:09] val_6-way-5-shot_fscore: 46.815	0.682
[05/11 10:04:09] val_6-way-5-shot_tpr@tnr95: 6.593	0.566
[05/11 10:04:09] val_6-way-5-shot_osr: 50.046	0.292
[05/11 10:04:10] BEST ACC!
[05/11 10:04:37] 
[05/11 10:04:37] epoch 5/20, iter 2000:
[05/11 10:04:37] train_loss: 1.65391
[05/11 10:04:37] train_acc: 0.755
[05/11 10:04:37] train_auroc: 0.728
[05/11 10:04:43] Summary name val_6-way-5-shot_tpr@tnr95 is illegal; using val_6-way-5-shot_tpr_tnr95 instead.
[05/11 10:04:43] val_6-way-5-shot_acc: 44.522	0.741
[05/11 10:04:43] val_6-way-5-shot_auroc: 47.634	0.818
[05/11 10:04:43] val_6-way-5-shot_fscore: 46.492	0.664
[05/11 10:04:43] val_6-way-5-shot_tpr@tnr95: 6.318	0.556
[05/11 10:04:43] val_6-way-5-shot_osr: 49.938	0.276
[05/11 10:04:43] BEST ACC!
[05/11 10:05:11] 
[05/11 10:05:11] epoch 6/20, iter 2400:
[05/11 10:05:11] train_loss: 1.58464
[05/11 10:05:11] train_acc: 0.786
[05/11 10:05:11] train_auroc: 0.753
[05/11 10:05:16] Summary name val_6-way-5-shot_tpr@tnr95 is illegal; using val_6-way-5-shot_tpr_tnr95 instead.
[05/11 10:05:16] val_6-way-5-shot_acc: 44.744	0.767
[05/11 10:05:16] val_6-way-5-shot_auroc: 47.428	0.826
[05/11 10:05:16] val_6-way-5-shot_fscore: 46.296	0.682
[05/11 10:05:16] val_6-way-5-shot_tpr@tnr95: 6.158	0.506
[05/11 10:05:16] val_6-way-5-shot_osr: 49.832	0.261
[05/11 10:05:17] BEST ACC!
[05/11 10:05:44] 
[05/11 10:05:44] epoch 7/20, iter 2800:
[05/11 10:05:44] train_loss: 1.51648
[05/11 10:05:44] train_acc: 0.816
[05/11 10:05:44] train_auroc: 0.780
[05/11 10:05:49] Summary name val_6-way-5-shot_tpr@tnr95 is illegal; using val_6-way-5-shot_tpr_tnr95 instead.
[05/11 10:05:49] val_6-way-5-shot_acc: 44.922	0.771
[05/11 10:05:49] val_6-way-5-shot_auroc: 47.352	0.825
[05/11 10:05:49] val_6-way-5-shot_fscore: 46.438	0.684
[05/11 10:05:49] val_6-way-5-shot_tpr@tnr95: 6.146	0.499
[05/11 10:05:49] val_6-way-5-shot_osr: 49.836	0.255
[05/11 10:05:49] BEST ACC!
[05/11 10:06:17] 
[05/11 10:06:17] epoch 8/20, iter 3200:
[05/11 10:06:17] train_loss: 1.44876
[05/11 10:06:17] train_acc: 0.845
[05/11 10:06:17] train_auroc: 0.808
[05/11 10:06:22] Summary name val_6-way-5-shot_tpr@tnr95 is illegal; using val_6-way-5-shot_tpr_tnr95 instead.
[05/11 10:06:22] val_6-way-5-shot_acc: 44.967	0.734
[05/11 10:06:22] val_6-way-5-shot_auroc: 47.252	0.828
[05/11 10:06:22] val_6-way-5-shot_fscore: 46.431	0.657
[05/11 10:06:22] val_6-way-5-shot_tpr@tnr95: 6.212	0.523
[05/11 10:06:22] val_6-way-5-shot_osr: 49.811	0.269
[05/11 10:06:22] BEST ACC!
[05/11 10:06:51] 
[05/11 10:06:51] epoch 9/20, iter 3600:
[05/11 10:06:51] train_loss: 1.38118
[05/11 10:06:51] train_acc: 0.870
[05/11 10:06:51] train_auroc: 0.838
[05/11 10:06:56] Summary name val_6-way-5-shot_tpr@tnr95 is illegal; using val_6-way-5-shot_tpr_tnr95 instead.
[05/11 10:06:56] val_6-way-5-shot_acc: 44.689	0.757
[05/11 10:06:56] val_6-way-5-shot_auroc: 47.137	0.838
[05/11 10:06:56] val_6-way-5-shot_fscore: 46.377	0.685
[05/11 10:06:56] val_6-way-5-shot_tpr@tnr95: 6.434	0.555
[05/11 10:06:56] val_6-way-5-shot_osr: 49.954	0.277
[05/11 10:07:24] 
[05/11 10:07:24] epoch 10/20, iter 4000:
[05/11 10:07:24] train_loss: 1.31396
[05/11 10:07:24] train_acc: 0.895
[05/11 10:07:24] train_auroc: 0.867
[05/11 10:07:29] Summary name val_6-way-5-shot_tpr@tnr95 is illegal; using val_6-way-5-shot_tpr_tnr95 instead.
[05/11 10:07:29] val_6-way-5-shot_acc: 44.483	0.754
[05/11 10:07:29] val_6-way-5-shot_auroc: 46.968	0.847
[05/11 10:07:29] val_6-way-5-shot_fscore: 46.276	0.698
[05/11 10:07:29] val_6-way-5-shot_tpr@tnr95: 6.445	0.545
[05/11 10:07:29] val_6-way-5-shot_osr: 49.965	0.275
[05/11 10:07:56] 
[05/11 10:07:56] epoch 11/20, iter 4400:
[05/11 10:07:56] train_loss: 1.25766
[05/11 10:07:56] train_acc: 0.915
[05/11 10:07:56] train_auroc: 0.894
[05/11 10:08:02] Summary name val_6-way-5-shot_tpr@tnr95 is illegal; using val_6-way-5-shot_tpr_tnr95 instead.
[05/11 10:08:02] val_6-way-5-shot_acc: 44.317	0.781
[05/11 10:08:02] val_6-way-5-shot_auroc: 47.104	0.850
[05/11 10:08:02] val_6-way-5-shot_fscore: 46.276	0.705
[05/11 10:08:02] val_6-way-5-shot_tpr@tnr95: 6.581	0.580
[05/11 10:08:02] val_6-way-5-shot_osr: 50.033	0.289
[05/11 10:08:29] 
[05/11 10:08:29] epoch 12/20, iter 4800:
[05/11 10:08:29] train_loss: 1.24798
[05/11 10:08:29] train_acc: 0.919
[05/11 10:08:29] train_auroc: 0.898
[05/11 10:08:34] Summary name val_6-way-5-shot_tpr@tnr95 is illegal; using val_6-way-5-shot_tpr_tnr95 instead.
[05/11 10:08:34] val_6-way-5-shot_acc: 44.211	0.800
[05/11 10:08:34] val_6-way-5-shot_auroc: 47.114	0.854
[05/11 10:08:34] val_6-way-5-shot_fscore: 46.209	0.717
[05/11 10:08:34] val_6-way-5-shot_tpr@tnr95: 6.691	0.585
[05/11 10:08:34] val_6-way-5-shot_osr: 50.079	0.293
[05/11 10:09:02] 
[05/11 10:09:02] epoch 13/20, iter 5200:
[05/11 10:09:02] train_loss: 1.24013
[05/11 10:09:02] train_acc: 0.921
[05/11 10:09:02] train_auroc: 0.901
[05/11 10:09:08] Summary name val_6-way-5-shot_tpr@tnr95 is illegal; using val_6-way-5-shot_tpr_tnr95 instead.
[05/11 10:09:08] val_6-way-5-shot_acc: 44.250	0.793
[05/11 10:09:08] val_6-way-5-shot_auroc: 47.112	0.856
[05/11 10:09:08] val_6-way-5-shot_fscore: 46.215	0.712
[05/11 10:09:08] val_6-way-5-shot_tpr@tnr95: 6.738	0.581
[05/11 10:09:08] val_6-way-5-shot_osr: 50.094	0.293
[05/11 10:09:36] 
[05/11 10:09:36] epoch 14/20, iter 5600:
[05/11 10:09:36] train_loss: 1.23266
[05/11 10:09:36] train_acc: 0.923
[05/11 10:09:36] train_auroc: 0.905
[05/11 10:09:41] Summary name val_6-way-5-shot_tpr@tnr95 is illegal; using val_6-way-5-shot_tpr_tnr95 instead.
[05/11 10:09:41] val_6-way-5-shot_acc: 44.272	0.780
[05/11 10:09:41] val_6-way-5-shot_auroc: 47.104	0.856
[05/11 10:09:41] val_6-way-5-shot_fscore: 46.175	0.721
[05/11 10:09:41] val_6-way-5-shot_tpr@tnr95: 6.713	0.586
[05/11 10:09:41] val_6-way-5-shot_osr: 50.082	0.295
[05/11 10:10:09] 
[05/11 10:10:09] epoch 15/20, iter 6000:
[05/11 10:10:09] train_loss: 1.22538
[05/11 10:10:09] train_acc: 0.926
[05/11 10:10:09] train_auroc: 0.907
[05/11 10:10:15] Summary name val_6-way-5-shot_tpr@tnr95 is illegal; using val_6-way-5-shot_tpr_tnr95 instead.
[05/11 10:10:15] val_6-way-5-shot_acc: 44.217	0.781
[05/11 10:10:15] val_6-way-5-shot_auroc: 47.089	0.858
[05/11 10:10:15] val_6-way-5-shot_fscore: 46.236	0.714
[05/11 10:10:15] val_6-way-5-shot_tpr@tnr95: 6.751	0.586
[05/11 10:10:15] val_6-way-5-shot_osr: 50.103	0.294
[05/11 10:10:43] 
[05/11 10:10:43] epoch 16/20, iter 6400:
[05/11 10:10:43] train_loss: 1.21823
[05/11 10:10:43] train_acc: 0.927
[05/11 10:10:43] train_auroc: 0.910
[05/11 10:10:48] Summary name val_6-way-5-shot_tpr@tnr95 is illegal; using val_6-way-5-shot_tpr_tnr95 instead.
[05/11 10:10:48] val_6-way-5-shot_acc: 44.183	0.777
[05/11 10:10:48] val_6-way-5-shot_auroc: 47.096	0.859
[05/11 10:10:48] val_6-way-5-shot_fscore: 46.303	0.709
[05/11 10:10:48] val_6-way-5-shot_tpr@tnr95: 6.765	0.586
[05/11 10:10:48] val_6-way-5-shot_osr: 50.116	0.296
[05/11 10:11:15] 
[05/11 10:11:15] epoch 17/20, iter 6800:
[05/11 10:11:15] train_loss: 1.21117
[05/11 10:11:15] train_acc: 0.930
[05/11 10:11:15] train_auroc: 0.913
[05/11 10:11:21] Summary name val_6-way-5-shot_tpr@tnr95 is illegal; using val_6-way-5-shot_tpr_tnr95 instead.
[05/11 10:11:21] val_6-way-5-shot_acc: 44.206	0.764
[05/11 10:11:21] val_6-way-5-shot_auroc: 47.075	0.860
[05/11 10:11:21] val_6-way-5-shot_fscore: 46.293	0.711
[05/11 10:11:21] val_6-way-5-shot_tpr@tnr95: 6.794	0.591
[05/11 10:11:21] val_6-way-5-shot_osr: 50.147	0.298
[05/11 10:11:49] 
[05/11 10:11:49] epoch 18/20, iter 7200:
[05/11 10:11:49] train_loss: 1.20417
[05/11 10:11:49] train_acc: 0.932
[05/11 10:11:49] train_auroc: 0.916
[05/11 10:11:54] Summary name val_6-way-5-shot_tpr@tnr95 is illegal; using val_6-way-5-shot_tpr_tnr95 instead.
[05/11 10:11:54] val_6-way-5-shot_acc: 44.161	0.756
[05/11 10:11:54] val_6-way-5-shot_auroc: 47.069	0.863
[05/11 10:11:54] val_6-way-5-shot_fscore: 46.377	0.708
[05/11 10:11:54] val_6-way-5-shot_tpr@tnr95: 6.770	0.590
[05/11 10:11:54] val_6-way-5-shot_osr: 50.141	0.299
[05/11 10:12:21] 
[05/11 10:12:21] epoch 19/20, iter 7600:
[05/11 10:12:21] train_loss: 1.19877
[05/11 10:12:21] train_acc: 0.934
[05/11 10:12:21] train_auroc: 0.918
[05/11 10:12:26] Summary name val_6-way-5-shot_tpr@tnr95 is illegal; using val_6-way-5-shot_tpr_tnr95 instead.
[05/11 10:12:26] val_6-way-5-shot_acc: 44.206	0.761
[05/11 10:12:26] val_6-way-5-shot_auroc: 47.070	0.864
[05/11 10:12:26] val_6-way-5-shot_fscore: 46.316	0.699
[05/11 10:12:26] val_6-way-5-shot_tpr@tnr95: 6.858	0.598
[05/11 10:12:26] val_6-way-5-shot_osr: 50.157	0.303
[05/11 10:12:54] 
[05/11 10:12:54] epoch 20/20, iter 8000:
[05/11 10:12:54] train_loss: 1.19761
[05/11 10:12:54] train_acc: 0.934
[05/11 10:12:54] train_auroc: 0.919
[05/11 10:12:59] Summary name val_6-way-5-shot_tpr@tnr95 is illegal; using val_6-way-5-shot_tpr_tnr95 instead.
[05/11 10:12:59] val_6-way-5-shot_acc: 44.272	0.763
[05/11 10:12:59] val_6-way-5-shot_auroc: 47.060	0.864
[05/11 10:12:59] val_6-way-5-shot_fscore: 46.276	0.704
[05/11 10:12:59] val_6-way-5-shot_tpr@tnr95: 6.836	0.592
[05/11 10:12:59] val_6-way-5-shot_osr: 50.159	0.298
[05/11 10:12:59] training finished!
[05/11 10:12:59] ------------------------
[05/11 10:12:59] the best epoch is 8/20
[05/11 10:12:59] the best 6-way 5-shot val acc is 44.967
[05/11 10:14:05] start training!
[05/11 10:14:34] 
[05/11 10:14:34] epoch 1/20, iter 400:
[05/11 10:14:34] train_loss: 2.37317
[05/11 10:14:34] train_acc: 0.509
[05/11 10:14:34] train_auroc: 0.604
[05/11 10:14:40] Summary name val_6-way-5-shot_tpr@tnr95 is illegal; using val_6-way-5-shot_tpr_tnr95 instead.
[05/11 10:14:40] val_6-way-5-shot_acc: 43.144	0.739
[05/11 10:14:40] val_6-way-5-shot_auroc: 49.341	1.165
[05/11 10:14:40] val_6-way-5-shot_fscore: 42.527	0.768
[05/11 10:14:40] val_6-way-5-shot_tpr@tnr95: 5.013	0.611
[05/11 10:14:40] val_6-way-5-shot_osr: 49.364	0.303
[05/11 10:14:40] BEST ACC!
[05/11 10:14:40] BEST Auroc!
[05/11 10:14:40] BEST Fscore!
[05/11 10:14:40] BEST OSR Score!
[05/11 10:15:07] 
[05/11 10:15:07] epoch 2/20, iter 800:
[05/11 10:15:07] train_loss: 1.78243
[05/11 10:15:07] train_acc: 0.699
[05/11 10:15:07] train_auroc: 0.698
[05/11 10:15:13] Summary name val_6-way-5-shot_tpr@tnr95 is illegal; using val_6-way-5-shot_tpr_tnr95 instead.
[05/11 10:15:13] val_6-way-5-shot_acc: 44.994	0.715
[05/11 10:15:13] val_6-way-5-shot_auroc: 45.539	1.181
[05/11 10:15:13] val_6-way-5-shot_fscore: 40.648	0.812
[05/11 10:15:13] val_6-way-5-shot_tpr@tnr95: 3.073	0.452
[05/11 10:15:13] val_6-way-5-shot_osr: 48.362	0.229
[05/11 10:15:13] BEST ACC!
[05/11 10:15:41] 
[05/11 10:15:41] epoch 3/20, iter 1200:
[05/11 10:15:41] train_loss: 1.43231
[05/11 10:15:41] train_acc: 0.851
[05/11 10:15:41] train_auroc: 0.806
[05/11 10:15:46] Summary name val_6-way-5-shot_tpr@tnr95 is illegal; using val_6-way-5-shot_tpr_tnr95 instead.
[05/11 10:15:46] val_6-way-5-shot_acc: 45.028	0.704
[05/11 10:15:46] val_6-way-5-shot_auroc: 44.973	1.246
[05/11 10:15:46] val_6-way-5-shot_fscore: 39.522	0.820
[05/11 10:15:46] val_6-way-5-shot_tpr@tnr95: 3.917	0.494
[05/11 10:15:46] val_6-way-5-shot_osr: 48.701	0.244
[05/11 10:15:46] BEST ACC!
[05/11 10:16:14] 
[05/11 10:16:14] epoch 4/20, iter 1600:
[05/11 10:16:14] train_loss: 1.18104
[05/11 10:16:14] train_acc: 0.943
[05/11 10:16:14] train_auroc: 0.897
[05/11 10:16:19] Summary name val_6-way-5-shot_tpr@tnr95 is illegal; using val_6-way-5-shot_tpr_tnr95 instead.
[05/11 10:16:19] val_6-way-5-shot_acc: 45.178	0.687
[05/11 10:16:19] val_6-way-5-shot_auroc: 44.763	1.237
[05/11 10:16:19] val_6-way-5-shot_fscore: 39.420	0.838
[05/11 10:16:19] val_6-way-5-shot_tpr@tnr95: 4.310	0.504
[05/11 10:16:19] val_6-way-5-shot_osr: 48.920	0.248
[05/11 10:16:20] BEST ACC!
[05/11 10:16:48] 
[05/11 10:16:48] epoch 5/20, iter 2000:
[05/11 10:16:48] train_loss: 1.01660
[05/11 10:16:48] train_acc: 0.982
[05/11 10:16:48] train_auroc: 0.954
[05/11 10:16:53] Summary name val_6-way-5-shot_tpr@tnr95 is illegal; using val_6-way-5-shot_tpr_tnr95 instead.
[05/11 10:16:53] val_6-way-5-shot_acc: 44.428	0.729
[05/11 10:16:53] val_6-way-5-shot_auroc: 45.215	1.262
[05/11 10:16:53] val_6-way-5-shot_fscore: 39.395	0.856
[05/11 10:16:53] val_6-way-5-shot_tpr@tnr95: 5.085	0.577
[05/11 10:16:53] val_6-way-5-shot_osr: 49.339	0.294
[05/11 10:17:21] 
[05/11 10:17:21] epoch 6/20, iter 2400:
[05/11 10:17:21] train_loss: 0.89810
[05/11 10:17:21] train_acc: 0.995
[05/11 10:17:21] train_auroc: 0.980
[05/11 10:17:26] Summary name val_6-way-5-shot_tpr@tnr95 is illegal; using val_6-way-5-shot_tpr_tnr95 instead.
[05/11 10:17:26] val_6-way-5-shot_acc: 43.567	0.738
[05/11 10:17:26] val_6-way-5-shot_auroc: 45.268	1.300
[05/11 10:17:26] val_6-way-5-shot_fscore: 39.302	0.884
[05/11 10:17:26] val_6-way-5-shot_tpr@tnr95: 5.607	0.631
[05/11 10:17:26] val_6-way-5-shot_osr: 49.556	0.321
[05/11 10:17:27] BEST OSR Score!
[05/11 10:17:55] 
[05/11 10:17:55] epoch 7/20, iter 2800:
[05/11 10:17:55] train_loss: 0.81008
[05/11 10:17:55] train_acc: 0.999
[05/11 10:17:55] train_auroc: 0.990
[05/11 10:18:00] Summary name val_6-way-5-shot_tpr@tnr95 is illegal; using val_6-way-5-shot_tpr_tnr95 instead.
[05/11 10:18:00] val_6-way-5-shot_acc: 42.450	0.746
[05/11 10:18:00] val_6-way-5-shot_auroc: 45.204	1.301
[05/11 10:18:00] val_6-way-5-shot_fscore: 39.302	0.839
[05/11 10:18:00] val_6-way-5-shot_tpr@tnr95: 5.467	0.615
[05/11 10:18:00] val_6-way-5-shot_osr: 49.499	0.314
[05/11 10:18:28] 
[05/11 10:18:28] epoch 8/20, iter 3200:
[05/11 10:18:28] train_loss: 0.74394
[05/11 10:18:28] train_acc: 1.000
[05/11 10:18:28] train_auroc: 0.995
[05/11 10:18:33] Summary name val_6-way-5-shot_tpr@tnr95 is illegal; using val_6-way-5-shot_tpr_tnr95 instead.
[05/11 10:18:33] val_6-way-5-shot_acc: 41.644	0.718
[05/11 10:18:33] val_6-way-5-shot_auroc: 45.661	1.297
[05/11 10:18:33] val_6-way-5-shot_fscore: 39.784	0.844
[05/11 10:18:33] val_6-way-5-shot_tpr@tnr95: 5.133	0.585
[05/11 10:18:33] val_6-way-5-shot_osr: 49.444	0.306
[05/11 10:19:00] 
[05/11 10:19:00] epoch 9/20, iter 3600:
[05/11 10:19:00] train_loss: 0.69018
[05/11 10:19:00] train_acc: 1.000
[05/11 10:19:00] train_auroc: 0.995
[05/11 10:19:05] Summary name val_6-way-5-shot_tpr@tnr95 is illegal; using val_6-way-5-shot_tpr_tnr95 instead.
[05/11 10:19:05] val_6-way-5-shot_acc: 40.650	0.710
[05/11 10:19:05] val_6-way-5-shot_auroc: 46.061	1.301
[05/11 10:19:05] val_6-way-5-shot_fscore: 40.317	0.829
[05/11 10:19:05] val_6-way-5-shot_tpr@tnr95: 5.585	0.556
[05/11 10:19:05] val_6-way-5-shot_osr: 49.680	0.297
[05/11 10:19:06] BEST OSR Score!
[05/11 10:19:33] 
[05/11 10:19:33] epoch 10/20, iter 4000:
[05/11 10:19:33] train_loss: 0.64252
[05/11 10:19:33] train_acc: 1.000
[05/11 10:19:33] train_auroc: 0.995
[05/11 10:19:38] Summary name val_6-way-5-shot_tpr@tnr95 is illegal; using val_6-way-5-shot_tpr_tnr95 instead.
[05/11 10:19:38] val_6-way-5-shot_acc: 40.172	0.737
[05/11 10:19:38] val_6-way-5-shot_auroc: 45.990	1.276
[05/11 10:19:38] val_6-way-5-shot_fscore: 40.199	0.839
[05/11 10:19:38] val_6-way-5-shot_tpr@tnr95: 5.643	0.577
[05/11 10:19:38] val_6-way-5-shot_osr: 49.647	0.310
[05/11 10:20:05] 
[05/11 10:20:05] epoch 11/20, iter 4400:
[05/11 10:20:05] train_loss: 0.61329
[05/11 10:20:05] train_acc: 1.000
[05/11 10:20:05] train_auroc: 0.995
[05/11 10:20:10] Summary name val_6-way-5-shot_tpr@tnr95 is illegal; using val_6-way-5-shot_tpr_tnr95 instead.
[05/11 10:20:10] val_6-way-5-shot_acc: 40.128	0.767
[05/11 10:20:10] val_6-way-5-shot_auroc: 46.486	1.305
[05/11 10:20:10] val_6-way-5-shot_fscore: 40.157	0.851
[05/11 10:20:10] val_6-way-5-shot_tpr@tnr95: 6.062	0.606
[05/11 10:20:10] val_6-way-5-shot_osr: 49.825	0.316
[05/11 10:20:10] BEST OSR Score!
[05/11 10:20:37] 
[05/11 10:20:37] epoch 12/20, iter 4800:
[05/11 10:20:37] train_loss: 0.60758
[05/11 10:20:37] train_acc: 1.000
[05/11 10:20:37] train_auroc: 0.995
[05/11 10:20:42] Summary name val_6-way-5-shot_tpr@tnr95 is illegal; using val_6-way-5-shot_tpr_tnr95 instead.
[05/11 10:20:42] val_6-way-5-shot_acc: 40.222	0.766
[05/11 10:20:42] val_6-way-5-shot_auroc: 46.444	1.300
[05/11 10:20:42] val_6-way-5-shot_fscore: 40.174	0.867
[05/11 10:20:42] val_6-way-5-shot_tpr@tnr95: 6.162	0.616
[05/11 10:20:42] val_6-way-5-shot_osr: 49.888	0.317
[05/11 10:20:43] BEST OSR Score!
[05/11 10:21:11] 
[05/11 10:21:11] epoch 13/20, iter 5200:
[05/11 10:21:11] train_loss: 0.60292
[05/11 10:21:11] train_acc: 1.000
[05/11 10:21:11] train_auroc: 0.995
[05/11 10:21:16] Summary name val_6-way-5-shot_tpr@tnr95 is illegal; using val_6-way-5-shot_tpr_tnr95 instead.
[05/11 10:21:16] val_6-way-5-shot_acc: 40.233	0.765
[05/11 10:21:16] val_6-way-5-shot_auroc: 46.387	1.298
[05/11 10:21:16] val_6-way-5-shot_fscore: 40.267	0.864
[05/11 10:21:16] val_6-way-5-shot_tpr@tnr95: 6.143	0.611
[05/11 10:21:16] val_6-way-5-shot_osr: 49.883	0.313
[05/11 10:21:44] 
[05/11 10:21:44] epoch 14/20, iter 5600:
[05/11 10:21:44] train_loss: 0.59844
[05/11 10:21:44] train_acc: 1.000
[05/11 10:21:44] train_auroc: 0.995
[05/11 10:21:49] Summary name val_6-way-5-shot_tpr@tnr95 is illegal; using val_6-way-5-shot_tpr_tnr95 instead.
[05/11 10:21:49] val_6-way-5-shot_acc: 40.189	0.759
[05/11 10:21:49] val_6-way-5-shot_auroc: 46.324	1.297
[05/11 10:21:49] val_6-way-5-shot_fscore: 40.216	0.866
[05/11 10:21:49] val_6-way-5-shot_tpr@tnr95: 6.062	0.600
[05/11 10:21:49] val_6-way-5-shot_osr: 49.858	0.305
[05/11 10:22:18] 
[05/11 10:22:18] epoch 15/20, iter 6000:
[05/11 10:22:18] train_loss: 0.59410
[05/11 10:22:18] train_acc: 1.000
[05/11 10:22:18] train_auroc: 0.995
[05/11 10:22:23] Summary name val_6-way-5-shot_tpr@tnr95 is illegal; using val_6-way-5-shot_tpr_tnr95 instead.
[05/11 10:22:23] val_6-way-5-shot_acc: 40.044	0.753
[05/11 10:22:23] val_6-way-5-shot_auroc: 46.283	1.292
[05/11 10:22:23] val_6-way-5-shot_fscore: 40.182	0.861
[05/11 10:22:23] val_6-way-5-shot_tpr@tnr95: 5.972	0.594
[05/11 10:22:23] val_6-way-5-shot_osr: 49.816	0.302
[05/11 10:22:51] 
[05/11 10:22:51] epoch 16/20, iter 6400:
[05/11 10:22:51] train_loss: 0.58982
[05/11 10:22:51] train_acc: 1.000
[05/11 10:22:51] train_auroc: 0.995
[05/11 10:22:56] Summary name val_6-way-5-shot_tpr@tnr95 is illegal; using val_6-way-5-shot_tpr_tnr95 instead.
[05/11 10:22:56] val_6-way-5-shot_acc: 40.039	0.748
[05/11 10:22:56] val_6-way-5-shot_auroc: 46.201	1.287
[05/11 10:22:56] val_6-way-5-shot_fscore: 40.174	0.872
[05/11 10:22:56] val_6-way-5-shot_tpr@tnr95: 5.898	0.583
[05/11 10:22:56] val_6-way-5-shot_osr: 49.782	0.296
[05/11 10:23:24] 
[05/11 10:23:24] epoch 17/20, iter 6800:
[05/11 10:23:24] train_loss: 0.58559
[05/11 10:23:24] train_acc: 1.000
[05/11 10:23:24] train_auroc: 0.995
[05/11 10:23:29] Summary name val_6-way-5-shot_tpr@tnr95 is illegal; using val_6-way-5-shot_tpr_tnr95 instead.
[05/11 10:23:29] val_6-way-5-shot_acc: 40.056	0.755
[05/11 10:23:29] val_6-way-5-shot_auroc: 46.156	1.284
[05/11 10:23:29] val_6-way-5-shot_fscore: 40.140	0.868
[05/11 10:23:29] val_6-way-5-shot_tpr@tnr95: 5.795	0.582
[05/11 10:23:29] val_6-way-5-shot_osr: 49.752	0.298
[05/11 10:23:58] 
[05/11 10:23:58] epoch 18/20, iter 7200:
[05/11 10:23:58] train_loss: 0.58139
[05/11 10:23:58] train_acc: 1.000
[05/11 10:23:58] train_auroc: 0.995
[05/11 10:24:03] Summary name val_6-way-5-shot_tpr@tnr95 is illegal; using val_6-way-5-shot_tpr_tnr95 instead.
[05/11 10:24:03] val_6-way-5-shot_acc: 39.972	0.760
[05/11 10:24:03] val_6-way-5-shot_auroc: 46.079	1.283
[05/11 10:24:03] val_6-way-5-shot_fscore: 40.131	0.879
[05/11 10:24:03] val_6-way-5-shot_tpr@tnr95: 5.668	0.573
[05/11 10:24:03] val_6-way-5-shot_osr: 49.684	0.294
[05/11 10:24:31] 
[05/11 10:24:31] epoch 19/20, iter 7600:
[05/11 10:24:31] train_loss: 0.57858
[05/11 10:24:31] train_acc: 1.000
[05/11 10:24:31] train_auroc: 0.995
[05/11 10:24:36] Summary name val_6-way-5-shot_tpr@tnr95 is illegal; using val_6-way-5-shot_tpr_tnr95 instead.
[05/11 10:24:36] val_6-way-5-shot_acc: 40.044	0.750
[05/11 10:24:36] val_6-way-5-shot_auroc: 46.035	1.284
[05/11 10:24:36] val_6-way-5-shot_fscore: 40.106	0.882
[05/11 10:24:36] val_6-way-5-shot_tpr@tnr95: 5.583	0.556
[05/11 10:24:36] val_6-way-5-shot_osr: 49.647	0.287
[05/11 10:25:04] 
[05/11 10:25:04] epoch 20/20, iter 8000:
[05/11 10:25:04] train_loss: 0.57800
[05/11 10:25:04] train_acc: 1.000
[05/11 10:25:04] train_auroc: 0.995
[05/11 10:25:10] Summary name val_6-way-5-shot_tpr@tnr95 is illegal; using val_6-way-5-shot_tpr_tnr95 instead.
[05/11 10:25:10] val_6-way-5-shot_acc: 40.044	0.757
[05/11 10:25:10] val_6-way-5-shot_auroc: 46.035	1.287
[05/11 10:25:10] val_6-way-5-shot_fscore: 40.106	0.886
[05/11 10:25:10] val_6-way-5-shot_tpr@tnr95: 5.575	0.550
[05/11 10:25:10] val_6-way-5-shot_osr: 49.630	0.286
[05/11 10:25:10] training finished!
[05/11 10:25:10] ------------------------
[05/11 10:25:10] the best epoch is 12/20
[05/11 10:25:10] the best 6-way 5-shot val acc is 45.178
[05/11 10:26:15] start training!
[05/11 10:26:44] 
[05/11 10:26:44] epoch 1/20, iter 400:
[05/11 10:26:44] train_loss: 2.37649
[05/11 10:26:44] train_acc: 0.504
[05/11 10:26:44] train_auroc: 0.604
[05/11 10:26:51] Summary name val_6-way-5-shot_tpr@tnr95 is illegal; using val_6-way-5-shot_tpr_tnr95 instead.
[05/11 10:26:51] val_6-way-5-shot_acc: 42.889	0.695
[05/11 10:26:51] val_6-way-5-shot_auroc: 50.291	0.946
[05/11 10:26:51] val_6-way-5-shot_fscore: 48.943	0.747
[05/11 10:26:51] val_6-way-5-shot_tpr@tnr95: 4.812	0.566
[05/11 10:26:51] val_6-way-5-shot_osr: 49.278	0.292
[05/11 10:26:51] BEST ACC!
[05/11 10:26:51] BEST Auroc!
[05/11 10:26:51] BEST Fscore!
[05/11 10:26:51] BEST OSR Score!
[05/11 10:27:20] 
[05/11 10:27:20] epoch 2/20, iter 800:
[05/11 10:27:20] train_loss: 1.78704
[05/11 10:27:20] train_acc: 0.695
[05/11 10:27:20] train_auroc: 0.697
[05/11 10:27:25] Summary name val_6-way-5-shot_tpr@tnr95 is illegal; using val_6-way-5-shot_tpr_tnr95 instead.
[05/11 10:27:25] val_6-way-5-shot_acc: 45.267	0.707
[05/11 10:27:25] val_6-way-5-shot_auroc: 44.688	1.048
[05/11 10:27:25] val_6-way-5-shot_fscore: 44.909	0.848
[05/11 10:27:25] val_6-way-5-shot_tpr@tnr95: 3.114	0.446
[05/11 10:27:25] val_6-way-5-shot_osr: 48.290	0.237
[05/11 10:27:25] BEST ACC!
[05/11 10:27:53] 
[05/11 10:27:53] epoch 3/20, iter 1200:
[05/11 10:27:53] train_loss: 1.43701
[05/11 10:27:53] train_acc: 0.848
[05/11 10:27:53] train_auroc: 0.802
[05/11 10:27:59] Summary name val_6-way-5-shot_tpr@tnr95 is illegal; using val_6-way-5-shot_tpr_tnr95 instead.
[05/11 10:27:59] val_6-way-5-shot_acc: 45.294	0.666
[05/11 10:27:59] val_6-way-5-shot_auroc: 43.781	1.063
[05/11 10:27:59] val_6-way-5-shot_fscore: 44.007	0.799
[05/11 10:27:59] val_6-way-5-shot_tpr@tnr95: 3.527	0.437
[05/11 10:27:59] val_6-way-5-shot_osr: 48.496	0.225
[05/11 10:27:59] BEST ACC!
[05/11 10:28:27] 
[05/11 10:28:27] epoch 4/20, iter 1600:
[05/11 10:28:27] train_loss: 1.18322
[05/11 10:28:27] train_acc: 0.942
[05/11 10:28:27] train_auroc: 0.898
[05/11 10:28:33] Summary name val_6-way-5-shot_tpr@tnr95 is illegal; using val_6-way-5-shot_tpr_tnr95 instead.
[05/11 10:28:33] val_6-way-5-shot_acc: 44.711	0.654
[05/11 10:28:33] val_6-way-5-shot_auroc: 43.984	1.072
[05/11 10:28:33] val_6-way-5-shot_fscore: 44.290	0.757
[05/11 10:28:33] val_6-way-5-shot_tpr@tnr95: 3.945	0.469
[05/11 10:28:33] val_6-way-5-shot_osr: 48.717	0.245
[05/11 10:29:00] 
[05/11 10:29:00] epoch 5/20, iter 2000:
[05/11 10:29:00] train_loss: 1.01919
[05/11 10:29:00] train_acc: 0.981
[05/11 10:29:00] train_auroc: 0.954
[05/11 10:29:06] Summary name val_6-way-5-shot_tpr@tnr95 is illegal; using val_6-way-5-shot_tpr_tnr95 instead.
[05/11 10:29:06] val_6-way-5-shot_acc: 44.044	0.665
[05/11 10:29:06] val_6-way-5-shot_auroc: 45.022	1.090
[05/11 10:29:06] val_6-way-5-shot_fscore: 45.266	0.778
[05/11 10:29:06] val_6-way-5-shot_tpr@tnr95: 4.479	0.505
[05/11 10:29:06] val_6-way-5-shot_osr: 49.061	0.264
[05/11 10:29:33] 
[05/11 10:29:33] epoch 6/20, iter 2400:
[05/11 10:29:33] train_loss: 0.90199
[05/11 10:29:33] train_acc: 0.996
[05/11 10:29:33] train_auroc: 0.980
[05/11 10:29:39] Summary name val_6-way-5-shot_tpr@tnr95 is illegal; using val_6-way-5-shot_tpr_tnr95 instead.
[05/11 10:29:39] val_6-way-5-shot_acc: 42.750	0.699
[05/11 10:29:39] val_6-way-5-shot_auroc: 45.564	1.117
[05/11 10:29:39] val_6-way-5-shot_fscore: 45.481	0.798
[05/11 10:29:39] val_6-way-5-shot_tpr@tnr95: 5.010	0.512
[05/11 10:29:39] val_6-way-5-shot_osr: 49.354	0.257
[05/11 10:29:39] BEST OSR Score!
[05/11 10:30:06] 
[05/11 10:30:06] epoch 7/20, iter 2800:
[05/11 10:30:06] train_loss: 0.81600
[05/11 10:30:06] train_acc: 0.999
[05/11 10:30:06] train_auroc: 0.990
[05/11 10:30:12] Summary name val_6-way-5-shot_tpr@tnr95 is illegal; using val_6-way-5-shot_tpr_tnr95 instead.
[05/11 10:30:12] val_6-way-5-shot_acc: 41.667	0.689
[05/11 10:30:12] val_6-way-5-shot_auroc: 46.104	1.130
[05/11 10:30:12] val_6-way-5-shot_fscore: 45.926	0.833
[05/11 10:30:12] val_6-way-5-shot_tpr@tnr95: 5.094	0.482
[05/11 10:30:12] val_6-way-5-shot_osr: 49.382	0.236
[05/11 10:30:12] BEST OSR Score!
[05/11 10:30:39] 
[05/11 10:30:39] epoch 8/20, iter 3200:
[05/11 10:30:39] train_loss: 0.75075
[05/11 10:30:39] train_acc: 1.000
[05/11 10:30:39] train_auroc: 0.994
[05/11 10:30:45] Summary name val_6-way-5-shot_tpr@tnr95 is illegal; using val_6-way-5-shot_tpr_tnr95 instead.
[05/11 10:30:45] val_6-way-5-shot_acc: 40.894	0.700
[05/11 10:30:45] val_6-way-5-shot_auroc: 46.526	1.147
[05/11 10:30:45] val_6-way-5-shot_fscore: 46.471	0.867
[05/11 10:30:45] val_6-way-5-shot_tpr@tnr95: 5.217	0.443
[05/11 10:30:45] val_6-way-5-shot_osr: 49.439	0.225
[05/11 10:30:45] BEST OSR Score!
[05/11 10:31:13] 
[05/11 10:31:13] epoch 9/20, iter 3600:
[05/11 10:31:13] train_loss: 0.69631
[05/11 10:31:13] train_acc: 1.000
[05/11 10:31:13] train_auroc: 0.996
[05/11 10:31:18] Summary name val_6-way-5-shot_tpr@tnr95 is illegal; using val_6-way-5-shot_tpr_tnr95 instead.
[05/11 10:31:18] val_6-way-5-shot_acc: 40.067	0.707
[05/11 10:31:18] val_6-way-5-shot_auroc: 46.391	1.160
[05/11 10:31:18] val_6-way-5-shot_fscore: 46.593	0.921
[05/11 10:31:18] val_6-way-5-shot_tpr@tnr95: 4.918	0.449
[05/11 10:31:18] val_6-way-5-shot_osr: 49.315	0.217
[05/11 10:31:46] 
[05/11 10:31:46] epoch 10/20, iter 4000:
[05/11 10:31:46] train_loss: 0.64570
[05/11 10:31:46] train_acc: 1.000
[05/11 10:31:46] train_auroc: 0.995
[05/11 10:31:51] Summary name val_6-way-5-shot_tpr@tnr95 is illegal; using val_6-way-5-shot_tpr_tnr95 instead.
[05/11 10:31:51] val_6-way-5-shot_acc: 39.244	0.692
[05/11 10:31:51] val_6-way-5-shot_auroc: 46.112	1.165
[05/11 10:31:51] val_6-way-5-shot_fscore: 46.519	0.859
[05/11 10:31:51] val_6-way-5-shot_tpr@tnr95: 5.298	0.465
[05/11 10:31:51] val_6-way-5-shot_osr: 49.419	0.239
[05/11 10:32:19] 
[05/11 10:32:19] epoch 11/20, iter 4400:
[05/11 10:32:19] train_loss: 0.61320
[05/11 10:32:19] train_acc: 1.000
[05/11 10:32:19] train_auroc: 0.996
[05/11 10:32:24] Summary name val_6-way-5-shot_tpr@tnr95 is illegal; using val_6-way-5-shot_tpr_tnr95 instead.
[05/11 10:32:24] val_6-way-5-shot_acc: 39.400	0.705
[05/11 10:32:24] val_6-way-5-shot_auroc: 46.265	1.167
[05/11 10:32:24] val_6-way-5-shot_fscore: 46.828	0.875
[05/11 10:32:24] val_6-way-5-shot_tpr@tnr95: 5.147	0.474
[05/11 10:32:24] val_6-way-5-shot_osr: 49.401	0.244
[05/11 10:32:52] 
[05/11 10:32:52] epoch 12/20, iter 4800:
[05/11 10:32:52] train_loss: 0.60662
[05/11 10:32:52] train_acc: 1.000
[05/11 10:32:52] train_auroc: 0.995
[05/11 10:32:57] Summary name val_6-way-5-shot_tpr@tnr95 is illegal; using val_6-way-5-shot_tpr_tnr95 instead.
[05/11 10:32:57] val_6-way-5-shot_acc: 39.378	0.701
[05/11 10:32:57] val_6-way-5-shot_auroc: 46.194	1.166
[05/11 10:32:57] val_6-way-5-shot_fscore: 46.741	0.878
[05/11 10:32:57] val_6-way-5-shot_tpr@tnr95: 5.094	0.468
[05/11 10:32:57] val_6-way-5-shot_osr: 49.366	0.238
[05/11 10:33:25] 
[05/11 10:33:25] epoch 13/20, iter 5200:
[05/11 10:33:25] train_loss: 0.60132
[05/11 10:33:25] train_acc: 1.000
[05/11 10:33:25] train_auroc: 0.995
[05/11 10:33:31] Summary name val_6-way-5-shot_tpr@tnr95 is illegal; using val_6-way-5-shot_tpr_tnr95 instead.
[05/11 10:33:31] val_6-way-5-shot_acc: 39.278	0.691
[05/11 10:33:31] val_6-way-5-shot_auroc: 46.128	1.165
[05/11 10:33:31] val_6-way-5-shot_fscore: 46.673	0.875
[05/11 10:33:31] val_6-way-5-shot_tpr@tnr95: 5.062	0.459
[05/11 10:33:31] val_6-way-5-shot_osr: 49.342	0.234
[05/11 10:33:59] 
[05/11 10:33:59] epoch 14/20, iter 5600:
[05/11 10:33:59] train_loss: 0.59625
[05/11 10:33:59] train_acc: 1.000
[05/11 10:33:59] train_auroc: 0.995
[05/11 10:34:04] Summary name val_6-way-5-shot_tpr@tnr95 is illegal; using val_6-way-5-shot_tpr_tnr95 instead.
[05/11 10:34:04] val_6-way-5-shot_acc: 39.150	0.689
[05/11 10:34:04] val_6-way-5-shot_auroc: 46.083	1.162
[05/11 10:34:04] val_6-way-5-shot_fscore: 46.667	0.876
[05/11 10:34:04] val_6-way-5-shot_tpr@tnr95: 5.018	0.465
[05/11 10:34:04] val_6-way-5-shot_osr: 49.304	0.239
[05/11 10:34:32] 
[05/11 10:34:32] epoch 15/20, iter 6000:
[05/11 10:34:32] train_loss: 0.59138
[05/11 10:34:32] train_acc: 1.000
[05/11 10:34:32] train_auroc: 0.995
[05/11 10:34:38] Summary name val_6-way-5-shot_tpr@tnr95 is illegal; using val_6-way-5-shot_tpr_tnr95 instead.
[05/11 10:34:38] val_6-way-5-shot_acc: 39.128	0.695
[05/11 10:34:38] val_6-way-5-shot_auroc: 46.022	1.164
[05/11 10:34:38] val_6-way-5-shot_fscore: 46.680	0.871
[05/11 10:34:38] val_6-way-5-shot_tpr@tnr95: 4.953	0.464
[05/11 10:34:38] val_6-way-5-shot_osr: 49.246	0.237
[05/11 10:35:06] 
[05/11 10:35:06] epoch 16/20, iter 6400:
[05/11 10:35:06] train_loss: 0.58658
[05/11 10:35:06] train_acc: 1.000
[05/11 10:35:06] train_auroc: 0.995
[05/11 10:35:12] Summary name val_6-way-5-shot_tpr@tnr95 is illegal; using val_6-way-5-shot_tpr_tnr95 instead.
[05/11 10:35:12] val_6-way-5-shot_acc: 39.183	0.698
[05/11 10:35:12] val_6-way-5-shot_auroc: 45.970	1.164
[05/11 10:35:12] val_6-way-5-shot_fscore: 46.673	0.872
[05/11 10:35:12] val_6-way-5-shot_tpr@tnr95: 4.923	0.466
[05/11 10:35:12] val_6-way-5-shot_osr: 49.233	0.241
[05/11 10:35:40] 
[05/11 10:35:40] epoch 17/20, iter 6800:
[05/11 10:35:40] train_loss: 0.58190
[05/11 10:35:40] train_acc: 1.000
[05/11 10:35:40] train_auroc: 0.995
[05/11 10:35:45] Summary name val_6-way-5-shot_tpr@tnr95 is illegal; using val_6-way-5-shot_tpr_tnr95 instead.
[05/11 10:35:45] val_6-way-5-shot_acc: 39.089	0.698
[05/11 10:35:45] val_6-way-5-shot_auroc: 45.945	1.164
[05/11 10:35:45] val_6-way-5-shot_fscore: 46.673	0.871
[05/11 10:35:45] val_6-way-5-shot_tpr@tnr95: 4.877	0.471
[05/11 10:35:45] val_6-way-5-shot_osr: 49.209	0.243
[05/11 10:36:13] 
[05/11 10:36:13] epoch 18/20, iter 7200:
[05/11 10:36:13] train_loss: 0.57729
[05/11 10:36:13] train_acc: 1.000
[05/11 10:36:13] train_auroc: 0.995
[05/11 10:36:19] Summary name val_6-way-5-shot_tpr@tnr95 is illegal; using val_6-way-5-shot_tpr_tnr95 instead.
[05/11 10:36:19] val_6-way-5-shot_acc: 38.961	0.694
[05/11 10:36:19] val_6-way-5-shot_auroc: 45.908	1.161
[05/11 10:36:19] val_6-way-5-shot_fscore: 46.586	0.874
[05/11 10:36:19] val_6-way-5-shot_tpr@tnr95: 4.785	0.467
[05/11 10:36:19] val_6-way-5-shot_osr: 49.149	0.238
[05/11 10:36:46] 
[05/11 10:36:46] epoch 19/20, iter 7600:
[05/11 10:36:46] train_loss: 0.57411
[05/11 10:36:46] train_acc: 1.000
[05/11 10:36:46] train_auroc: 0.995
[05/11 10:36:51] Summary name val_6-way-5-shot_tpr@tnr95 is illegal; using val_6-way-5-shot_tpr_tnr95 instead.
[05/11 10:36:51] val_6-way-5-shot_acc: 38.989	0.697
[05/11 10:36:51] val_6-way-5-shot_auroc: 45.926	1.163
[05/11 10:36:51] val_6-way-5-shot_fscore: 46.667	0.877
[05/11 10:36:51] val_6-way-5-shot_tpr@tnr95: 4.822	0.470
[05/11 10:36:51] val_6-way-5-shot_osr: 49.181	0.239
[05/11 10:37:19] 
[05/11 10:37:19] epoch 20/20, iter 8000:
[05/11 10:37:19] train_loss: 0.57352
[05/11 10:37:19] train_acc: 1.000
[05/11 10:37:19] train_auroc: 0.995
[05/11 10:37:24] Summary name val_6-way-5-shot_tpr@tnr95 is illegal; using val_6-way-5-shot_tpr_tnr95 instead.
[05/11 10:37:24] val_6-way-5-shot_acc: 38.944	0.698
[05/11 10:37:24] val_6-way-5-shot_auroc: 45.916	1.163
[05/11 10:37:24] val_6-way-5-shot_fscore: 46.673	0.875
[05/11 10:37:24] val_6-way-5-shot_tpr@tnr95: 4.822	0.467
[05/11 10:37:24] val_6-way-5-shot_osr: 49.186	0.239
[05/11 10:37:24] training finished!
[05/11 10:37:24] ------------------------
[05/11 10:37:24] the best epoch is 8/20
[05/11 10:37:24] the best 6-way 5-shot val acc is 45.294
