[05/10 04:44:53] start training!
[05/10 04:45:22] 
[05/10 04:45:22] epoch 1/1, iter 400:
[05/10 04:45:22] train_loss: 2.26707
[05/10 04:45:22] train_acc: 0.581
[05/10 04:45:22] train_auroc: 0.648
[05/10 04:45:28] Summary name val_6-way-5-shot_tpr@tnr95 is illegal; using val_6-way-5-shot_tpr_tnr95 instead.
[05/10 04:45:28] val_6-way-5-shot_acc: 41.917	0.730
[05/10 04:45:28] val_6-way-5-shot_auroc: 53.095	0.751
[05/10 04:45:28] val_6-way-5-shot_fscore: 50.835	0.638
[05/10 04:45:28] val_6-way-5-shot_tpr@tnr95: 6.058	0.594
[05/10 04:45:28] val_6-way-5-shot_osr: 50.807	0.297
[05/10 04:45:28] BEST ACC!
[05/10 04:45:28] BEST Auroc!
[05/10 04:45:28] BEST Fscore!
[05/10 04:45:29] BEST OSR Score!
[05/10 04:45:29] training finished!
[05/10 04:45:29] ------------------------
[05/10 04:45:29] the best epoch is 1/1
[05/10 04:45:29] the best 6-way 5-shot val acc is 41.917
[05/10 04:46:47] start training!
[05/10 04:47:13] 
[05/10 04:47:13] epoch 1/1, iter 400:
[05/10 04:47:13] train_loss: 2.09847
[05/10 04:47:13] train_acc: 0.583
[05/10 04:47:13] train_auroc: 0.652
[05/10 04:47:20] Summary name val_6-way-5-shot_tpr@tnr95 is illegal; using val_6-way-5-shot_tpr_tnr95 instead.
[05/10 04:47:20] val_6-way-5-shot_acc: 42.100	0.746
[05/10 04:47:20] val_6-way-5-shot_auroc: 52.986	0.746
[05/10 04:47:20] val_6-way-5-shot_fscore: 50.714	0.631
[05/10 04:47:20] val_6-way-5-shot_tpr@tnr95: 5.950	0.591
[05/10 04:47:20] val_6-way-5-shot_osr: 50.753	0.296
[05/10 04:47:20] BEST ACC!
[05/10 04:47:20] BEST Auroc!
[05/10 04:47:20] BEST Fscore!
[05/10 04:47:20] BEST OSR Score!
[05/10 04:47:20] training finished!
[05/10 04:47:20] ------------------------
[05/10 04:47:20] the best epoch is 1/1
[05/10 04:47:20] the best 6-way 5-shot val acc is 42.100
[05/10 04:48:37] start training!
[05/10 04:49:02] 
[05/10 04:49:02] epoch 1/1, iter 400:
[05/10 04:49:02] train_loss: 2.28991
[05/10 04:49:02] train_acc: 0.582
[05/10 04:49:02] train_auroc: 0.647
[05/10 04:49:08] Summary name val_6-way-5-shot_tpr@tnr95 is illegal; using val_6-way-5-shot_tpr_tnr95 instead.
[05/10 04:49:08] val_6-way-5-shot_acc: 42.017	0.740
[05/10 04:49:08] val_6-way-5-shot_auroc: 53.105	0.748
[05/10 04:49:08] val_6-way-5-shot_fscore: 50.795	0.639
[05/10 04:49:08] val_6-way-5-shot_tpr@tnr95: 5.833	0.535
[05/10 04:49:08] val_6-way-5-shot_osr: 50.694	0.268
[05/10 04:49:08] BEST ACC!
[05/10 04:49:09] BEST Auroc!
[05/10 04:49:09] BEST Fscore!
[05/10 04:49:09] BEST OSR Score!
[05/10 04:49:09] training finished!
[05/10 04:49:09] ------------------------
[05/10 04:49:09] the best epoch is 1/1
[05/10 04:49:09] the best 6-way 5-shot val acc is 42.017
[05/10 04:50:26] start training!
[05/10 04:50:50] 
[05/10 04:50:50] epoch 1/1, iter 400:
[05/10 04:50:50] train_loss: 2.09949
[05/10 04:50:50] train_acc: 0.583
[05/10 04:50:50] train_auroc: 0.651
[05/10 04:50:56] Summary name val_6-way-5-shot_tpr@tnr95 is illegal; using val_6-way-5-shot_tpr_tnr95 instead.
[05/10 04:50:56] val_6-way-5-shot_acc: 42.083	0.737
[05/10 04:50:56] val_6-way-5-shot_auroc: 53.034	0.749
[05/10 04:50:56] val_6-way-5-shot_fscore: 50.747	0.637
[05/10 04:50:56] val_6-way-5-shot_tpr@tnr95: 6.025	0.591
[05/10 04:50:56] val_6-way-5-shot_osr: 50.790	0.295
[05/10 04:50:56] BEST ACC!
[05/10 04:50:56] BEST Auroc!
[05/10 04:50:56] BEST Fscore!
[05/10 04:50:56] BEST OSR Score!
[05/10 04:50:56] training finished!
[05/10 04:50:56] ------------------------
[05/10 04:50:56] the best epoch is 1/1
[05/10 04:50:56] the best 6-way 5-shot val acc is 42.083
[05/10 04:52:36] start training!
[05/10 04:53:05] 
[05/10 04:53:05] epoch 1/1, iter 400:
[05/10 04:53:05] train_loss: 2.37591
[05/10 04:53:05] train_acc: 0.510
[05/10 04:53:05] train_auroc: 0.605
[05/10 04:53:11] Summary name val_6-way-5-shot_tpr@tnr95 is illegal; using val_6-way-5-shot_tpr_tnr95 instead.
[05/10 04:53:11] val_6-way-5-shot_acc: 43.139	0.737
[05/10 04:53:11] val_6-way-5-shot_auroc: 50.613	0.928
[05/10 04:53:11] val_6-way-5-shot_fscore: 49.104	0.738
[05/10 04:53:11] val_6-way-5-shot_tpr@tnr95: 4.183	0.536
[05/10 04:53:11] val_6-way-5-shot_osr: 49.869	0.268
[05/10 04:53:11] BEST ACC!
[05/10 04:53:11] BEST Auroc!
[05/10 04:53:11] BEST Fscore!
[05/10 04:53:11] BEST OSR Score!
[05/10 04:53:11] training finished!
[05/10 04:53:11] ------------------------
[05/10 04:53:11] the best epoch is 1/1
[05/10 04:53:11] the best 6-way 5-shot val acc is 43.139
[05/10 04:54:34] start training!
[05/10 04:55:00] 
[05/10 04:55:00] epoch 1/1, iter 400:
[05/10 04:55:00] train_loss: 2.36385
[05/10 04:55:00] train_acc: 0.510
[05/10 04:55:00] train_auroc: 0.605
[05/10 04:55:06] Summary name val_6-way-5-shot_tpr@tnr95 is illegal; using val_6-way-5-shot_tpr_tnr95 instead.
[05/10 04:55:06] val_6-way-5-shot_acc: 43.217	0.702
[05/10 04:55:06] val_6-way-5-shot_auroc: 50.060	0.922
[05/10 04:55:06] val_6-way-5-shot_fscore: 48.700	0.730
[05/10 04:55:06] val_6-way-5-shot_tpr@tnr95: 4.142	0.531
[05/10 04:55:06] val_6-way-5-shot_osr: 49.849	0.266
[05/10 04:55:06] BEST ACC!
[05/10 04:55:06] BEST Auroc!
[05/10 04:55:06] BEST Fscore!
[05/10 04:55:06] BEST OSR Score!
[05/10 04:55:06] training finished!
[05/10 04:55:06] ------------------------
[05/10 04:55:06] the best epoch is 1/1
[05/10 04:55:06] the best 6-way 5-shot val acc is 43.217
[05/10 04:56:27] start training!
[05/10 04:56:57] 
[05/10 04:56:57] epoch 1/1, iter 400:
[05/10 04:56:57] train_loss: 2.35935
[05/10 04:56:57] train_acc: 0.506
[05/10 04:56:57] train_auroc: 0.602
[05/10 04:57:03] Summary name val_6-way-5-shot_tpr@tnr95 is illegal; using val_6-way-5-shot_tpr_tnr95 instead.
[05/10 04:57:03] val_6-way-5-shot_acc: 43.361	0.723
[05/10 04:57:03] val_6-way-5-shot_auroc: 49.725	0.922
[05/10 04:57:03] val_6-way-5-shot_fscore: 48.391	0.724
[05/10 04:57:03] val_6-way-5-shot_tpr@tnr95: 4.792	0.635
[05/10 04:57:03] val_6-way-5-shot_osr: 50.174	0.318
[05/10 04:57:03] BEST ACC!
[05/10 04:57:03] BEST Auroc!
[05/10 04:57:03] BEST Fscore!
[05/10 04:57:03] BEST OSR Score!
[05/10 04:57:03] training finished!
[05/10 04:57:03] ------------------------
[05/10 04:57:03] the best epoch is 1/1
[05/10 04:57:03] the best 6-way 5-shot val acc is 43.361
[05/10 04:58:24] start training!
[05/10 04:58:51] 
[05/10 04:58:51] epoch 1/1, iter 400:
[05/10 04:58:51] train_loss: 2.18704
[05/10 04:58:51] train_acc: 0.512
[05/10 04:58:51] train_auroc: 0.608
[05/10 04:58:57] Summary name val_6-way-5-shot_tpr@tnr95 is illegal; using val_6-way-5-shot_tpr_tnr95 instead.
[05/10 04:58:57] val_6-way-5-shot_acc: 42.950	0.707
[05/10 04:58:57] val_6-way-5-shot_auroc: 49.706	0.913
[05/10 04:58:57] val_6-way-5-shot_fscore: 48.734	0.740
[05/10 04:58:57] val_6-way-5-shot_tpr@tnr95: 3.992	0.514
[05/10 04:58:57] val_6-way-5-shot_osr: 49.774	0.257
[05/10 04:58:57] BEST ACC!
[05/10 04:58:57] BEST Auroc!
[05/10 04:58:58] BEST Fscore!
[05/10 04:58:58] BEST OSR Score!
[05/10 04:58:58] training finished!
[05/10 04:58:58] ------------------------
[05/10 04:58:58] the best epoch is 1/1
[05/10 04:58:58] the best 6-way 5-shot val acc is 42.950
[05/10 05:00:18] start training!
[05/10 05:00:44] 
[05/10 05:00:44] epoch 1/1, iter 400:
[05/10 05:00:44] train_loss: 2.37945
[05/10 05:00:44] train_acc: 0.506
[05/10 05:00:44] train_auroc: 0.605
[05/10 05:00:49] Summary name val_6-way-5-shot_tpr@tnr95 is illegal; using val_6-way-5-shot_tpr_tnr95 instead.
[05/10 05:00:49] val_6-way-5-shot_acc: 43.394	0.689
[05/10 05:00:49] val_6-way-5-shot_auroc: 50.188	0.951
[05/10 05:00:49] val_6-way-5-shot_fscore: 48.822	0.763
[05/10 05:00:49] val_6-way-5-shot_tpr@tnr95: 4.525	0.600
[05/10 05:00:49] val_6-way-5-shot_osr: 50.040	0.300
[05/10 05:00:49] BEST ACC!
[05/10 05:00:50] BEST Auroc!
[05/10 05:00:50] BEST Fscore!
[05/10 05:00:50] BEST OSR Score!
[05/10 05:00:50] training finished!
[05/10 05:00:50] ------------------------
[05/10 05:00:50] the best epoch is 1/1
[05/10 05:00:50] the best 6-way 5-shot val acc is 43.394
[05/10 05:02:11] start training!
[05/10 05:02:37] 
[05/10 05:02:37] epoch 1/1, iter 400:
[05/10 05:02:37] train_loss: 2.19336
[05/10 05:02:37] train_acc: 0.507
[05/10 05:02:37] train_auroc: 0.607
[05/10 05:02:43] Summary name val_6-way-5-shot_tpr@tnr95 is illegal; using val_6-way-5-shot_tpr_tnr95 instead.
[05/10 05:02:43] val_6-way-5-shot_acc: 43.028	0.721
[05/10 05:02:43] val_6-way-5-shot_auroc: 50.173	0.916
[05/10 05:02:43] val_6-way-5-shot_fscore: 48.916	0.729
[05/10 05:02:43] val_6-way-5-shot_tpr@tnr95: 4.042	0.562
[05/10 05:02:43] val_6-way-5-shot_osr: 49.799	0.281
[05/10 05:02:43] BEST ACC!
[05/10 05:02:43] BEST Auroc!
[05/10 05:02:43] BEST Fscore!
[05/10 05:02:43] BEST OSR Score!
[05/10 05:02:43] training finished!
[05/10 05:02:43] ------------------------
[05/10 05:02:43] the best epoch is 1/1
[05/10 05:02:43] the best 6-way 5-shot val acc is 43.028
