[05/11 10:14:05] start training!
[05/11 10:14:34] 
[05/11 10:14:34] epoch 1/20, iter 400:
[05/11 10:14:34] train_loss: 2.37317
[05/11 10:14:34] train_acc: 0.509
[05/11 10:14:34] train_auroc: 0.604
[05/11 10:14:40] Summary name val_6-way-5-shot_tpr@tnr95 is illegal; using val_6-way-5-shot_tpr_tnr95 instead.
[05/11 10:14:40] val_6-way-5-shot_acc: 43.144	0.739
[05/11 10:14:40] val_6-way-5-shot_auroc: 49.341	1.165
[05/11 10:14:40] val_6-way-5-shot_fscore: 42.527	0.768
[05/11 10:14:40] val_6-way-5-shot_tpr@tnr95: 5.013	0.611
[05/11 10:14:40] val_6-way-5-shot_osr: 49.364	0.303
[05/11 10:14:40] BEST ACC!
[05/11 10:14:40] BEST Auroc!
[05/11 10:14:40] BEST Fscore!
[05/11 10:14:40] BEST OSR Score!
[05/11 10:15:07] 
[05/11 10:15:07] epoch 2/20, iter 800:
[05/11 10:15:07] train_loss: 1.78243
[05/11 10:15:07] train_acc: 0.699
[05/11 10:15:07] train_auroc: 0.698
[05/11 10:15:13] Summary name val_6-way-5-shot_tpr@tnr95 is illegal; using val_6-way-5-shot_tpr_tnr95 instead.
[05/11 10:15:13] val_6-way-5-shot_acc: 44.994	0.715
[05/11 10:15:13] val_6-way-5-shot_auroc: 45.539	1.181
[05/11 10:15:13] val_6-way-5-shot_fscore: 40.648	0.812
[05/11 10:15:13] val_6-way-5-shot_tpr@tnr95: 3.073	0.452
[05/11 10:15:13] val_6-way-5-shot_osr: 48.362	0.229
[05/11 10:15:13] BEST ACC!
[05/11 10:15:41] 
[05/11 10:15:41] epoch 3/20, iter 1200:
[05/11 10:15:41] train_loss: 1.43231
[05/11 10:15:41] train_acc: 0.851
[05/11 10:15:41] train_auroc: 0.806
[05/11 10:15:46] Summary name val_6-way-5-shot_tpr@tnr95 is illegal; using val_6-way-5-shot_tpr_tnr95 instead.
[05/11 10:15:46] val_6-way-5-shot_acc: 45.028	0.704
[05/11 10:15:46] val_6-way-5-shot_auroc: 44.973	1.246
[05/11 10:15:46] val_6-way-5-shot_fscore: 39.522	0.820
[05/11 10:15:46] val_6-way-5-shot_tpr@tnr95: 3.917	0.494
[05/11 10:15:46] val_6-way-5-shot_osr: 48.701	0.244
[05/11 10:15:46] BEST ACC!
[05/11 10:16:14] 
[05/11 10:16:14] epoch 4/20, iter 1600:
[05/11 10:16:14] train_loss: 1.18104
[05/11 10:16:14] train_acc: 0.943
[05/11 10:16:14] train_auroc: 0.897
[05/11 10:16:19] Summary name val_6-way-5-shot_tpr@tnr95 is illegal; using val_6-way-5-shot_tpr_tnr95 instead.
[05/11 10:16:19] val_6-way-5-shot_acc: 45.178	0.687
[05/11 10:16:19] val_6-way-5-shot_auroc: 44.763	1.237
[05/11 10:16:19] val_6-way-5-shot_fscore: 39.420	0.838
[05/11 10:16:19] val_6-way-5-shot_tpr@tnr95: 4.310	0.504
[05/11 10:16:19] val_6-way-5-shot_osr: 48.920	0.248
[05/11 10:16:20] BEST ACC!
[05/11 10:16:48] 
[05/11 10:16:48] epoch 5/20, iter 2000:
[05/11 10:16:48] train_loss: 1.01660
[05/11 10:16:48] train_acc: 0.982
[05/11 10:16:48] train_auroc: 0.954
[05/11 10:16:53] Summary name val_6-way-5-shot_tpr@tnr95 is illegal; using val_6-way-5-shot_tpr_tnr95 instead.
[05/11 10:16:53] val_6-way-5-shot_acc: 44.428	0.729
[05/11 10:16:53] val_6-way-5-shot_auroc: 45.215	1.262
[05/11 10:16:53] val_6-way-5-shot_fscore: 39.395	0.856
[05/11 10:16:53] val_6-way-5-shot_tpr@tnr95: 5.085	0.577
[05/11 10:16:53] val_6-way-5-shot_osr: 49.339	0.294
[05/11 10:17:21] 
[05/11 10:17:21] epoch 6/20, iter 2400:
[05/11 10:17:21] train_loss: 0.89810
[05/11 10:17:21] train_acc: 0.995
[05/11 10:17:21] train_auroc: 0.980
[05/11 10:17:26] Summary name val_6-way-5-shot_tpr@tnr95 is illegal; using val_6-way-5-shot_tpr_tnr95 instead.
[05/11 10:17:26] val_6-way-5-shot_acc: 43.567	0.738
[05/11 10:17:26] val_6-way-5-shot_auroc: 45.268	1.300
[05/11 10:17:26] val_6-way-5-shot_fscore: 39.302	0.884
[05/11 10:17:26] val_6-way-5-shot_tpr@tnr95: 5.607	0.631
[05/11 10:17:26] val_6-way-5-shot_osr: 49.556	0.321
[05/11 10:17:27] BEST OSR Score!
[05/11 10:17:55] 
[05/11 10:17:55] epoch 7/20, iter 2800:
[05/11 10:17:55] train_loss: 0.81008
[05/11 10:17:55] train_acc: 0.999
[05/11 10:17:55] train_auroc: 0.990
[05/11 10:18:00] Summary name val_6-way-5-shot_tpr@tnr95 is illegal; using val_6-way-5-shot_tpr_tnr95 instead.
[05/11 10:18:00] val_6-way-5-shot_acc: 42.450	0.746
[05/11 10:18:00] val_6-way-5-shot_auroc: 45.204	1.301
[05/11 10:18:00] val_6-way-5-shot_fscore: 39.302	0.839
[05/11 10:18:00] val_6-way-5-shot_tpr@tnr95: 5.467	0.615
[05/11 10:18:00] val_6-way-5-shot_osr: 49.499	0.314
[05/11 10:18:28] 
[05/11 10:18:28] epoch 8/20, iter 3200:
[05/11 10:18:28] train_loss: 0.74394
[05/11 10:18:28] train_acc: 1.000
[05/11 10:18:28] train_auroc: 0.995
[05/11 10:18:33] Summary name val_6-way-5-shot_tpr@tnr95 is illegal; using val_6-way-5-shot_tpr_tnr95 instead.
[05/11 10:18:33] val_6-way-5-shot_acc: 41.644	0.718
[05/11 10:18:33] val_6-way-5-shot_auroc: 45.661	1.297
[05/11 10:18:33] val_6-way-5-shot_fscore: 39.784	0.844
[05/11 10:18:33] val_6-way-5-shot_tpr@tnr95: 5.133	0.585
[05/11 10:18:33] val_6-way-5-shot_osr: 49.444	0.306
[05/11 10:19:00] 
[05/11 10:19:00] epoch 9/20, iter 3600:
[05/11 10:19:00] train_loss: 0.69018
[05/11 10:19:00] train_acc: 1.000
[05/11 10:19:00] train_auroc: 0.995
[05/11 10:19:05] Summary name val_6-way-5-shot_tpr@tnr95 is illegal; using val_6-way-5-shot_tpr_tnr95 instead.
[05/11 10:19:05] val_6-way-5-shot_acc: 40.650	0.710
[05/11 10:19:05] val_6-way-5-shot_auroc: 46.061	1.301
[05/11 10:19:05] val_6-way-5-shot_fscore: 40.317	0.829
[05/11 10:19:05] val_6-way-5-shot_tpr@tnr95: 5.585	0.556
[05/11 10:19:05] val_6-way-5-shot_osr: 49.680	0.297
[05/11 10:19:06] BEST OSR Score!
[05/11 10:19:33] 
[05/11 10:19:33] epoch 10/20, iter 4000:
[05/11 10:19:33] train_loss: 0.64252
[05/11 10:19:33] train_acc: 1.000
[05/11 10:19:33] train_auroc: 0.995
[05/11 10:19:38] Summary name val_6-way-5-shot_tpr@tnr95 is illegal; using val_6-way-5-shot_tpr_tnr95 instead.
[05/11 10:19:38] val_6-way-5-shot_acc: 40.172	0.737
[05/11 10:19:38] val_6-way-5-shot_auroc: 45.990	1.276
[05/11 10:19:38] val_6-way-5-shot_fscore: 40.199	0.839
[05/11 10:19:38] val_6-way-5-shot_tpr@tnr95: 5.643	0.577
[05/11 10:19:38] val_6-way-5-shot_osr: 49.647	0.310
[05/11 10:20:05] 
[05/11 10:20:05] epoch 11/20, iter 4400:
[05/11 10:20:05] train_loss: 0.61329
[05/11 10:20:05] train_acc: 1.000
[05/11 10:20:05] train_auroc: 0.995
[05/11 10:20:10] Summary name val_6-way-5-shot_tpr@tnr95 is illegal; using val_6-way-5-shot_tpr_tnr95 instead.
[05/11 10:20:10] val_6-way-5-shot_acc: 40.128	0.767
[05/11 10:20:10] val_6-way-5-shot_auroc: 46.486	1.305
[05/11 10:20:10] val_6-way-5-shot_fscore: 40.157	0.851
[05/11 10:20:10] val_6-way-5-shot_tpr@tnr95: 6.062	0.606
[05/11 10:20:10] val_6-way-5-shot_osr: 49.825	0.316
[05/11 10:20:10] BEST OSR Score!
[05/11 10:20:37] 
[05/11 10:20:37] epoch 12/20, iter 4800:
[05/11 10:20:37] train_loss: 0.60758
[05/11 10:20:37] train_acc: 1.000
[05/11 10:20:37] train_auroc: 0.995
[05/11 10:20:42] Summary name val_6-way-5-shot_tpr@tnr95 is illegal; using val_6-way-5-shot_tpr_tnr95 instead.
[05/11 10:20:42] val_6-way-5-shot_acc: 40.222	0.766
[05/11 10:20:42] val_6-way-5-shot_auroc: 46.444	1.300
[05/11 10:20:42] val_6-way-5-shot_fscore: 40.174	0.867
[05/11 10:20:42] val_6-way-5-shot_tpr@tnr95: 6.162	0.616
[05/11 10:20:42] val_6-way-5-shot_osr: 49.888	0.317
[05/11 10:20:43] BEST OSR Score!
[05/11 10:21:11] 
[05/11 10:21:11] epoch 13/20, iter 5200:
[05/11 10:21:11] train_loss: 0.60292
[05/11 10:21:11] train_acc: 1.000
[05/11 10:21:11] train_auroc: 0.995
[05/11 10:21:16] Summary name val_6-way-5-shot_tpr@tnr95 is illegal; using val_6-way-5-shot_tpr_tnr95 instead.
[05/11 10:21:16] val_6-way-5-shot_acc: 40.233	0.765
[05/11 10:21:16] val_6-way-5-shot_auroc: 46.387	1.298
[05/11 10:21:16] val_6-way-5-shot_fscore: 40.267	0.864
[05/11 10:21:16] val_6-way-5-shot_tpr@tnr95: 6.143	0.611
[05/11 10:21:16] val_6-way-5-shot_osr: 49.883	0.313
[05/11 10:21:44] 
[05/11 10:21:44] epoch 14/20, iter 5600:
[05/11 10:21:44] train_loss: 0.59844
[05/11 10:21:44] train_acc: 1.000
[05/11 10:21:44] train_auroc: 0.995
[05/11 10:21:49] Summary name val_6-way-5-shot_tpr@tnr95 is illegal; using val_6-way-5-shot_tpr_tnr95 instead.
[05/11 10:21:49] val_6-way-5-shot_acc: 40.189	0.759
[05/11 10:21:49] val_6-way-5-shot_auroc: 46.324	1.297
[05/11 10:21:49] val_6-way-5-shot_fscore: 40.216	0.866
[05/11 10:21:49] val_6-way-5-shot_tpr@tnr95: 6.062	0.600
[05/11 10:21:49] val_6-way-5-shot_osr: 49.858	0.305
[05/11 10:22:18] 
[05/11 10:22:18] epoch 15/20, iter 6000:
[05/11 10:22:18] train_loss: 0.59410
[05/11 10:22:18] train_acc: 1.000
[05/11 10:22:18] train_auroc: 0.995
[05/11 10:22:23] Summary name val_6-way-5-shot_tpr@tnr95 is illegal; using val_6-way-5-shot_tpr_tnr95 instead.
[05/11 10:22:23] val_6-way-5-shot_acc: 40.044	0.753
[05/11 10:22:23] val_6-way-5-shot_auroc: 46.283	1.292
[05/11 10:22:23] val_6-way-5-shot_fscore: 40.182	0.861
[05/11 10:22:23] val_6-way-5-shot_tpr@tnr95: 5.972	0.594
[05/11 10:22:23] val_6-way-5-shot_osr: 49.816	0.302
[05/11 10:22:51] 
[05/11 10:22:51] epoch 16/20, iter 6400:
[05/11 10:22:51] train_loss: 0.58982
[05/11 10:22:51] train_acc: 1.000
[05/11 10:22:51] train_auroc: 0.995
[05/11 10:22:56] Summary name val_6-way-5-shot_tpr@tnr95 is illegal; using val_6-way-5-shot_tpr_tnr95 instead.
[05/11 10:22:56] val_6-way-5-shot_acc: 40.039	0.748
[05/11 10:22:56] val_6-way-5-shot_auroc: 46.201	1.287
[05/11 10:22:56] val_6-way-5-shot_fscore: 40.174	0.872
[05/11 10:22:56] val_6-way-5-shot_tpr@tnr95: 5.898	0.583
[05/11 10:22:56] val_6-way-5-shot_osr: 49.782	0.296
[05/11 10:23:24] 
[05/11 10:23:24] epoch 17/20, iter 6800:
[05/11 10:23:24] train_loss: 0.58559
[05/11 10:23:24] train_acc: 1.000
[05/11 10:23:24] train_auroc: 0.995
[05/11 10:23:29] Summary name val_6-way-5-shot_tpr@tnr95 is illegal; using val_6-way-5-shot_tpr_tnr95 instead.
[05/11 10:23:29] val_6-way-5-shot_acc: 40.056	0.755
[05/11 10:23:29] val_6-way-5-shot_auroc: 46.156	1.284
[05/11 10:23:29] val_6-way-5-shot_fscore: 40.140	0.868
[05/11 10:23:29] val_6-way-5-shot_tpr@tnr95: 5.795	0.582
[05/11 10:23:29] val_6-way-5-shot_osr: 49.752	0.298
[05/11 10:23:58] 
[05/11 10:23:58] epoch 18/20, iter 7200:
[05/11 10:23:58] train_loss: 0.58139
[05/11 10:23:58] train_acc: 1.000
[05/11 10:23:58] train_auroc: 0.995
[05/11 10:24:03] Summary name val_6-way-5-shot_tpr@tnr95 is illegal; using val_6-way-5-shot_tpr_tnr95 instead.
[05/11 10:24:03] val_6-way-5-shot_acc: 39.972	0.760
[05/11 10:24:03] val_6-way-5-shot_auroc: 46.079	1.283
[05/11 10:24:03] val_6-way-5-shot_fscore: 40.131	0.879
[05/11 10:24:03] val_6-way-5-shot_tpr@tnr95: 5.668	0.573
[05/11 10:24:03] val_6-way-5-shot_osr: 49.684	0.294
[05/11 10:24:31] 
[05/11 10:24:31] epoch 19/20, iter 7600:
[05/11 10:24:31] train_loss: 0.57858
[05/11 10:24:31] train_acc: 1.000
[05/11 10:24:31] train_auroc: 0.995
[05/11 10:24:36] Summary name val_6-way-5-shot_tpr@tnr95 is illegal; using val_6-way-5-shot_tpr_tnr95 instead.
[05/11 10:24:36] val_6-way-5-shot_acc: 40.044	0.750
[05/11 10:24:36] val_6-way-5-shot_auroc: 46.035	1.284
[05/11 10:24:36] val_6-way-5-shot_fscore: 40.106	0.882
[05/11 10:24:36] val_6-way-5-shot_tpr@tnr95: 5.583	0.556
[05/11 10:24:36] val_6-way-5-shot_osr: 49.647	0.287
[05/11 10:25:04] 
[05/11 10:25:04] epoch 20/20, iter 8000:
[05/11 10:25:04] train_loss: 0.57800
[05/11 10:25:04] train_acc: 1.000
[05/11 10:25:04] train_auroc: 0.995
[05/11 10:25:10] Summary name val_6-way-5-shot_tpr@tnr95 is illegal; using val_6-way-5-shot_tpr_tnr95 instead.
[05/11 10:25:10] val_6-way-5-shot_acc: 40.044	0.757
[05/11 10:25:10] val_6-way-5-shot_auroc: 46.035	1.287
[05/11 10:25:10] val_6-way-5-shot_fscore: 40.106	0.886
[05/11 10:25:10] val_6-way-5-shot_tpr@tnr95: 5.575	0.550
[05/11 10:25:10] val_6-way-5-shot_osr: 49.630	0.286
[05/11 10:25:10] training finished!
[05/11 10:25:10] ------------------------
[05/11 10:25:10] the best epoch is 12/20
[05/11 10:25:10] the best 6-way 5-shot val acc is 45.178
[05/11 10:26:15] start training!
[05/11 10:26:44] 
[05/11 10:26:44] epoch 1/20, iter 400:
[05/11 10:26:44] train_loss: 2.37649
[05/11 10:26:44] train_acc: 0.504
[05/11 10:26:44] train_auroc: 0.604
[05/11 10:26:51] Summary name val_6-way-5-shot_tpr@tnr95 is illegal; using val_6-way-5-shot_tpr_tnr95 instead.
[05/11 10:26:51] val_6-way-5-shot_acc: 42.889	0.695
[05/11 10:26:51] val_6-way-5-shot_auroc: 50.291	0.946
[05/11 10:26:51] val_6-way-5-shot_fscore: 48.943	0.747
[05/11 10:26:51] val_6-way-5-shot_tpr@tnr95: 4.812	0.566
[05/11 10:26:51] val_6-way-5-shot_osr: 49.278	0.292
[05/11 10:26:51] BEST ACC!
[05/11 10:26:51] BEST Auroc!
[05/11 10:26:51] BEST Fscore!
[05/11 10:26:51] BEST OSR Score!
[05/11 10:27:20] 
[05/11 10:27:20] epoch 2/20, iter 800:
[05/11 10:27:20] train_loss: 1.78704
[05/11 10:27:20] train_acc: 0.695
[05/11 10:27:20] train_auroc: 0.697
[05/11 10:27:25] Summary name val_6-way-5-shot_tpr@tnr95 is illegal; using val_6-way-5-shot_tpr_tnr95 instead.
[05/11 10:27:25] val_6-way-5-shot_acc: 45.267	0.707
[05/11 10:27:25] val_6-way-5-shot_auroc: 44.688	1.048
[05/11 10:27:25] val_6-way-5-shot_fscore: 44.909	0.848
[05/11 10:27:25] val_6-way-5-shot_tpr@tnr95: 3.114	0.446
[05/11 10:27:25] val_6-way-5-shot_osr: 48.290	0.237
[05/11 10:27:25] BEST ACC!
[05/11 10:27:53] 
[05/11 10:27:53] epoch 3/20, iter 1200:
[05/11 10:27:53] train_loss: 1.43701
[05/11 10:27:53] train_acc: 0.848
[05/11 10:27:53] train_auroc: 0.802
[05/11 10:27:59] Summary name val_6-way-5-shot_tpr@tnr95 is illegal; using val_6-way-5-shot_tpr_tnr95 instead.
[05/11 10:27:59] val_6-way-5-shot_acc: 45.294	0.666
[05/11 10:27:59] val_6-way-5-shot_auroc: 43.781	1.063
[05/11 10:27:59] val_6-way-5-shot_fscore: 44.007	0.799
[05/11 10:27:59] val_6-way-5-shot_tpr@tnr95: 3.527	0.437
[05/11 10:27:59] val_6-way-5-shot_osr: 48.496	0.225
[05/11 10:27:59] BEST ACC!
[05/11 10:28:27] 
[05/11 10:28:27] epoch 4/20, iter 1600:
[05/11 10:28:27] train_loss: 1.18322
[05/11 10:28:27] train_acc: 0.942
[05/11 10:28:27] train_auroc: 0.898
[05/11 10:28:33] Summary name val_6-way-5-shot_tpr@tnr95 is illegal; using val_6-way-5-shot_tpr_tnr95 instead.
[05/11 10:28:33] val_6-way-5-shot_acc: 44.711	0.654
[05/11 10:28:33] val_6-way-5-shot_auroc: 43.984	1.072
[05/11 10:28:33] val_6-way-5-shot_fscore: 44.290	0.757
[05/11 10:28:33] val_6-way-5-shot_tpr@tnr95: 3.945	0.469
[05/11 10:28:33] val_6-way-5-shot_osr: 48.717	0.245
[05/11 10:29:00] 
[05/11 10:29:00] epoch 5/20, iter 2000:
[05/11 10:29:00] train_loss: 1.01919
[05/11 10:29:00] train_acc: 0.981
[05/11 10:29:00] train_auroc: 0.954
[05/11 10:29:06] Summary name val_6-way-5-shot_tpr@tnr95 is illegal; using val_6-way-5-shot_tpr_tnr95 instead.
[05/11 10:29:06] val_6-way-5-shot_acc: 44.044	0.665
[05/11 10:29:06] val_6-way-5-shot_auroc: 45.022	1.090
[05/11 10:29:06] val_6-way-5-shot_fscore: 45.266	0.778
[05/11 10:29:06] val_6-way-5-shot_tpr@tnr95: 4.479	0.505
[05/11 10:29:06] val_6-way-5-shot_osr: 49.061	0.264
[05/11 10:29:33] 
[05/11 10:29:33] epoch 6/20, iter 2400:
[05/11 10:29:33] train_loss: 0.90199
[05/11 10:29:33] train_acc: 0.996
[05/11 10:29:33] train_auroc: 0.980
[05/11 10:29:39] Summary name val_6-way-5-shot_tpr@tnr95 is illegal; using val_6-way-5-shot_tpr_tnr95 instead.
[05/11 10:29:39] val_6-way-5-shot_acc: 42.750	0.699
[05/11 10:29:39] val_6-way-5-shot_auroc: 45.564	1.117
[05/11 10:29:39] val_6-way-5-shot_fscore: 45.481	0.798
[05/11 10:29:39] val_6-way-5-shot_tpr@tnr95: 5.010	0.512
[05/11 10:29:39] val_6-way-5-shot_osr: 49.354	0.257
[05/11 10:29:39] BEST OSR Score!
[05/11 10:30:06] 
[05/11 10:30:06] epoch 7/20, iter 2800:
[05/11 10:30:06] train_loss: 0.81600
[05/11 10:30:06] train_acc: 0.999
[05/11 10:30:06] train_auroc: 0.990
[05/11 10:30:12] Summary name val_6-way-5-shot_tpr@tnr95 is illegal; using val_6-way-5-shot_tpr_tnr95 instead.
[05/11 10:30:12] val_6-way-5-shot_acc: 41.667	0.689
[05/11 10:30:12] val_6-way-5-shot_auroc: 46.104	1.130
[05/11 10:30:12] val_6-way-5-shot_fscore: 45.926	0.833
[05/11 10:30:12] val_6-way-5-shot_tpr@tnr95: 5.094	0.482
[05/11 10:30:12] val_6-way-5-shot_osr: 49.382	0.236
[05/11 10:30:12] BEST OSR Score!
[05/11 10:30:39] 
[05/11 10:30:39] epoch 8/20, iter 3200:
[05/11 10:30:39] train_loss: 0.75075
[05/11 10:30:39] train_acc: 1.000
[05/11 10:30:39] train_auroc: 0.994
[05/11 10:30:45] Summary name val_6-way-5-shot_tpr@tnr95 is illegal; using val_6-way-5-shot_tpr_tnr95 instead.
[05/11 10:30:45] val_6-way-5-shot_acc: 40.894	0.700
[05/11 10:30:45] val_6-way-5-shot_auroc: 46.526	1.147
[05/11 10:30:45] val_6-way-5-shot_fscore: 46.471	0.867
[05/11 10:30:45] val_6-way-5-shot_tpr@tnr95: 5.217	0.443
[05/11 10:30:45] val_6-way-5-shot_osr: 49.439	0.225
[05/11 10:30:45] BEST OSR Score!
[05/11 10:31:13] 
[05/11 10:31:13] epoch 9/20, iter 3600:
[05/11 10:31:13] train_loss: 0.69631
[05/11 10:31:13] train_acc: 1.000
[05/11 10:31:13] train_auroc: 0.996
[05/11 10:31:18] Summary name val_6-way-5-shot_tpr@tnr95 is illegal; using val_6-way-5-shot_tpr_tnr95 instead.
[05/11 10:31:18] val_6-way-5-shot_acc: 40.067	0.707
[05/11 10:31:18] val_6-way-5-shot_auroc: 46.391	1.160
[05/11 10:31:18] val_6-way-5-shot_fscore: 46.593	0.921
[05/11 10:31:18] val_6-way-5-shot_tpr@tnr95: 4.918	0.449
[05/11 10:31:18] val_6-way-5-shot_osr: 49.315	0.217
[05/11 10:31:46] 
[05/11 10:31:46] epoch 10/20, iter 4000:
[05/11 10:31:46] train_loss: 0.64570
[05/11 10:31:46] train_acc: 1.000
[05/11 10:31:46] train_auroc: 0.995
[05/11 10:31:51] Summary name val_6-way-5-shot_tpr@tnr95 is illegal; using val_6-way-5-shot_tpr_tnr95 instead.
[05/11 10:31:51] val_6-way-5-shot_acc: 39.244	0.692
[05/11 10:31:51] val_6-way-5-shot_auroc: 46.112	1.165
[05/11 10:31:51] val_6-way-5-shot_fscore: 46.519	0.859
[05/11 10:31:51] val_6-way-5-shot_tpr@tnr95: 5.298	0.465
[05/11 10:31:51] val_6-way-5-shot_osr: 49.419	0.239
[05/11 10:32:19] 
[05/11 10:32:19] epoch 11/20, iter 4400:
[05/11 10:32:19] train_loss: 0.61320
[05/11 10:32:19] train_acc: 1.000
[05/11 10:32:19] train_auroc: 0.996
[05/11 10:32:24] Summary name val_6-way-5-shot_tpr@tnr95 is illegal; using val_6-way-5-shot_tpr_tnr95 instead.
[05/11 10:32:24] val_6-way-5-shot_acc: 39.400	0.705
[05/11 10:32:24] val_6-way-5-shot_auroc: 46.265	1.167
[05/11 10:32:24] val_6-way-5-shot_fscore: 46.828	0.875
[05/11 10:32:24] val_6-way-5-shot_tpr@tnr95: 5.147	0.474
[05/11 10:32:24] val_6-way-5-shot_osr: 49.401	0.244
[05/11 10:32:52] 
[05/11 10:32:52] epoch 12/20, iter 4800:
[05/11 10:32:52] train_loss: 0.60662
[05/11 10:32:52] train_acc: 1.000
[05/11 10:32:52] train_auroc: 0.995
[05/11 10:32:57] Summary name val_6-way-5-shot_tpr@tnr95 is illegal; using val_6-way-5-shot_tpr_tnr95 instead.
[05/11 10:32:57] val_6-way-5-shot_acc: 39.378	0.701
[05/11 10:32:57] val_6-way-5-shot_auroc: 46.194	1.166
[05/11 10:32:57] val_6-way-5-shot_fscore: 46.741	0.878
[05/11 10:32:57] val_6-way-5-shot_tpr@tnr95: 5.094	0.468
[05/11 10:32:57] val_6-way-5-shot_osr: 49.366	0.238
[05/11 10:33:25] 
[05/11 10:33:25] epoch 13/20, iter 5200:
[05/11 10:33:25] train_loss: 0.60132
[05/11 10:33:25] train_acc: 1.000
[05/11 10:33:25] train_auroc: 0.995
[05/11 10:33:31] Summary name val_6-way-5-shot_tpr@tnr95 is illegal; using val_6-way-5-shot_tpr_tnr95 instead.
[05/11 10:33:31] val_6-way-5-shot_acc: 39.278	0.691
[05/11 10:33:31] val_6-way-5-shot_auroc: 46.128	1.165
[05/11 10:33:31] val_6-way-5-shot_fscore: 46.673	0.875
[05/11 10:33:31] val_6-way-5-shot_tpr@tnr95: 5.062	0.459
[05/11 10:33:31] val_6-way-5-shot_osr: 49.342	0.234
[05/11 10:33:59] 
[05/11 10:33:59] epoch 14/20, iter 5600:
[05/11 10:33:59] train_loss: 0.59625
[05/11 10:33:59] train_acc: 1.000
[05/11 10:33:59] train_auroc: 0.995
[05/11 10:34:04] Summary name val_6-way-5-shot_tpr@tnr95 is illegal; using val_6-way-5-shot_tpr_tnr95 instead.
[05/11 10:34:04] val_6-way-5-shot_acc: 39.150	0.689
[05/11 10:34:04] val_6-way-5-shot_auroc: 46.083	1.162
[05/11 10:34:04] val_6-way-5-shot_fscore: 46.667	0.876
[05/11 10:34:04] val_6-way-5-shot_tpr@tnr95: 5.018	0.465
[05/11 10:34:04] val_6-way-5-shot_osr: 49.304	0.239
[05/11 10:34:32] 
[05/11 10:34:32] epoch 15/20, iter 6000:
[05/11 10:34:32] train_loss: 0.59138
[05/11 10:34:32] train_acc: 1.000
[05/11 10:34:32] train_auroc: 0.995
[05/11 10:34:38] Summary name val_6-way-5-shot_tpr@tnr95 is illegal; using val_6-way-5-shot_tpr_tnr95 instead.
[05/11 10:34:38] val_6-way-5-shot_acc: 39.128	0.695
[05/11 10:34:38] val_6-way-5-shot_auroc: 46.022	1.164
[05/11 10:34:38] val_6-way-5-shot_fscore: 46.680	0.871
[05/11 10:34:38] val_6-way-5-shot_tpr@tnr95: 4.953	0.464
[05/11 10:34:38] val_6-way-5-shot_osr: 49.246	0.237
[05/11 10:35:06] 
[05/11 10:35:06] epoch 16/20, iter 6400:
[05/11 10:35:06] train_loss: 0.58658
[05/11 10:35:06] train_acc: 1.000
[05/11 10:35:06] train_auroc: 0.995
[05/11 10:35:12] Summary name val_6-way-5-shot_tpr@tnr95 is illegal; using val_6-way-5-shot_tpr_tnr95 instead.
[05/11 10:35:12] val_6-way-5-shot_acc: 39.183	0.698
[05/11 10:35:12] val_6-way-5-shot_auroc: 45.970	1.164
[05/11 10:35:12] val_6-way-5-shot_fscore: 46.673	0.872
[05/11 10:35:12] val_6-way-5-shot_tpr@tnr95: 4.923	0.466
[05/11 10:35:12] val_6-way-5-shot_osr: 49.233	0.241
[05/11 10:35:40] 
[05/11 10:35:40] epoch 17/20, iter 6800:
[05/11 10:35:40] train_loss: 0.58190
[05/11 10:35:40] train_acc: 1.000
[05/11 10:35:40] train_auroc: 0.995
[05/11 10:35:45] Summary name val_6-way-5-shot_tpr@tnr95 is illegal; using val_6-way-5-shot_tpr_tnr95 instead.
[05/11 10:35:45] val_6-way-5-shot_acc: 39.089	0.698
[05/11 10:35:45] val_6-way-5-shot_auroc: 45.945	1.164
[05/11 10:35:45] val_6-way-5-shot_fscore: 46.673	0.871
[05/11 10:35:45] val_6-way-5-shot_tpr@tnr95: 4.877	0.471
[05/11 10:35:45] val_6-way-5-shot_osr: 49.209	0.243
[05/11 10:36:13] 
[05/11 10:36:13] epoch 18/20, iter 7200:
[05/11 10:36:13] train_loss: 0.57729
[05/11 10:36:13] train_acc: 1.000
[05/11 10:36:13] train_auroc: 0.995
[05/11 10:36:19] Summary name val_6-way-5-shot_tpr@tnr95 is illegal; using val_6-way-5-shot_tpr_tnr95 instead.
[05/11 10:36:19] val_6-way-5-shot_acc: 38.961	0.694
[05/11 10:36:19] val_6-way-5-shot_auroc: 45.908	1.161
[05/11 10:36:19] val_6-way-5-shot_fscore: 46.586	0.874
[05/11 10:36:19] val_6-way-5-shot_tpr@tnr95: 4.785	0.467
[05/11 10:36:19] val_6-way-5-shot_osr: 49.149	0.238
[05/11 10:36:46] 
[05/11 10:36:46] epoch 19/20, iter 7600:
[05/11 10:36:46] train_loss: 0.57411
[05/11 10:36:46] train_acc: 1.000
[05/11 10:36:46] train_auroc: 0.995
[05/11 10:36:51] Summary name val_6-way-5-shot_tpr@tnr95 is illegal; using val_6-way-5-shot_tpr_tnr95 instead.
[05/11 10:36:51] val_6-way-5-shot_acc: 38.989	0.697
[05/11 10:36:51] val_6-way-5-shot_auroc: 45.926	1.163
[05/11 10:36:51] val_6-way-5-shot_fscore: 46.667	0.877
[05/11 10:36:51] val_6-way-5-shot_tpr@tnr95: 4.822	0.470
[05/11 10:36:51] val_6-way-5-shot_osr: 49.181	0.239
[05/11 10:37:19] 
[05/11 10:37:19] epoch 20/20, iter 8000:
[05/11 10:37:19] train_loss: 0.57352
[05/11 10:37:19] train_acc: 1.000
[05/11 10:37:19] train_auroc: 0.995
[05/11 10:37:24] Summary name val_6-way-5-shot_tpr@tnr95 is illegal; using val_6-way-5-shot_tpr_tnr95 instead.
[05/11 10:37:24] val_6-way-5-shot_acc: 38.944	0.698
[05/11 10:37:24] val_6-way-5-shot_auroc: 45.916	1.163
[05/11 10:37:24] val_6-way-5-shot_fscore: 46.673	0.875
[05/11 10:37:24] val_6-way-5-shot_tpr@tnr95: 4.822	0.467
[05/11 10:37:24] val_6-way-5-shot_osr: 49.186	0.239
[05/11 10:37:24] training finished!
[05/11 10:37:24] ------------------------
[05/11 10:37:24] the best epoch is 8/20
[05/11 10:37:24] the best 6-way 5-shot val acc is 45.294
