[04/26 12:01:53] start training!
[04/26 12:02:22] 
[04/26 12:02:22] epoch 1/50, iter 400:
[04/26 12:02:22] train_loss: 3.27999
[04/26 12:02:22] train_acc: 0.600
[04/26 12:02:22] train_auroc: 0.510
[04/26 12:02:28] val_5-way-5-shot_acc: 64.300	1.705
[04/26 12:02:28] val_5-way-5-shot_auroc: 55.119	1.527
[04/26 12:02:28] val_5-way-5-shot_fscore: 35.172	0.298
[04/26 12:02:28] BEST ACC!
[04/26 12:02:28] BEST Auroc!
[04/26 12:02:28] BEST Fscore!
[04/26 12:02:53] 
[04/26 12:02:53] epoch 2/50, iter 800:
[04/26 12:02:53] train_loss: 2.52055
[04/26 12:02:53] train_acc: 0.707
[04/26 12:02:53] train_auroc: 0.509
[04/26 12:02:58] val_5-way-5-shot_acc: 65.467	1.794
[04/26 12:02:58] val_5-way-5-shot_auroc: 54.571	1.651
[04/26 12:02:58] val_5-way-5-shot_fscore: 35.107	0.300
[04/26 12:02:58] BEST ACC!
[04/26 12:03:23] 
[04/26 12:03:23] epoch 3/50, iter 1200:
[04/26 12:03:23] train_loss: 2.02329
[04/26 12:03:23] train_acc: 0.755
[04/26 12:03:23] train_auroc: 0.516
[04/26 12:03:28] val_5-way-5-shot_acc: 65.950	1.741
[04/26 12:03:28] val_5-way-5-shot_auroc: 55.911	1.551
[04/26 12:03:28] val_5-way-5-shot_fscore: 35.129	0.300
[04/26 12:03:29] BEST ACC!
[04/26 12:03:29] BEST Auroc!
[04/26 12:03:55] 
[04/26 12:03:55] epoch 4/50, iter 1600:
[04/26 12:03:55] train_loss: 1.86090
[04/26 12:03:55] train_acc: 0.793
[04/26 12:03:55] train_auroc: 0.520
[04/26 12:04:00] val_5-way-5-shot_acc: 66.267	1.768
[04/26 12:04:00] val_5-way-5-shot_auroc: 55.970	1.583
[04/26 12:04:00] val_5-way-5-shot_fscore: 35.281	0.295
[04/26 12:04:00] BEST ACC!
[04/26 12:04:00] BEST Auroc!
[04/26 12:04:00] BEST Fscore!
[04/26 12:04:27] 
[04/26 12:04:27] epoch 5/50, iter 2000:
[04/26 12:04:27] train_loss: 1.79655
[04/26 12:04:27] train_acc: 0.822
[04/26 12:04:27] train_auroc: 0.527
[04/26 12:04:32] val_5-way-5-shot_acc: 66.667	1.718
[04/26 12:04:32] val_5-way-5-shot_auroc: 56.276	1.572
[04/26 12:04:32] val_5-way-5-shot_fscore: 35.281	0.295
[04/26 12:04:32] BEST ACC!
[04/26 12:04:33] BEST Auroc!
[04/26 12:04:58] 
[04/26 12:04:58] epoch 6/50, iter 2400:
[04/26 12:04:58] train_loss: 1.74835
[04/26 12:04:58] train_acc: 0.844
[04/26 12:04:58] train_auroc: 0.535
[04/26 12:05:03] val_5-way-5-shot_acc: 66.700	1.672
[04/26 12:05:03] val_5-way-5-shot_auroc: 56.413	1.581
[04/26 12:05:03] val_5-way-5-shot_fscore: 35.150	0.299
[04/26 12:05:03] BEST ACC!
[04/26 12:05:03] BEST Auroc!
[04/26 12:05:28] 
[04/26 12:05:28] epoch 7/50, iter 2800:
[04/26 12:05:28] train_loss: 1.70412
[04/26 12:05:28] train_acc: 0.863
[04/26 12:05:28] train_auroc: 0.539
[04/26 12:05:33] val_5-way-5-shot_acc: 66.533	1.651
[04/26 12:05:33] val_5-way-5-shot_auroc: 56.664	1.579
[04/26 12:05:33] val_5-way-5-shot_fscore: 35.020	0.302
[04/26 12:05:33] BEST Auroc!
[04/26 12:05:59] 
[04/26 12:05:59] epoch 8/50, iter 3200:
[04/26 12:05:59] train_loss: 1.66200
[04/26 12:05:59] train_acc: 0.881
[04/26 12:05:59] train_auroc: 0.544
[04/26 12:06:04] val_5-way-5-shot_acc: 66.150	1.651
[04/26 12:06:04] val_5-way-5-shot_auroc: 56.848	1.576
[04/26 12:06:04] val_5-way-5-shot_fscore: 35.042	0.301
[04/26 12:06:04] BEST Auroc!
[04/26 12:06:29] 
[04/26 12:06:29] epoch 9/50, iter 3600:
[04/26 12:06:29] train_loss: 1.62113
[04/26 12:06:29] train_acc: 0.896
[04/26 12:06:29] train_auroc: 0.545
[04/26 12:06:34] val_5-way-5-shot_acc: 66.333	1.641
[04/26 12:06:34] val_5-way-5-shot_auroc: 57.010	1.570
[04/26 12:06:34] val_5-way-5-shot_fscore: 35.063	0.301
[04/26 12:06:34] BEST Auroc!
[04/26 12:07:01] 
[04/26 12:07:01] epoch 10/50, iter 4000:
[04/26 12:07:01] train_loss: 1.57919
[04/26 12:07:01] train_acc: 0.908
[04/26 12:07:01] train_auroc: 0.549
[04/26 12:07:06] val_5-way-5-shot_acc: 66.167	1.625
[04/26 12:07:06] val_5-way-5-shot_auroc: 57.103	1.570
[04/26 12:07:06] val_5-way-5-shot_fscore: 35.063	0.301
[04/26 12:07:06] BEST Auroc!
[04/26 12:07:31] 
[04/26 12:07:31] epoch 11/50, iter 4400:
[04/26 12:07:31] train_loss: 1.53686
[04/26 12:07:31] train_acc: 0.918
[04/26 12:07:31] train_auroc: 0.554
[04/26 12:07:36] val_5-way-5-shot_acc: 66.100	1.616
[04/26 12:07:36] val_5-way-5-shot_auroc: 57.144	1.579
[04/26 12:07:36] val_5-way-5-shot_fscore: 35.063	0.301
[04/26 12:07:36] BEST Auroc!
[04/26 12:08:01] 
[04/26 12:08:01] epoch 12/50, iter 4800:
[04/26 12:08:01] train_loss: 1.49385
[04/26 12:08:01] train_acc: 0.927
[04/26 12:08:01] train_auroc: 0.558
[04/26 12:08:06] val_5-way-5-shot_acc: 66.133	1.609
[04/26 12:08:06] val_5-way-5-shot_auroc: 57.056	1.583
[04/26 12:08:06] val_5-way-5-shot_fscore: 35.172	0.298
[04/26 12:08:31] 
[04/26 12:08:31] epoch 13/50, iter 5200:
[04/26 12:08:31] train_loss: 1.45047
[04/26 12:08:31] train_acc: 0.933
[04/26 12:08:31] train_auroc: 0.564
[04/26 12:08:37] val_5-way-5-shot_acc: 66.167	1.647
[04/26 12:08:37] val_5-way-5-shot_auroc: 57.005	1.604
[04/26 12:08:37] val_5-way-5-shot_fscore: 35.150	0.299
[04/26 12:09:02] 
[04/26 12:09:02] epoch 14/50, iter 5600:
[04/26 12:09:02] train_loss: 1.40530
[04/26 12:09:02] train_acc: 0.942
[04/26 12:09:02] train_auroc: 0.562
[04/26 12:09:07] val_5-way-5-shot_acc: 65.867	1.639
[04/26 12:09:07] val_5-way-5-shot_auroc: 57.066	1.616
[04/26 12:09:07] val_5-way-5-shot_fscore: 35.107	0.300
[04/26 12:09:33] 
[04/26 12:09:33] epoch 15/50, iter 6000:
[04/26 12:09:33] train_loss: 1.36109
[04/26 12:09:33] train_acc: 0.948
[04/26 12:09:33] train_auroc: 0.564
[04/26 12:09:38] val_5-way-5-shot_acc: 65.933	1.624
[04/26 12:09:38] val_5-way-5-shot_auroc: 57.002	1.641
[04/26 12:09:38] val_5-way-5-shot_fscore: 35.172	0.298
[04/26 12:10:04] 
[04/26 12:10:04] epoch 16/50, iter 6400:
[04/26 12:10:04] train_loss: 1.34279
[04/26 12:10:04] train_acc: 0.948
[04/26 12:10:04] train_auroc: 0.563
[04/26 12:10:09] val_5-way-5-shot_acc: 65.517	1.622
[04/26 12:10:09] val_5-way-5-shot_auroc: 57.031	1.675
[04/26 12:10:09] val_5-way-5-shot_fscore: 35.063	0.301
[04/26 12:10:35] 
[04/26 12:10:35] epoch 17/50, iter 6800:
[04/26 12:10:35] train_loss: 1.33454
[04/26 12:10:35] train_acc: 0.950
[04/26 12:10:35] train_auroc: 0.563
[04/26 12:10:40] val_5-way-5-shot_acc: 65.400	1.632
[04/26 12:10:40] val_5-way-5-shot_auroc: 57.059	1.675
[04/26 12:10:40] val_5-way-5-shot_fscore: 35.042	0.301
[04/26 12:11:05] 
[04/26 12:11:05] epoch 18/50, iter 7200:
[04/26 12:11:05] train_loss: 1.32708
[04/26 12:11:05] train_acc: 0.951
[04/26 12:11:05] train_auroc: 0.562
[04/26 12:11:10] val_5-way-5-shot_acc: 65.483	1.617
[04/26 12:11:10] val_5-way-5-shot_auroc: 57.048	1.676
[04/26 12:11:10] val_5-way-5-shot_fscore: 35.063	0.301
[04/26 12:11:35] 
[04/26 12:11:35] epoch 19/50, iter 7600:
[04/26 12:11:35] train_loss: 1.32056
[04/26 12:11:35] train_acc: 0.952
[04/26 12:11:35] train_auroc: 0.563
[04/26 12:11:40] val_5-way-5-shot_acc: 65.533	1.626
[04/26 12:11:40] val_5-way-5-shot_auroc: 57.054	1.679
[04/26 12:11:40] val_5-way-5-shot_fscore: 35.042	0.301
[04/26 12:12:07] 
[04/26 12:12:07] epoch 20/50, iter 8000:
[04/26 12:12:07] train_loss: 1.31428
[04/26 12:12:07] train_acc: 0.953
[04/26 12:12:07] train_auroc: 0.562
[04/26 12:12:12] val_5-way-5-shot_acc: 65.517	1.624
[04/26 12:12:12] val_5-way-5-shot_auroc: 57.056	1.685
[04/26 12:12:12] val_5-way-5-shot_fscore: 35.063	0.301
[04/26 12:12:38] 
[04/26 12:12:38] epoch 21/50, iter 8400:
[04/26 12:12:38] train_loss: 1.30874
[04/26 12:12:38] train_acc: 0.954
[04/26 12:12:38] train_auroc: 0.563
[04/26 12:12:43] val_5-way-5-shot_acc: 65.517	1.631
[04/26 12:12:43] val_5-way-5-shot_auroc: 57.061	1.692
[04/26 12:12:43] val_5-way-5-shot_fscore: 35.085	0.301
[04/26 12:13:08] 
[04/26 12:13:08] epoch 22/50, iter 8800:
[04/26 12:13:08] train_loss: 1.30262
[04/26 12:13:08] train_acc: 0.955
[04/26 12:13:08] train_auroc: 0.564
[04/26 12:13:13] val_5-way-5-shot_acc: 65.567	1.645
[04/26 12:13:13] val_5-way-5-shot_auroc: 57.045	1.691
[04/26 12:13:13] val_5-way-5-shot_fscore: 35.085	0.301
[04/26 12:13:39] 
[04/26 12:13:39] epoch 23/50, iter 9200:
[04/26 12:13:39] train_loss: 1.29695
[04/26 12:13:39] train_acc: 0.955
[04/26 12:13:39] train_auroc: 0.563
[04/26 12:13:44] val_5-way-5-shot_acc: 65.483	1.647
[04/26 12:13:44] val_5-way-5-shot_auroc: 57.052	1.693
[04/26 12:13:44] val_5-way-5-shot_fscore: 35.107	0.300
[04/26 12:14:09] 
[04/26 12:14:09] epoch 24/50, iter 9600:
[04/26 12:14:09] train_loss: 1.29130
[04/26 12:14:09] train_acc: 0.956
[04/26 12:14:09] train_auroc: 0.562
[04/26 12:14:14] val_5-way-5-shot_acc: 65.467	1.649
[04/26 12:14:14] val_5-way-5-shot_auroc: 57.047	1.694
[04/26 12:14:14] val_5-way-5-shot_fscore: 35.063	0.301
[04/26 12:14:39] 
[04/26 12:14:39] epoch 25/50, iter 10000:
[04/26 12:14:39] train_loss: 1.28551
[04/26 12:14:39] train_acc: 0.956
[04/26 12:14:39] train_auroc: 0.562
[04/26 12:14:44] val_5-way-5-shot_acc: 65.433	1.652
[04/26 12:14:44] val_5-way-5-shot_auroc: 57.057	1.694
[04/26 12:14:44] val_5-way-5-shot_fscore: 35.085	0.301
[04/26 12:15:10] 
[04/26 12:15:10] epoch 26/50, iter 10400:
[04/26 12:15:10] train_loss: 1.27973
[04/26 12:15:10] train_acc: 0.957
[04/26 12:15:10] train_auroc: 0.563
[04/26 12:15:16] val_5-way-5-shot_acc: 65.433	1.661
[04/26 12:15:16] val_5-way-5-shot_auroc: 57.071	1.695
[04/26 12:15:16] val_5-way-5-shot_fscore: 35.063	0.301
[04/26 12:15:41] 
[04/26 12:15:41] epoch 27/50, iter 10800:
[04/26 12:15:41] train_loss: 1.27466
[04/26 12:15:41] train_acc: 0.958
[04/26 12:15:41] train_auroc: 0.562
[04/26 12:15:46] val_5-way-5-shot_acc: 65.467	1.664
[04/26 12:15:46] val_5-way-5-shot_auroc: 57.070	1.697
[04/26 12:15:46] val_5-way-5-shot_fscore: 35.063	0.301
[04/26 12:16:11] 
[04/26 12:16:11] epoch 28/50, iter 11200:
[04/26 12:16:11] train_loss: 1.26899
[04/26 12:16:11] train_acc: 0.959
[04/26 12:16:11] train_auroc: 0.564
[04/26 12:16:16] val_5-way-5-shot_acc: 65.400	1.650
[04/26 12:16:16] val_5-way-5-shot_auroc: 57.028	1.704
[04/26 12:16:16] val_5-way-5-shot_fscore: 34.998	0.302
[04/26 12:16:42] 
[04/26 12:16:42] epoch 29/50, iter 11600:
[04/26 12:16:42] train_loss: 1.26387
[04/26 12:16:42] train_acc: 0.959
[04/26 12:16:42] train_auroc: 0.561
[04/26 12:16:47] val_5-way-5-shot_acc: 65.300	1.648
[04/26 12:16:47] val_5-way-5-shot_auroc: 57.019	1.704
[04/26 12:16:47] val_5-way-5-shot_fscore: 34.998	0.302
[04/26 12:17:13] 
[04/26 12:17:13] epoch 30/50, iter 12000:
[04/26 12:17:13] train_loss: 1.25812
[04/26 12:17:13] train_acc: 0.960
[04/26 12:17:13] train_auroc: 0.562
[04/26 12:17:18] val_5-way-5-shot_acc: 65.183	1.647
[04/26 12:17:18] val_5-way-5-shot_auroc: 57.021	1.706
[04/26 12:17:18] val_5-way-5-shot_fscore: 34.998	0.302
[04/26 12:17:43] 
[04/26 12:17:43] epoch 31/50, iter 12400:
[04/26 12:17:43] train_loss: 1.25231
[04/26 12:17:43] train_acc: 0.961
[04/26 12:17:43] train_auroc: 0.561
[04/26 12:17:48] val_5-way-5-shot_acc: 65.133	1.665
[04/26 12:17:48] val_5-way-5-shot_auroc: 57.045	1.709
[04/26 12:17:48] val_5-way-5-shot_fscore: 35.042	0.301
[04/26 12:18:14] 
[04/26 12:18:14] epoch 32/50, iter 12800:
[04/26 12:18:14] train_loss: 1.24771
[04/26 12:18:14] train_acc: 0.961
[04/26 12:18:14] train_auroc: 0.561
[04/26 12:18:19] val_5-way-5-shot_acc: 65.017	1.658
[04/26 12:18:19] val_5-way-5-shot_auroc: 57.027	1.710
[04/26 12:18:19] val_5-way-5-shot_fscore: 35.042	0.301
[04/26 12:18:45] 
[04/26 12:18:45] epoch 33/50, iter 13200:
[04/26 12:18:45] train_loss: 1.24247
[04/26 12:18:45] train_acc: 0.961
[04/26 12:18:45] train_auroc: 0.562
[04/26 12:18:50] val_5-way-5-shot_acc: 64.983	1.656
[04/26 12:18:50] val_5-way-5-shot_auroc: 57.023	1.713
[04/26 12:18:50] val_5-way-5-shot_fscore: 35.020	0.302
[04/26 12:19:17] 
[04/26 12:19:17] epoch 34/50, iter 13600:
[04/26 12:19:17] train_loss: 1.23703
[04/26 12:19:17] train_acc: 0.962
[04/26 12:19:17] train_auroc: 0.561
[04/26 12:19:23] val_5-way-5-shot_acc: 64.917	1.660
[04/26 12:19:23] val_5-way-5-shot_auroc: 57.019	1.717
[04/26 12:19:23] val_5-way-5-shot_fscore: 35.020	0.302
[04/26 12:19:47] 
[04/26 12:19:47] epoch 35/50, iter 14000:
[04/26 12:19:47] train_loss: 1.23206
[04/26 12:19:47] train_acc: 0.963
[04/26 12:19:47] train_auroc: 0.561
[04/26 12:19:52] val_5-way-5-shot_acc: 64.967	1.668
[04/26 12:19:52] val_5-way-5-shot_auroc: 57.013	1.718
[04/26 12:19:52] val_5-way-5-shot_fscore: 35.020	0.302
[04/26 12:20:18] 
[04/26 12:20:18] epoch 36/50, iter 14400:
[04/26 12:20:18] train_loss: 1.23915
[04/26 12:20:18] train_acc: 0.960
[04/26 12:20:18] train_auroc: 0.560
[04/26 12:20:23] val_5-way-5-shot_acc: 64.850	1.649
[04/26 12:20:23] val_5-way-5-shot_auroc: 56.975	1.719
[04/26 12:20:23] val_5-way-5-shot_fscore: 35.042	0.301
[04/26 12:20:49] 
[04/26 12:20:49] epoch 37/50, iter 14800:
[04/26 12:20:49] train_loss: 1.23553
[04/26 12:20:49] train_acc: 0.960
[04/26 12:20:49] train_auroc: 0.560
[04/26 12:20:54] val_5-way-5-shot_acc: 64.950	1.655
[04/26 12:20:54] val_5-way-5-shot_auroc: 56.913	1.719
[04/26 12:20:54] val_5-way-5-shot_fscore: 35.020	0.302
[04/26 12:21:21] 
[04/26 12:21:21] epoch 38/50, iter 15200:
[04/26 12:21:21] train_loss: 1.23404
[04/26 12:21:21] train_acc: 0.961
[04/26 12:21:21] train_auroc: 0.561
[04/26 12:21:26] val_5-way-5-shot_acc: 64.967	1.649
[04/26 12:21:26] val_5-way-5-shot_auroc: 56.913	1.715
[04/26 12:21:26] val_5-way-5-shot_fscore: 34.998	0.302
[04/26 12:21:51] 
[04/26 12:21:51] epoch 39/50, iter 15600:
[04/26 12:21:51] train_loss: 1.23354
[04/26 12:21:51] train_acc: 0.961
[04/26 12:21:51] train_auroc: 0.561
[04/26 12:21:56] val_5-way-5-shot_acc: 64.983	1.646
[04/26 12:21:56] val_5-way-5-shot_auroc: 56.924	1.714
[04/26 12:21:56] val_5-way-5-shot_fscore: 34.998	0.302
[04/26 12:22:22] 
[04/26 12:22:22] epoch 40/50, iter 16000:
[04/26 12:22:22] train_loss: 1.23244
[04/26 12:22:22] train_acc: 0.961
[04/26 12:22:22] train_auroc: 0.561
[04/26 12:22:27] val_5-way-5-shot_acc: 65.000	1.646
[04/26 12:22:27] val_5-way-5-shot_auroc: 56.929	1.714
[04/26 12:22:27] val_5-way-5-shot_fscore: 34.998	0.302
[04/26 12:22:54] 
[04/26 12:22:54] epoch 41/50, iter 16400:
[04/26 12:22:54] train_loss: 1.23159
[04/26 12:22:54] train_acc: 0.961
[04/26 12:22:54] train_auroc: 0.563
[04/26 12:22:59] val_5-way-5-shot_acc: 64.967	1.646
[04/26 12:22:59] val_5-way-5-shot_auroc: 56.937	1.714
[04/26 12:22:59] val_5-way-5-shot_fscore: 34.998	0.302
[04/26 12:23:25] 
[04/26 12:23:25] epoch 42/50, iter 16800:
[04/26 12:23:25] train_loss: 1.23175
[04/26 12:23:25] train_acc: 0.961
[04/26 12:23:25] train_auroc: 0.562
[04/26 12:23:30] val_5-way-5-shot_acc: 64.967	1.647
[04/26 12:23:30] val_5-way-5-shot_auroc: 56.930	1.714
[04/26 12:23:30] val_5-way-5-shot_fscore: 34.976	0.302
[04/26 12:23:57] 
[04/26 12:23:57] epoch 43/50, iter 17200:
[04/26 12:23:57] train_loss: 1.23060
[04/26 12:23:57] train_acc: 0.961
[04/26 12:23:57] train_auroc: 0.562
[04/26 12:24:02] val_5-way-5-shot_acc: 64.917	1.647
[04/26 12:24:02] val_5-way-5-shot_auroc: 56.931	1.713
[04/26 12:24:02] val_5-way-5-shot_fscore: 34.955	0.303
[04/26 12:24:29] 
[04/26 12:24:29] epoch 44/50, iter 17600:
[04/26 12:24:29] train_loss: 1.22927
[04/26 12:24:29] train_acc: 0.961
[04/26 12:24:29] train_auroc: 0.561
[04/26 12:24:33] val_5-way-5-shot_acc: 64.967	1.649
[04/26 12:24:33] val_5-way-5-shot_auroc: 56.922	1.713
[04/26 12:24:33] val_5-way-5-shot_fscore: 34.933	0.303
[04/26 12:24:58] 
[04/26 12:24:58] epoch 45/50, iter 18000:
[04/26 12:24:58] train_loss: 1.22924
[04/26 12:24:58] train_acc: 0.961
[04/26 12:24:58] train_auroc: 0.561
[04/26 12:25:04] val_5-way-5-shot_acc: 64.950	1.643
[04/26 12:25:04] val_5-way-5-shot_auroc: 56.919	1.713
[04/26 12:25:04] val_5-way-5-shot_fscore: 34.911	0.303
[04/26 12:25:30] 
[04/26 12:25:30] epoch 46/50, iter 18400:
[04/26 12:25:30] train_loss: 1.22766
[04/26 12:25:30] train_acc: 0.961
[04/26 12:25:30] train_auroc: 0.560
[04/26 12:25:35] val_5-way-5-shot_acc: 65.000	1.646
[04/26 12:25:35] val_5-way-5-shot_auroc: 56.932	1.713
[04/26 12:25:35] val_5-way-5-shot_fscore: 34.933	0.303
[04/26 12:26:01] 
[04/26 12:26:01] epoch 47/50, iter 18800:
[04/26 12:26:01] train_loss: 1.22801
[04/26 12:26:01] train_acc: 0.961
[04/26 12:26:01] train_auroc: 0.559
[04/26 12:26:06] val_5-way-5-shot_acc: 65.000	1.647
[04/26 12:26:06] val_5-way-5-shot_auroc: 56.929	1.713
[04/26 12:26:06] val_5-way-5-shot_fscore: 34.933	0.303
[04/26 12:26:32] 
[04/26 12:26:32] epoch 48/50, iter 19200:
[04/26 12:26:32] train_loss: 1.22773
[04/26 12:26:32] train_acc: 0.962
[04/26 12:26:32] train_auroc: 0.561
[04/26 12:26:37] val_5-way-5-shot_acc: 64.983	1.649
[04/26 12:26:37] val_5-way-5-shot_auroc: 56.913	1.713
[04/26 12:26:37] val_5-way-5-shot_fscore: 34.933	0.303
[04/26 12:27:04] 
[04/26 12:27:04] epoch 49/50, iter 19600:
[04/26 12:27:04] train_loss: 1.22677
[04/26 12:27:04] train_acc: 0.962
[04/26 12:27:04] train_auroc: 0.561
[04/26 12:27:09] val_5-way-5-shot_acc: 64.950	1.653
[04/26 12:27:09] val_5-way-5-shot_auroc: 56.908	1.713
[04/26 12:27:09] val_5-way-5-shot_fscore: 34.933	0.303
[04/26 12:27:35] 
[04/26 12:27:35] epoch 50/50, iter 20000:
[04/26 12:27:35] train_loss: 1.22590
[04/26 12:27:35] train_acc: 0.962
[04/26 12:27:35] train_auroc: 0.561
[04/26 12:27:40] val_5-way-5-shot_acc: 64.967	1.651
[04/26 12:27:40] val_5-way-5-shot_auroc: 56.913	1.713
[04/26 12:27:40] val_5-way-5-shot_fscore: 34.933	0.303
[04/26 12:27:40] training finished!
[04/26 12:27:40] ------------------------
[04/26 12:27:40] the best epoch is 11/50
[04/26 12:27:40] the best 5-way 5-shot val acc is 66.700
