[05/11 10:26:15] start training!
[05/11 10:26:44] 
[05/11 10:26:44] epoch 1/20, iter 400:
[05/11 10:26:44] train_loss: 2.37649
[05/11 10:26:44] train_acc: 0.504
[05/11 10:26:44] train_auroc: 0.604
[05/11 10:26:51] Summary name val_6-way-5-shot_tpr@tnr95 is illegal; using val_6-way-5-shot_tpr_tnr95 instead.
[05/11 10:26:51] val_6-way-5-shot_acc: 42.889	0.695
[05/11 10:26:51] val_6-way-5-shot_auroc: 50.291	0.946
[05/11 10:26:51] val_6-way-5-shot_fscore: 48.943	0.747
[05/11 10:26:51] val_6-way-5-shot_tpr@tnr95: 4.812	0.566
[05/11 10:26:51] val_6-way-5-shot_osr: 49.278	0.292
[05/11 10:26:51] BEST ACC!
[05/11 10:26:51] BEST Auroc!
[05/11 10:26:51] BEST Fscore!
[05/11 10:26:51] BEST OSR Score!
[05/11 10:27:20] 
[05/11 10:27:20] epoch 2/20, iter 800:
[05/11 10:27:20] train_loss: 1.78704
[05/11 10:27:20] train_acc: 0.695
[05/11 10:27:20] train_auroc: 0.697
[05/11 10:27:25] Summary name val_6-way-5-shot_tpr@tnr95 is illegal; using val_6-way-5-shot_tpr_tnr95 instead.
[05/11 10:27:25] val_6-way-5-shot_acc: 45.267	0.707
[05/11 10:27:25] val_6-way-5-shot_auroc: 44.688	1.048
[05/11 10:27:25] val_6-way-5-shot_fscore: 44.909	0.848
[05/11 10:27:25] val_6-way-5-shot_tpr@tnr95: 3.114	0.446
[05/11 10:27:25] val_6-way-5-shot_osr: 48.290	0.237
[05/11 10:27:25] BEST ACC!
[05/11 10:27:53] 
[05/11 10:27:53] epoch 3/20, iter 1200:
[05/11 10:27:53] train_loss: 1.43701
[05/11 10:27:53] train_acc: 0.848
[05/11 10:27:53] train_auroc: 0.802
[05/11 10:27:59] Summary name val_6-way-5-shot_tpr@tnr95 is illegal; using val_6-way-5-shot_tpr_tnr95 instead.
[05/11 10:27:59] val_6-way-5-shot_acc: 45.294	0.666
[05/11 10:27:59] val_6-way-5-shot_auroc: 43.781	1.063
[05/11 10:27:59] val_6-way-5-shot_fscore: 44.007	0.799
[05/11 10:27:59] val_6-way-5-shot_tpr@tnr95: 3.527	0.437
[05/11 10:27:59] val_6-way-5-shot_osr: 48.496	0.225
[05/11 10:27:59] BEST ACC!
[05/11 10:28:27] 
[05/11 10:28:27] epoch 4/20, iter 1600:
[05/11 10:28:27] train_loss: 1.18322
[05/11 10:28:27] train_acc: 0.942
[05/11 10:28:27] train_auroc: 0.898
[05/11 10:28:33] Summary name val_6-way-5-shot_tpr@tnr95 is illegal; using val_6-way-5-shot_tpr_tnr95 instead.
[05/11 10:28:33] val_6-way-5-shot_acc: 44.711	0.654
[05/11 10:28:33] val_6-way-5-shot_auroc: 43.984	1.072
[05/11 10:28:33] val_6-way-5-shot_fscore: 44.290	0.757
[05/11 10:28:33] val_6-way-5-shot_tpr@tnr95: 3.945	0.469
[05/11 10:28:33] val_6-way-5-shot_osr: 48.717	0.245
[05/11 10:29:00] 
[05/11 10:29:00] epoch 5/20, iter 2000:
[05/11 10:29:00] train_loss: 1.01919
[05/11 10:29:00] train_acc: 0.981
[05/11 10:29:00] train_auroc: 0.954
[05/11 10:29:06] Summary name val_6-way-5-shot_tpr@tnr95 is illegal; using val_6-way-5-shot_tpr_tnr95 instead.
[05/11 10:29:06] val_6-way-5-shot_acc: 44.044	0.665
[05/11 10:29:06] val_6-way-5-shot_auroc: 45.022	1.090
[05/11 10:29:06] val_6-way-5-shot_fscore: 45.266	0.778
[05/11 10:29:06] val_6-way-5-shot_tpr@tnr95: 4.479	0.505
[05/11 10:29:06] val_6-way-5-shot_osr: 49.061	0.264
[05/11 10:29:33] 
[05/11 10:29:33] epoch 6/20, iter 2400:
[05/11 10:29:33] train_loss: 0.90199
[05/11 10:29:33] train_acc: 0.996
[05/11 10:29:33] train_auroc: 0.980
[05/11 10:29:39] Summary name val_6-way-5-shot_tpr@tnr95 is illegal; using val_6-way-5-shot_tpr_tnr95 instead.
[05/11 10:29:39] val_6-way-5-shot_acc: 42.750	0.699
[05/11 10:29:39] val_6-way-5-shot_auroc: 45.564	1.117
[05/11 10:29:39] val_6-way-5-shot_fscore: 45.481	0.798
[05/11 10:29:39] val_6-way-5-shot_tpr@tnr95: 5.010	0.512
[05/11 10:29:39] val_6-way-5-shot_osr: 49.354	0.257
[05/11 10:29:39] BEST OSR Score!
[05/11 10:30:06] 
[05/11 10:30:06] epoch 7/20, iter 2800:
[05/11 10:30:06] train_loss: 0.81600
[05/11 10:30:06] train_acc: 0.999
[05/11 10:30:06] train_auroc: 0.990
[05/11 10:30:12] Summary name val_6-way-5-shot_tpr@tnr95 is illegal; using val_6-way-5-shot_tpr_tnr95 instead.
[05/11 10:30:12] val_6-way-5-shot_acc: 41.667	0.689
[05/11 10:30:12] val_6-way-5-shot_auroc: 46.104	1.130
[05/11 10:30:12] val_6-way-5-shot_fscore: 45.926	0.833
[05/11 10:30:12] val_6-way-5-shot_tpr@tnr95: 5.094	0.482
[05/11 10:30:12] val_6-way-5-shot_osr: 49.382	0.236
[05/11 10:30:12] BEST OSR Score!
[05/11 10:30:39] 
[05/11 10:30:39] epoch 8/20, iter 3200:
[05/11 10:30:39] train_loss: 0.75075
[05/11 10:30:39] train_acc: 1.000
[05/11 10:30:39] train_auroc: 0.994
[05/11 10:30:45] Summary name val_6-way-5-shot_tpr@tnr95 is illegal; using val_6-way-5-shot_tpr_tnr95 instead.
[05/11 10:30:45] val_6-way-5-shot_acc: 40.894	0.700
[05/11 10:30:45] val_6-way-5-shot_auroc: 46.526	1.147
[05/11 10:30:45] val_6-way-5-shot_fscore: 46.471	0.867
[05/11 10:30:45] val_6-way-5-shot_tpr@tnr95: 5.217	0.443
[05/11 10:30:45] val_6-way-5-shot_osr: 49.439	0.225
[05/11 10:30:45] BEST OSR Score!
[05/11 10:31:13] 
[05/11 10:31:13] epoch 9/20, iter 3600:
[05/11 10:31:13] train_loss: 0.69631
[05/11 10:31:13] train_acc: 1.000
[05/11 10:31:13] train_auroc: 0.996
[05/11 10:31:18] Summary name val_6-way-5-shot_tpr@tnr95 is illegal; using val_6-way-5-shot_tpr_tnr95 instead.
[05/11 10:31:18] val_6-way-5-shot_acc: 40.067	0.707
[05/11 10:31:18] val_6-way-5-shot_auroc: 46.391	1.160
[05/11 10:31:18] val_6-way-5-shot_fscore: 46.593	0.921
[05/11 10:31:18] val_6-way-5-shot_tpr@tnr95: 4.918	0.449
[05/11 10:31:18] val_6-way-5-shot_osr: 49.315	0.217
[05/11 10:31:46] 
[05/11 10:31:46] epoch 10/20, iter 4000:
[05/11 10:31:46] train_loss: 0.64570
[05/11 10:31:46] train_acc: 1.000
[05/11 10:31:46] train_auroc: 0.995
[05/11 10:31:51] Summary name val_6-way-5-shot_tpr@tnr95 is illegal; using val_6-way-5-shot_tpr_tnr95 instead.
[05/11 10:31:51] val_6-way-5-shot_acc: 39.244	0.692
[05/11 10:31:51] val_6-way-5-shot_auroc: 46.112	1.165
[05/11 10:31:51] val_6-way-5-shot_fscore: 46.519	0.859
[05/11 10:31:51] val_6-way-5-shot_tpr@tnr95: 5.298	0.465
[05/11 10:31:51] val_6-way-5-shot_osr: 49.419	0.239
[05/11 10:32:19] 
[05/11 10:32:19] epoch 11/20, iter 4400:
[05/11 10:32:19] train_loss: 0.61320
[05/11 10:32:19] train_acc: 1.000
[05/11 10:32:19] train_auroc: 0.996
[05/11 10:32:24] Summary name val_6-way-5-shot_tpr@tnr95 is illegal; using val_6-way-5-shot_tpr_tnr95 instead.
[05/11 10:32:24] val_6-way-5-shot_acc: 39.400	0.705
[05/11 10:32:24] val_6-way-5-shot_auroc: 46.265	1.167
[05/11 10:32:24] val_6-way-5-shot_fscore: 46.828	0.875
[05/11 10:32:24] val_6-way-5-shot_tpr@tnr95: 5.147	0.474
[05/11 10:32:24] val_6-way-5-shot_osr: 49.401	0.244
[05/11 10:32:52] 
[05/11 10:32:52] epoch 12/20, iter 4800:
[05/11 10:32:52] train_loss: 0.60662
[05/11 10:32:52] train_acc: 1.000
[05/11 10:32:52] train_auroc: 0.995
[05/11 10:32:57] Summary name val_6-way-5-shot_tpr@tnr95 is illegal; using val_6-way-5-shot_tpr_tnr95 instead.
[05/11 10:32:57] val_6-way-5-shot_acc: 39.378	0.701
[05/11 10:32:57] val_6-way-5-shot_auroc: 46.194	1.166
[05/11 10:32:57] val_6-way-5-shot_fscore: 46.741	0.878
[05/11 10:32:57] val_6-way-5-shot_tpr@tnr95: 5.094	0.468
[05/11 10:32:57] val_6-way-5-shot_osr: 49.366	0.238
[05/11 10:33:25] 
[05/11 10:33:25] epoch 13/20, iter 5200:
[05/11 10:33:25] train_loss: 0.60132
[05/11 10:33:25] train_acc: 1.000
[05/11 10:33:25] train_auroc: 0.995
[05/11 10:33:31] Summary name val_6-way-5-shot_tpr@tnr95 is illegal; using val_6-way-5-shot_tpr_tnr95 instead.
[05/11 10:33:31] val_6-way-5-shot_acc: 39.278	0.691
[05/11 10:33:31] val_6-way-5-shot_auroc: 46.128	1.165
[05/11 10:33:31] val_6-way-5-shot_fscore: 46.673	0.875
[05/11 10:33:31] val_6-way-5-shot_tpr@tnr95: 5.062	0.459
[05/11 10:33:31] val_6-way-5-shot_osr: 49.342	0.234
[05/11 10:33:59] 
[05/11 10:33:59] epoch 14/20, iter 5600:
[05/11 10:33:59] train_loss: 0.59625
[05/11 10:33:59] train_acc: 1.000
[05/11 10:33:59] train_auroc: 0.995
[05/11 10:34:04] Summary name val_6-way-5-shot_tpr@tnr95 is illegal; using val_6-way-5-shot_tpr_tnr95 instead.
[05/11 10:34:04] val_6-way-5-shot_acc: 39.150	0.689
[05/11 10:34:04] val_6-way-5-shot_auroc: 46.083	1.162
[05/11 10:34:04] val_6-way-5-shot_fscore: 46.667	0.876
[05/11 10:34:04] val_6-way-5-shot_tpr@tnr95: 5.018	0.465
[05/11 10:34:04] val_6-way-5-shot_osr: 49.304	0.239
[05/11 10:34:32] 
[05/11 10:34:32] epoch 15/20, iter 6000:
[05/11 10:34:32] train_loss: 0.59138
[05/11 10:34:32] train_acc: 1.000
[05/11 10:34:32] train_auroc: 0.995
[05/11 10:34:38] Summary name val_6-way-5-shot_tpr@tnr95 is illegal; using val_6-way-5-shot_tpr_tnr95 instead.
[05/11 10:34:38] val_6-way-5-shot_acc: 39.128	0.695
[05/11 10:34:38] val_6-way-5-shot_auroc: 46.022	1.164
[05/11 10:34:38] val_6-way-5-shot_fscore: 46.680	0.871
[05/11 10:34:38] val_6-way-5-shot_tpr@tnr95: 4.953	0.464
[05/11 10:34:38] val_6-way-5-shot_osr: 49.246	0.237
[05/11 10:35:06] 
[05/11 10:35:06] epoch 16/20, iter 6400:
[05/11 10:35:06] train_loss: 0.58658
[05/11 10:35:06] train_acc: 1.000
[05/11 10:35:06] train_auroc: 0.995
[05/11 10:35:12] Summary name val_6-way-5-shot_tpr@tnr95 is illegal; using val_6-way-5-shot_tpr_tnr95 instead.
[05/11 10:35:12] val_6-way-5-shot_acc: 39.183	0.698
[05/11 10:35:12] val_6-way-5-shot_auroc: 45.970	1.164
[05/11 10:35:12] val_6-way-5-shot_fscore: 46.673	0.872
[05/11 10:35:12] val_6-way-5-shot_tpr@tnr95: 4.923	0.466
[05/11 10:35:12] val_6-way-5-shot_osr: 49.233	0.241
[05/11 10:35:40] 
[05/11 10:35:40] epoch 17/20, iter 6800:
[05/11 10:35:40] train_loss: 0.58190
[05/11 10:35:40] train_acc: 1.000
[05/11 10:35:40] train_auroc: 0.995
[05/11 10:35:45] Summary name val_6-way-5-shot_tpr@tnr95 is illegal; using val_6-way-5-shot_tpr_tnr95 instead.
[05/11 10:35:45] val_6-way-5-shot_acc: 39.089	0.698
[05/11 10:35:45] val_6-way-5-shot_auroc: 45.945	1.164
[05/11 10:35:45] val_6-way-5-shot_fscore: 46.673	0.871
[05/11 10:35:45] val_6-way-5-shot_tpr@tnr95: 4.877	0.471
[05/11 10:35:45] val_6-way-5-shot_osr: 49.209	0.243
[05/11 10:36:13] 
[05/11 10:36:13] epoch 18/20, iter 7200:
[05/11 10:36:13] train_loss: 0.57729
[05/11 10:36:13] train_acc: 1.000
[05/11 10:36:13] train_auroc: 0.995
[05/11 10:36:19] Summary name val_6-way-5-shot_tpr@tnr95 is illegal; using val_6-way-5-shot_tpr_tnr95 instead.
[05/11 10:36:19] val_6-way-5-shot_acc: 38.961	0.694
[05/11 10:36:19] val_6-way-5-shot_auroc: 45.908	1.161
[05/11 10:36:19] val_6-way-5-shot_fscore: 46.586	0.874
[05/11 10:36:19] val_6-way-5-shot_tpr@tnr95: 4.785	0.467
[05/11 10:36:19] val_6-way-5-shot_osr: 49.149	0.238
[05/11 10:36:46] 
[05/11 10:36:46] epoch 19/20, iter 7600:
[05/11 10:36:46] train_loss: 0.57411
[05/11 10:36:46] train_acc: 1.000
[05/11 10:36:46] train_auroc: 0.995
[05/11 10:36:51] Summary name val_6-way-5-shot_tpr@tnr95 is illegal; using val_6-way-5-shot_tpr_tnr95 instead.
[05/11 10:36:51] val_6-way-5-shot_acc: 38.989	0.697
[05/11 10:36:51] val_6-way-5-shot_auroc: 45.926	1.163
[05/11 10:36:51] val_6-way-5-shot_fscore: 46.667	0.877
[05/11 10:36:51] val_6-way-5-shot_tpr@tnr95: 4.822	0.470
[05/11 10:36:51] val_6-way-5-shot_osr: 49.181	0.239
[05/11 10:37:19] 
[05/11 10:37:19] epoch 20/20, iter 8000:
[05/11 10:37:19] train_loss: 0.57352
[05/11 10:37:19] train_acc: 1.000
[05/11 10:37:19] train_auroc: 0.995
[05/11 10:37:24] Summary name val_6-way-5-shot_tpr@tnr95 is illegal; using val_6-way-5-shot_tpr_tnr95 instead.
[05/11 10:37:24] val_6-way-5-shot_acc: 38.944	0.698
[05/11 10:37:24] val_6-way-5-shot_auroc: 45.916	1.163
[05/11 10:37:24] val_6-way-5-shot_fscore: 46.673	0.875
[05/11 10:37:24] val_6-way-5-shot_tpr@tnr95: 4.822	0.467
[05/11 10:37:24] val_6-way-5-shot_osr: 49.186	0.239
[05/11 10:37:24] training finished!
[05/11 10:37:24] ------------------------
[05/11 10:37:24] the best epoch is 8/20
[05/11 10:37:24] the best 6-way 5-shot val acc is 45.294
