usage: pretrain.py [-h] [--opt {adam,sgd}] [--lr LR] [--gamma GAMMA]
                   [--momentum MOMENTUM] [--epoch EPOCH]
                   [--weight_decay WEIGHT_DECAY] [--seed SEED]
                   [--val_epoch VAL_EPOCH] [--resnet RESNET]
                   [--restype RESTYPE] [--nesterov] [--batch_size BATCH_SIZE]
                   [--decay_epoch DECAY_EPOCH]
                   [--lr_decay_epochs LR_DECAY_EPOCHS]
                   [--lr_decay_rate LR_DECAY_RATE]
                   [--learning_rate LEARNING_RATE] [--train_way TRAIN_WAY]
                   [--test_way TEST_WAY] [--train_shot TRAIN_SHOT]
                   [--test_shot TEST_SHOT [TEST_SHOT ...]]
                   [--train_query_shot TRAIN_QUERY_SHOT]
                   [--test_query_shot TEST_QUERY_SHOT] [--val_trial VAL_TRIAL]
                   [--dataset {FMC,Nsynth,librispeech,TAU22,TAU19,f2n,f2l,n2f,n2l,l2f,l2n}]
                   [-config CONFIG] [--test TEST] [--alpha ALPHA]
                   [--dataroot DATAROOT] [--data_root DATA_ROOT]
                   [--finetune FINETUNE] [--weight-pl WEIGHT_PL] [--beta BETA]
                   [--temp TEMP] [--num-centers NUM_CENTERS]
                   [--open_weight_sum_cali OPEN_WEIGHT_SUM_CALI]
pretrain.py: error: unrecognized arguments: --config dcase18_aligned.yml --fold 4
