[05/06 06:05:11] start training!
[05/06 06:05:38] 
[05/06 06:05:38] epoch 1/80, iter 400:
[05/06 06:05:38] train_loss: 1.96580
[05/06 06:05:38] train_acc: 0.855
[05/06 06:05:38] train_auroc: 0.604
[05/06 06:05:43] val_2-way-5-shot_acc: 80.133	2.050
[05/06 06:05:43] val_2-way-5-shot_auroc: 60.566	2.225
[05/06 06:05:43] val_2-way-5-shot_fscore: 35.455	0.288
[05/06 06:05:43] BEST ACC!
[05/06 06:05:43] BEST Auroc!
[05/06 06:05:43] BEST Fscore!
[05/06 06:06:08] 
[05/06 06:06:08] epoch 2/80, iter 800:
[05/06 06:06:08] train_loss: 1.60732
[05/06 06:06:08] train_acc: 0.916
[05/06 06:06:08] train_auroc: 0.665
[05/06 06:06:13] val_2-way-5-shot_acc: 78.867	2.097
[05/06 06:06:13] val_2-way-5-shot_auroc: 59.213	2.109
[05/06 06:06:13] val_2-way-5-shot_fscore: 35.716	0.273
[05/06 06:06:13] BEST Fscore!
[05/06 06:06:38] 
[05/06 06:06:38] epoch 3/80, iter 1200:
[05/06 06:06:38] train_loss: 1.45079
[05/06 06:06:38] train_acc: 0.954
[05/06 06:06:38] train_auroc: 0.713
[05/06 06:06:43] val_2-way-5-shot_acc: 77.733	2.157
[05/06 06:06:43] val_2-way-5-shot_auroc: 58.364	2.104
[05/06 06:06:43] val_2-way-5-shot_fscore: 35.738	0.271
[05/06 06:06:43] BEST Fscore!
[05/06 06:07:07] 
[05/06 06:07:07] epoch 4/80, iter 1600:
[05/06 06:07:07] train_loss: 1.30474
[05/06 06:07:07] train_acc: 0.976
[05/06 06:07:07] train_auroc: 0.762
[05/06 06:07:12] val_2-way-5-shot_acc: 77.233	2.102
[05/06 06:07:12] val_2-way-5-shot_auroc: 57.428	2.114
[05/06 06:07:12] val_2-way-5-shot_fscore: 35.651	0.277
[05/06 06:07:37] 
[05/06 06:07:37] epoch 5/80, iter 2000:
[05/06 06:07:37] train_loss: 1.16456
[05/06 06:07:37] train_acc: 0.988
[05/06 06:07:37] train_auroc: 0.808
