[05/10 04:54:34] start training!
[05/10 04:55:00] 
[05/10 04:55:00] epoch 1/1, iter 400:
[05/10 04:55:00] train_loss: 2.36385
[05/10 04:55:00] train_acc: 0.510
[05/10 04:55:00] train_auroc: 0.605
[05/10 04:55:06] Summary name val_6-way-5-shot_tpr@tnr95 is illegal; using val_6-way-5-shot_tpr_tnr95 instead.
[05/10 04:55:06] val_6-way-5-shot_acc: 43.217	0.702
[05/10 04:55:06] val_6-way-5-shot_auroc: 50.060	0.922
[05/10 04:55:06] val_6-way-5-shot_fscore: 48.700	0.730
[05/10 04:55:06] val_6-way-5-shot_tpr@tnr95: 4.142	0.531
[05/10 04:55:06] val_6-way-5-shot_osr: 49.849	0.266
[05/10 04:55:06] BEST ACC!
[05/10 04:55:06] BEST Auroc!
[05/10 04:55:06] BEST Fscore!
[05/10 04:55:06] BEST OSR Score!
[05/10 04:55:06] training finished!
[05/10 04:55:06] ------------------------
[05/10 04:55:06] the best epoch is 1/1
[05/10 04:55:06] the best 6-way 5-shot val acc is 43.217
[05/10 04:56:27] start training!
[05/10 04:56:57] 
[05/10 04:56:57] epoch 1/1, iter 400:
[05/10 04:56:57] train_loss: 2.35935
[05/10 04:56:57] train_acc: 0.506
[05/10 04:56:57] train_auroc: 0.602
[05/10 04:57:03] Summary name val_6-way-5-shot_tpr@tnr95 is illegal; using val_6-way-5-shot_tpr_tnr95 instead.
[05/10 04:57:03] val_6-way-5-shot_acc: 43.361	0.723
[05/10 04:57:03] val_6-way-5-shot_auroc: 49.725	0.922
[05/10 04:57:03] val_6-way-5-shot_fscore: 48.391	0.724
[05/10 04:57:03] val_6-way-5-shot_tpr@tnr95: 4.792	0.635
[05/10 04:57:03] val_6-way-5-shot_osr: 50.174	0.318
[05/10 04:57:03] BEST ACC!
[05/10 04:57:03] BEST Auroc!
[05/10 04:57:03] BEST Fscore!
[05/10 04:57:03] BEST OSR Score!
[05/10 04:57:03] training finished!
[05/10 04:57:03] ------------------------
[05/10 04:57:03] the best epoch is 1/1
[05/10 04:57:03] the best 6-way 5-shot val acc is 43.361
[05/10 04:58:24] start training!
[05/10 04:58:51] 
[05/10 04:58:51] epoch 1/1, iter 400:
[05/10 04:58:51] train_loss: 2.18704
[05/10 04:58:51] train_acc: 0.512
[05/10 04:58:51] train_auroc: 0.608
[05/10 04:58:57] Summary name val_6-way-5-shot_tpr@tnr95 is illegal; using val_6-way-5-shot_tpr_tnr95 instead.
[05/10 04:58:57] val_6-way-5-shot_acc: 42.950	0.707
[05/10 04:58:57] val_6-way-5-shot_auroc: 49.706	0.913
[05/10 04:58:57] val_6-way-5-shot_fscore: 48.734	0.740
[05/10 04:58:57] val_6-way-5-shot_tpr@tnr95: 3.992	0.514
[05/10 04:58:57] val_6-way-5-shot_osr: 49.774	0.257
[05/10 04:58:57] BEST ACC!
[05/10 04:58:57] BEST Auroc!
[05/10 04:58:58] BEST Fscore!
[05/10 04:58:58] BEST OSR Score!
[05/10 04:58:58] training finished!
[05/10 04:58:58] ------------------------
[05/10 04:58:58] the best epoch is 1/1
[05/10 04:58:58] the best 6-way 5-shot val acc is 42.950
[05/10 05:00:18] start training!
[05/10 05:00:44] 
[05/10 05:00:44] epoch 1/1, iter 400:
[05/10 05:00:44] train_loss: 2.37945
[05/10 05:00:44] train_acc: 0.506
[05/10 05:00:44] train_auroc: 0.605
[05/10 05:00:49] Summary name val_6-way-5-shot_tpr@tnr95 is illegal; using val_6-way-5-shot_tpr_tnr95 instead.
[05/10 05:00:49] val_6-way-5-shot_acc: 43.394	0.689
[05/10 05:00:49] val_6-way-5-shot_auroc: 50.188	0.951
[05/10 05:00:49] val_6-way-5-shot_fscore: 48.822	0.763
[05/10 05:00:49] val_6-way-5-shot_tpr@tnr95: 4.525	0.600
[05/10 05:00:49] val_6-way-5-shot_osr: 50.040	0.300
[05/10 05:00:49] BEST ACC!
[05/10 05:00:50] BEST Auroc!
[05/10 05:00:50] BEST Fscore!
[05/10 05:00:50] BEST OSR Score!
[05/10 05:00:50] training finished!
[05/10 05:00:50] ------------------------
[05/10 05:00:50] the best epoch is 1/1
[05/10 05:00:50] the best 6-way 5-shot val acc is 43.394
[05/10 05:02:11] start training!
[05/10 05:02:37] 
[05/10 05:02:37] epoch 1/1, iter 400:
[05/10 05:02:37] train_loss: 2.19336
[05/10 05:02:37] train_acc: 0.507
[05/10 05:02:37] train_auroc: 0.607
[05/10 05:02:43] Summary name val_6-way-5-shot_tpr@tnr95 is illegal; using val_6-way-5-shot_tpr_tnr95 instead.
[05/10 05:02:43] val_6-way-5-shot_acc: 43.028	0.721
[05/10 05:02:43] val_6-way-5-shot_auroc: 50.173	0.916
[05/10 05:02:43] val_6-way-5-shot_fscore: 48.916	0.729
[05/10 05:02:43] val_6-way-5-shot_tpr@tnr95: 4.042	0.562
[05/10 05:02:43] val_6-way-5-shot_osr: 49.799	0.281
[05/10 05:02:43] BEST ACC!
[05/10 05:02:43] BEST Auroc!
[05/10 05:02:43] BEST Fscore!
[05/10 05:02:43] BEST OSR Score!
[05/10 05:02:43] training finished!
[05/10 05:02:43] ------------------------
[05/10 05:02:43] the best epoch is 1/1
[05/10 05:02:43] the best 6-way 5-shot val acc is 43.028
