[05/11 09:37:01] start training!
[05/11 09:37:33] 
[05/11 09:37:33] epoch 1/20, iter 400:
[05/11 09:37:33] train_loss: 2.31130
[05/11 09:37:33] train_acc: 0.566
[05/11 09:37:33] train_auroc: 0.626
[05/11 09:37:39] Summary name val_6-way-10-shot_tpr@tnr95 is illegal; using val_6-way-10-shot_tpr_tnr95 instead.
[05/11 09:37:39] val_6-way-10-shot_acc: 46.378	0.670
[05/11 09:37:39] val_6-way-10-shot_auroc: 51.986	1.476
[05/11 09:37:39] val_6-way-10-shot_fscore: 34.589	0.573
[05/11 09:37:39] val_6-way-10-shot_tpr@tnr95: 5.260	0.957
[05/11 09:37:39] val_6-way-10-shot_osr: 49.362	0.493
[05/11 09:37:39] BEST ACC!
[05/11 09:37:39] BEST Auroc!
[05/11 09:37:39] BEST Fscore!
[05/11 09:37:39] BEST OSR Score!
[05/11 09:38:10] 
[05/11 09:38:10] epoch 2/20, iter 800:
[05/11 09:38:10] train_loss: 1.69797
[05/11 09:38:10] train_acc: 0.750
[05/11 09:38:10] train_auroc: 0.723
[05/11 09:38:15] Summary name val_6-way-10-shot_tpr@tnr95 is illegal; using val_6-way-10-shot_tpr_tnr95 instead.
[05/11 09:38:15] val_6-way-10-shot_acc: 47.383	0.690
[05/11 09:38:15] val_6-way-10-shot_auroc: 48.041	1.442
[05/11 09:38:15] val_6-way-10-shot_fscore: 33.111	0.641
[05/11 09:38:15] val_6-way-10-shot_tpr@tnr95: 3.560	0.702
[05/11 09:38:15] val_6-way-10-shot_osr: 48.479	0.372
[05/11 09:38:15] BEST ACC!
[05/11 09:38:46] 
[05/11 09:38:46] epoch 3/20, iter 1200:
[05/11 09:38:46] train_loss: 1.35612
[05/11 09:38:46] train_acc: 0.894
[05/11 09:38:46] train_auroc: 0.832
[05/11 09:38:51] Summary name val_6-way-10-shot_tpr@tnr95 is illegal; using val_6-way-10-shot_tpr_tnr95 instead.
[05/11 09:38:51] val_6-way-10-shot_acc: 47.278	0.708
[05/11 09:38:51] val_6-way-10-shot_auroc: 47.045	1.424
[05/11 09:38:51] val_6-way-10-shot_fscore: 32.606	0.678
[05/11 09:38:51] val_6-way-10-shot_tpr@tnr95: 3.443	0.671
[05/11 09:38:51] val_6-way-10-shot_osr: 48.394	0.336
[05/11 09:39:21] 
[05/11 09:39:21] epoch 4/20, iter 1600:
[05/11 09:39:21] train_loss: 1.12210
[05/11 09:39:21] train_acc: 0.965
[05/11 09:39:21] train_auroc: 0.921
[05/11 09:39:27] Summary name val_6-way-10-shot_tpr@tnr95 is illegal; using val_6-way-10-shot_tpr_tnr95 instead.
[05/11 09:39:27] val_6-way-10-shot_acc: 47.089	0.689
[05/11 09:39:27] val_6-way-10-shot_auroc: 47.470	1.490
[05/11 09:39:27] val_6-way-10-shot_fscore: 32.499	0.707
[05/11 09:39:27] val_6-way-10-shot_tpr@tnr95: 3.467	0.626
[05/11 09:39:27] val_6-way-10-shot_osr: 48.413	0.313
[05/11 09:39:58] 
[05/11 09:39:58] epoch 5/20, iter 2000:
[05/11 09:39:58] train_loss: 0.96763
[05/11 09:39:58] train_acc: 0.990
[05/11 09:39:58] train_auroc: 0.967
[05/11 09:40:03] Summary name val_6-way-10-shot_tpr@tnr95 is illegal; using val_6-way-10-shot_tpr_tnr95 instead.
[05/11 09:40:03] val_6-way-10-shot_acc: 46.989	0.717
[05/11 09:40:03] val_6-way-10-shot_auroc: 47.657	1.524
[05/11 09:40:03] val_6-way-10-shot_fscore: 32.324	0.673
[05/11 09:40:03] val_6-way-10-shot_tpr@tnr95: 4.413	0.701
[05/11 09:40:03] val_6-way-10-shot_osr: 48.927	0.349
[05/11 09:40:33] 
[05/11 09:40:33] epoch 6/20, iter 2400:
[05/11 09:40:33] train_loss: 0.85859
[05/11 09:40:33] train_acc: 0.998
[05/11 09:40:33] train_auroc: 0.986
[05/11 09:40:38] Summary name val_6-way-10-shot_tpr@tnr95 is illegal; using val_6-way-10-shot_tpr_tnr95 instead.
[05/11 09:40:38] val_6-way-10-shot_acc: 46.611	0.688
[05/11 09:40:38] val_6-way-10-shot_auroc: 47.809	1.535
[05/11 09:40:38] val_6-way-10-shot_fscore: 32.285	0.664
[05/11 09:40:38] val_6-way-10-shot_tpr@tnr95: 4.837	0.727
[05/11 09:40:38] val_6-way-10-shot_osr: 49.181	0.364
[05/11 09:41:09] 
[05/11 09:41:09] epoch 7/20, iter 2800:
[05/11 09:41:09] train_loss: 0.77772
[05/11 09:41:09] train_acc: 1.000
[05/11 09:41:09] train_auroc: 0.993
[05/11 09:41:14] Summary name val_6-way-10-shot_tpr@tnr95 is illegal; using val_6-way-10-shot_tpr_tnr95 instead.
[05/11 09:41:14] val_6-way-10-shot_acc: 45.361	0.733
[05/11 09:41:14] val_6-way-10-shot_auroc: 48.145	1.555
[05/11 09:41:14] val_6-way-10-shot_fscore: 32.324	0.665
[05/11 09:41:14] val_6-way-10-shot_tpr@tnr95: 5.713	0.803
[05/11 09:41:14] val_6-way-10-shot_osr: 49.601	0.407
[05/11 09:41:15] BEST OSR Score!
[05/11 09:41:45] 
[05/11 09:41:45] epoch 8/20, iter 3200:
[05/11 09:41:45] train_loss: 0.71064
[05/11 09:41:45] train_acc: 1.000
[05/11 09:41:45] train_auroc: 0.994
[05/11 09:41:51] Summary name val_6-way-10-shot_tpr@tnr95 is illegal; using val_6-way-10-shot_tpr_tnr95 instead.
[05/11 09:41:51] val_6-way-10-shot_acc: 44.217	0.721
[05/11 09:41:51] val_6-way-10-shot_auroc: 48.521	1.583
[05/11 09:41:51] val_6-way-10-shot_fscore: 32.372	0.681
[05/11 09:41:51] val_6-way-10-shot_tpr@tnr95: 5.703	0.829
[05/11 09:41:51] val_6-way-10-shot_osr: 49.650	0.414
[05/11 09:41:51] BEST OSR Score!
[05/11 09:42:21] 
[05/11 09:42:21] epoch 9/20, iter 3600:
[05/11 09:42:21] train_loss: 0.64770
[05/11 09:42:21] train_acc: 1.000
[05/11 09:42:21] train_auroc: 0.994
[05/11 09:42:26] Summary name val_6-way-10-shot_tpr@tnr95 is illegal; using val_6-way-10-shot_tpr_tnr95 instead.
[05/11 09:42:26] val_6-way-10-shot_acc: 43.217	0.728
[05/11 09:42:26] val_6-way-10-shot_auroc: 47.625	1.568
[05/11 09:42:26] val_6-way-10-shot_fscore: 32.061	0.663
[05/11 09:42:26] val_6-way-10-shot_tpr@tnr95: 5.220	0.795
[05/11 09:42:26] val_6-way-10-shot_osr: 49.496	0.391
[05/11 09:42:57] 
[05/11 09:42:57] epoch 10/20, iter 4000:
[05/11 09:42:57] train_loss: 0.58760
[05/11 09:42:57] train_acc: 1.000
[05/11 09:42:57] train_auroc: 0.993
[05/11 09:43:03] Summary name val_6-way-10-shot_tpr@tnr95 is illegal; using val_6-way-10-shot_tpr_tnr95 instead.
[05/11 09:43:03] val_6-way-10-shot_acc: 41.889	0.710
[05/11 09:43:03] val_6-way-10-shot_auroc: 46.412	1.522
[05/11 09:43:03] val_6-way-10-shot_fscore: 31.536	0.646
[05/11 09:43:03] val_6-way-10-shot_tpr@tnr95: 5.577	0.792
[05/11 09:43:03] val_6-way-10-shot_osr: 49.525	0.391
[05/11 09:43:34] 
[05/11 09:43:34] epoch 11/20, iter 4400:
[05/11 09:43:34] train_loss: 0.55012
[05/11 09:43:34] train_acc: 1.000
[05/11 09:43:34] train_auroc: 0.995
[05/11 09:43:39] Summary name val_6-way-10-shot_tpr@tnr95 is illegal; using val_6-way-10-shot_tpr_tnr95 instead.
[05/11 09:43:39] val_6-way-10-shot_acc: 42.167	0.692
[05/11 09:43:39] val_6-way-10-shot_auroc: 46.233	1.540
[05/11 09:43:39] val_6-way-10-shot_fscore: 31.731	0.662
[05/11 09:43:39] val_6-way-10-shot_tpr@tnr95: 5.237	0.795
[05/11 09:43:39] val_6-way-10-shot_osr: 49.369	0.407
[05/11 09:44:10] 
[05/11 09:44:10] epoch 12/20, iter 4800:
[05/11 09:44:10] train_loss: 0.54349
[05/11 09:44:10] train_acc: 1.000
[05/11 09:44:10] train_auroc: 0.995
[05/11 09:44:15] Summary name val_6-way-10-shot_tpr@tnr95 is illegal; using val_6-way-10-shot_tpr_tnr95 instead.
[05/11 09:44:15] val_6-way-10-shot_acc: 42.072	0.702
[05/11 09:44:15] val_6-way-10-shot_auroc: 46.117	1.545
[05/11 09:44:15] val_6-way-10-shot_fscore: 31.701	0.655
[05/11 09:44:15] val_6-way-10-shot_tpr@tnr95: 5.173	0.801
[05/11 09:44:15] val_6-way-10-shot_osr: 49.356	0.401
[05/11 09:44:46] 
[05/11 09:44:46] epoch 13/20, iter 5200:
[05/11 09:44:46] train_loss: 0.53809
[05/11 09:44:46] train_acc: 1.000
[05/11 09:44:46] train_auroc: 0.995
[05/11 09:44:52] Summary name val_6-way-10-shot_tpr@tnr95 is illegal; using val_6-way-10-shot_tpr_tnr95 instead.
[05/11 09:44:52] val_6-way-10-shot_acc: 41.917	0.709
[05/11 09:44:52] val_6-way-10-shot_auroc: 46.001	1.543
[05/11 09:44:52] val_6-way-10-shot_fscore: 31.594	0.644
[05/11 09:44:52] val_6-way-10-shot_tpr@tnr95: 5.217	0.799
[05/11 09:44:52] val_6-way-10-shot_osr: 49.344	0.402
[05/11 09:45:22] 
[05/11 09:45:22] epoch 14/20, iter 5600:
[05/11 09:45:22] train_loss: 0.53296
[05/11 09:45:22] train_acc: 1.000
[05/11 09:45:22] train_auroc: 0.995
[05/11 09:45:28] Summary name val_6-way-10-shot_tpr@tnr95 is illegal; using val_6-way-10-shot_tpr_tnr95 instead.
[05/11 09:45:28] val_6-way-10-shot_acc: 41.822	0.711
[05/11 09:45:28] val_6-way-10-shot_auroc: 45.947	1.540
[05/11 09:45:28] val_6-way-10-shot_fscore: 31.624	0.638
[05/11 09:45:28] val_6-way-10-shot_tpr@tnr95: 5.217	0.805
[05/11 09:45:28] val_6-way-10-shot_osr: 49.353	0.402
[05/11 09:45:59] 
[05/11 09:45:59] epoch 15/20, iter 6000:
[05/11 09:45:59] train_loss: 0.52803
[05/11 09:45:59] train_acc: 1.000
[05/11 09:45:59] train_auroc: 0.995
[05/11 09:46:04] Summary name val_6-way-10-shot_tpr@tnr95 is illegal; using val_6-way-10-shot_tpr_tnr95 instead.
[05/11 09:46:04] val_6-way-10-shot_acc: 41.711	0.707
[05/11 09:46:04] val_6-way-10-shot_auroc: 45.859	1.540
[05/11 09:46:04] val_6-way-10-shot_fscore: 31.565	0.641
[05/11 09:46:04] val_6-way-10-shot_tpr@tnr95: 5.150	0.806
[05/11 09:46:04] val_6-way-10-shot_osr: 49.342	0.403
[05/11 09:46:34] 
[05/11 09:46:34] epoch 16/20, iter 6400:
[05/11 09:46:34] train_loss: 0.52327
[05/11 09:46:34] train_acc: 1.000
[05/11 09:46:34] train_auroc: 0.995
[05/11 09:46:40] Summary name val_6-way-10-shot_tpr@tnr95 is illegal; using val_6-way-10-shot_tpr_tnr95 instead.
[05/11 09:46:40] val_6-way-10-shot_acc: 41.683	0.703
[05/11 09:46:40] val_6-way-10-shot_auroc: 45.814	1.535
[05/11 09:46:40] val_6-way-10-shot_fscore: 31.604	0.640
[05/11 09:46:40] val_6-way-10-shot_tpr@tnr95: 5.087	0.807
[05/11 09:46:40] val_6-way-10-shot_osr: 49.299	0.403
[05/11 09:47:10] 
[05/11 09:47:10] epoch 17/20, iter 6800:
[05/11 09:47:10] train_loss: 0.51871
[05/11 09:47:10] train_acc: 1.000
[05/11 09:47:10] train_auroc: 0.995
[05/11 09:47:15] Summary name val_6-way-10-shot_tpr@tnr95 is illegal; using val_6-way-10-shot_tpr_tnr95 instead.
[05/11 09:47:15] val_6-way-10-shot_acc: 41.556	0.706
[05/11 09:47:15] val_6-way-10-shot_auroc: 45.749	1.531
[05/11 09:47:15] val_6-way-10-shot_fscore: 31.575	0.637
[05/11 09:47:15] val_6-way-10-shot_tpr@tnr95: 5.053	0.813
[05/11 09:47:15] val_6-way-10-shot_osr: 49.284	0.406
[05/11 09:47:46] 
[05/11 09:47:46] epoch 18/20, iter 7200:
[05/11 09:47:46] train_loss: 0.51428
[05/11 09:47:46] train_acc: 1.000
[05/11 09:47:46] train_auroc: 0.995
[05/11 09:47:51] Summary name val_6-way-10-shot_tpr@tnr95 is illegal; using val_6-way-10-shot_tpr_tnr95 instead.
[05/11 09:47:51] val_6-way-10-shot_acc: 41.489	0.713
[05/11 09:47:51] val_6-way-10-shot_auroc: 45.717	1.532
[05/11 09:47:51] val_6-way-10-shot_fscore: 31.585	0.640
[05/11 09:47:51] val_6-way-10-shot_tpr@tnr95: 5.113	0.814
[05/11 09:47:51] val_6-way-10-shot_osr: 49.308	0.410
[05/11 09:48:21] 
[05/11 09:48:21] epoch 19/20, iter 7600:
[05/11 09:48:21] train_loss: 0.51107
[05/11 09:48:21] train_acc: 1.000
[05/11 09:48:21] train_auroc: 0.995
[05/11 09:48:27] Summary name val_6-way-10-shot_tpr@tnr95 is illegal; using val_6-way-10-shot_tpr_tnr95 instead.
[05/11 09:48:27] val_6-way-10-shot_acc: 41.506	0.710
[05/11 09:48:27] val_6-way-10-shot_auroc: 45.747	1.533
[05/11 09:48:27] val_6-way-10-shot_fscore: 31.614	0.633
[05/11 09:48:27] val_6-way-10-shot_tpr@tnr95: 5.107	0.815
[05/11 09:48:27] val_6-way-10-shot_osr: 49.322	0.413
[05/11 09:48:58] 
[05/11 09:48:58] epoch 20/20, iter 8000:
[05/11 09:48:58] train_loss: 0.51055
[05/11 09:48:58] train_acc: 1.000
[05/11 09:48:58] train_auroc: 0.995
[05/11 09:49:03] Summary name val_6-way-10-shot_tpr@tnr95 is illegal; using val_6-way-10-shot_tpr_tnr95 instead.
[05/11 09:49:03] val_6-way-10-shot_acc: 41.489	0.713
[05/11 09:49:03] val_6-way-10-shot_auroc: 45.734	1.534
[05/11 09:49:03] val_6-way-10-shot_fscore: 31.585	0.630
[05/11 09:49:03] val_6-way-10-shot_tpr@tnr95: 5.087	0.818
[05/11 09:49:03] val_6-way-10-shot_osr: 49.311	0.417
[05/11 09:49:03] training finished!
[05/11 09:49:03] ------------------------
[05/11 09:49:03] the best epoch is 8/20
[05/11 09:49:03] the best 6-way 10-shot val acc is 47.383
